E/MessageQueue-JNI(10556): 	at android.view.ViewGroup.dispatchTransformedTouchEvent(ViewGroup.java:2399)
E/MessageQueue-JNI(10556): 	at android.view.ViewGroup.dispatchTouchEvent(ViewGroup.java:2092)
E/MessageQueue-JNI(10556): 	at android.view.ViewGroup.dispatchTransformedTouchEvent(ViewGroup.java:2405)
E/MessageQueue-JNI(10556): 	at android.view.ViewGroup.dispatchTouchEvent(ViewGroup.java:2106)
E/MessageQueue-JNI(10556): 	at android.view.ViewGroup.dispatchTransformedTouchEvent(ViewGroup.java:2405)
E/MessageQueue-JNI(10556): 	at android.view.ViewGroup.dispatchTouchEvent(ViewGroup.java:2106)
E/MessageQueue-JNI(10556): 	at android.view.ViewGroup.dispatchTransformedTouchEvent(ViewGroup.java:2405)
E/MessageQueue-JNI(10556): 	at android.view.ViewGroup.dispatchTouchEvent(ViewGroup.java:2106)
E/MessageQueue-JNI(10556): 	at android.view.ViewGroup.dispatchTransformedTouchEvent(ViewGroup.java:2405)
E/MessageQueue-JNI(10556): 	at android.view.ViewGroup.dispatchTouchEvent(ViewGroup.java:2106)
E/MessageQueue-JNI(10556): 	at android.view.ViewGroup.dispatchTransformedTouchEvent(ViewGroup.java:2405)
E/MessageQueue-JNI(10556): 	at android.view.ViewGroup.dispatchTouchEvent(ViewGroup.java:2106)
E/MessageQueue-JNI(10556): 	at android.view.ViewGroup.dispatchTransformedTouchEvent(ViewGroup.java:2405)
E/MessageQueue-JNI(10556): 	at android.view.ViewGroup.dispatchTouchEvent(ViewGroup.java:2106)
E/MessageQueue-JNI(10556): 	at com.android.internal.policy.impl.PhoneWindow$DecorView.superDispatchTouchEvent(PhoneWindow.java:2369)
E/MessageQueue-JNI(10556): 	at com.android.internal.policy.impl.PhoneWindow.superDispatchTouchEvent(PhoneWindow.java:1719)
E/MessageQueue-JNI(10556): 	at android.app.Activity.dispatchTouchEvent(Activity.java:2742)
E/MessageQueue-JNI(10556): 	at android.support.v7.internal.view.WindowCallbackWrapper.dispatchTouchEvent(WindowCallbackWrapper.java:60)
E/MessageQueue-JNI(10556): 	at com.android.internal.policy.impl.PhoneWindow$DecorView.dispatchTouchEvent(PhoneWindow.java:2330)
E/MessageQueue-JNI(10556): 	at android.view.View.dispatchPointerEvent(View.java:8666)
E/MessageQueue-JNI(10556): 	at android.view.ViewRootImpl$ViewPostImeInputStage.processPointerEvent(ViewRootImpl.java:4123)
E/MessageQueue-JNI(10556): 	at android.view.ViewRootImpl$ViewPostImeInputStage.onProcess(ViewRootImpl.java:3989)
E/MessageQueue-JNI(10556): 	at android.view.ViewRootImpl$InputStage.deliver(ViewRootImpl.java:3544)
E/MessageQueue-JNI(10556): 	at android.view.ViewRootImpl$InputStage.onDeliverToNext(ViewRootImpl.java:3597)
E/MessageQueue-JNI(10556): 	at android.view.ViewRootImpl$InputStage.forward(ViewRootImpl.java:3563)
E/MessageQueue-JNI(10556): 	at android.view.ViewRootImpl$AsyncInputStage.forward(ViewRootImpl.java:3680)
E/MessageQueue-JNI(10556): 	at android.view.ViewRootImpl$InputStage.apply(ViewRootImpl.java:3571)
E/MessageQueue-JNI(10556): 	at android.view.ViewRootImpl$AsyncInputStage.apply(ViewRootImpl.java:3737)
E/MessageQueue-JNI(10556): 	at android.view.ViewRootImpl$InputStage.deliver(ViewRootImpl.java:3544)
E/MessageQueue-JNI(10556): 	at android.view.ViewRootImpl$InputStage.onDeliverToNext(ViewRootImpl.java:3597)
E/MessageQueue-JNI(10556): 	at android.view.ViewRootImpl$InputStage.forward(ViewRootImpl.java:3563)
E/MessageQueue-JNI(10556): 	at android.view.ViewRootImpl$InputStage.apply(ViewRootImpl.java:3571)
E/MessageQueue-JNI(10556): 	at android.view.ViewRootImpl$InputStage.deliver(ViewRootImpl.java:3544)
E/MessageQueue-JNI(10556): 	at android.view.ViewRootImpl.deliverInputEvent(ViewRootImpl.java:5807)
E/MessageQueue-JNI(10556): 	at android.view.ViewRootImpl.doProcessInputEvents(ViewRootImpl.java:5781)
E/MessageQueue-JNI(10556): 	at android.view.ViewRootImpl.enqueueInputEvent(ViewRootImpl.java:5752)
E/MessageQueue-JNI(10556): 	at android.view.ViewRootImpl$WindowInputEventReceiver.onInputEvent(ViewRootImpl.java
D/AndroidRuntime(10556): Shutting down VM
E/ACRA    (10556): ACRA caught a ActivityNotFoundException exception for com.muzima. Building report.
D/ACRA    (10556): Using default Report Fields
I/ACRA    (10556): READ_LOGS granted! ACRA can include LogCat and DropBox data.
D/ACRA    (10556): Retrieving logcat output...
D/ACRA    (10556): Writing crash report file 1479142132000.stacktrace.
D/ACRA    (10556): Waiting for Toast + worker...
D/ACRA    (10556): About to create DIALOG from #handleException
D/ACRA    (10556): Creating Dialog for 1479142132000.stacktrace
I/ActivityManager(  469): START u0 {flg=0x10000000 cmp=com.muzima/org.acra.CrashReportDialog (has extras)} from uid 10085 on display 0
V/WindowManager(  469): addAppToken: AppWindowToken{13486a24 token=Token{3d7c92b7 ActivityRecord{18a85b6 u0 com.muzima/org.acra.CrashReportDialog t84}}} to stack=1 task=84 at 0
D/ACRA    (10556): Wait for Toast + worker ended. Kill Application ? true
E/ACRA    (10556): com.muzima fatal error : Unable to find explicit activity class {com.muzima/com.muzima.view.HelpActivityAction}; have you declared this activity in your AndroidManifest.xml?
E/ACRA    (10556): android.content.ActivityNotFoundException: Unable to find explicit activity class {com.muzima/com.muzima.view.HelpActivityAction}; have you declared this activity in your AndroidManifest.xml?
E/ACRA    (10556): 	at android.app.Instrumentation.checkStartActivityResult(Instrumentation.java:1777)
E/ACRA    (10556): 	at android.app.Instrumentation.execStartActivity(Instrumentation.java:1501)
E/ACRA    (10556): 	at android.app.Activity.startActivityForResult(Activity.java:3745)
E/ACRA    (10556): 	at android.app.Activity.startActivityForResult(Activity.java:3706)
E/ACRA    (10556): 	at android.support.v4.app.FragmentActivity.startActivityForResult(FragmentActivity.java:748)
E/ACRA    (10556): 	at android.app.Activity.startActivity(Activity.java:4016)
E/ACRA    (10556): 	at android.app.Activity.startActivity(Activity.java:3984)
E/ACRA    (10556): 	at com.muzima.view.HelpActivity$2.onChildClick(HelpActivity.java:175)
E/ACRA    (10556): 	at android.widget.ExpandableListView.handleItemClick(ExpandableListView.java:716)
E/ACRA    (10556): 	at android.widget.ExpandableListView.performItemClick(ExpandableListView.java:655)
E/ACRA    (10556): 	at android.widget.AbsListView$PerformClick.run(AbsListView.java:3053)
E/ACRA    (10556): 	at android.widget.AbsListView.onTouchUp(AbsListView.java:3872)
E/ACRA    (10556): 	at android.widget.AbsListView.onTouchEvent(AbsListView.java:3637)
E/ACRA    (10556): 	at android.view.View.dispatchTouchEvent(View.java:8471)
E/ACRA    (10556): 	at android.view.ViewGroup.dispatchTransformedTouchEvent(ViewGroup.java:2399)
E/ACRA    (10556): 	at android.view.ViewGroup.dispatchTouchEvent(ViewGroup.java:2092)
E/ACRA    (10556): 	at android.view.ViewGroup.dispatchTransformedTouchEvent(ViewGroup.java:2405)
E/ACRA    (10556): 	at android.view.ViewGroup.dispatchTouchEvent(ViewGroup.java:2106)
E/ACRA    (10556): 	at android.view.ViewGroup.dispatchTransformedTouchEvent(ViewGroup.java:2405)
E/ACRA    (10556): 	at android.view.ViewGroup.dispatchTouchEvent(ViewGroup.java:2106)
E/ACRA    (10556): 	at android.view.ViewGroup.dispatchTransformedTouchEvent(ViewGroup.java:2405)
E/ACRA    (10556): 	at android.view.ViewGroup.dispatchTouchEvent(ViewGroup.java:2106)
E/ACRA    (10556): 	at android.view.ViewGroup.dispatchTransformedTouchEvent(ViewGroup.java:2405)
E/ACRA    (10556): 	at android.view.ViewGroup.dispatchTouchEvent(ViewGroup.java:2106)
E/ACRA    (10556): 	at android.view.ViewGroup.dispatchTransformedTouchEvent(ViewGroup.java:2405)
E/ACRA    (10556): 	at android.view.ViewGroup.dispatchTouchEvent(ViewGroup.java:2106)
E/ACRA    (10556): 	at android.view.ViewGroup.dispatchTransformedTouchEvent(ViewGroup.java:2405)
E/ACRA    (10556): 	at android.view.ViewGroup.dispatchTouchEvent(ViewGroup.java:2106)
E/ACRA    (10556): 	at com.android.internal.policy.impl.PhoneWindow$DecorView.superDispatchTouchEvent(PhoneWindow.java:2369)
E/ACRA    (10556): 	at com.android.internal.policy.impl.PhoneWindow.superDispatchTouchEvent(PhoneWindow.java:1719)
E/ACRA    (10556): 	at android.app.Activity.dispatchTouchEvent(Activity.java:2742)
E/ACRA    (10556): 	at android.support.v7.internal.view.WindowCallbackWrapper.dispatchTouchEvent(WindowCallbackWrapper.java:60)
E/ACRA    (10556): 	at com.android.internal.policy.impl.PhoneWindow$DecorView.dispatchTouchEvent(PhoneWindow.java:2330)
E/ACRA    (10556): 	at android.view.View.dispatchPointerEvent(View.java:8666)
E/ACRA    (10556): 	at android.view.ViewRootImpl$ViewPostImeInputStage.processPointerEvent(ViewRootImpl.java:4123)
E/ACRA    (10556): 	at android.view.ViewRootImpl$ViewPostImeInputStage.onProcess(ViewRootImpl.java:3989)
E/ACRA    (10556): 	at android.view.ViewRootImpl$InputStage.deliver(ViewRootImpl.java:3544)
E/ACRA    (10556): 	at android.view.ViewRootImpl$InputStage.onDeliverToNext(ViewRootImpl.java:3597)
E/ACRA    (10556): 	at android.view.ViewRootImpl$InputStage.forward(ViewRootImpl.java:3563)
E/ACRA    (10556): 	at android.view.ViewRootImpl$AsyncInputStage.forward(ViewRootImpl.java:3680)
E/ACRA    (10556): 	at android.view.ViewRootImpl$InputStage.apply(ViewRootImpl.java:3571)
E/ACRA    (10556): 	at android.view.ViewRootImpl$AsyncInputStage.apply(ViewRootImpl.java:3737)
E/ACRA    (10556): 	at android.view.ViewRootImpl$InputStage.deliver(ViewRootImpl.java:3544)
E/ACRA    (10556): 	at android.view.ViewRootImpl$InputStage.onDeliverToNext(ViewRootImpl.java:3597)
E/ACRA    (10556): 	at android.view.ViewRootImpl$InputStage.forward(ViewRootImpl.java:3563)
E/ACRA    (10556): 	at android.view.ViewRootImpl$InputStage.apply(ViewRootImpl.java:3571)
E/ACRA    (10556): 	at android.view.ViewRootImpl$InputStage.deliver(ViewRootImpl.java:3544)
E/ACRA    (10556): 	at android.view.ViewRootImpl.deliverInputEvent(ViewRootImpl.java:5807)
E/ACRA    (10556): 	at android.view.ViewRootImpl.doProcessInputEvents(ViewRootImpl.java:5
I/ACRA    (10556): Finishing the last Activity prior to killing the Process
I/ACRA    (10556): Finished class com.muzima.view.HelpActivity
I/Process (10556): Sending signal. PID: 10556 SIG: 9
I/WindowState(  469): WIN DEATH: Window{cf4ec28 u0 com.muzima/org.acra.CrashReportDialog EXITING}
I/WindowState(  469): WIN DEATH: Window{3607d93a u0 com.muzima/com.muzima.view.HelpActivity}
W/InputDispatcher(  469): channel '1235f98a com.muzima/com.muzima.view.MainActivity (server)' ~ Consumer closed input channel or an error occurred.  events=0x9
E/InputDispatcher(  469): channel '1235f98a com.muzima/com.muzima.view.MainActivity (server)' ~ Channel is unrecoverably broken and will be disposed!
I/WindowState(  469): WIN DEATH: Window{1235f98a u0 com.muzima/com.muzima.view.MainActivity}
W/InputDispatcher(  469): Attempted to unregister already unregistered input channel '1235f98a com.muzima/com.muzima.view.MainActivity (server)'
I/ActivityManager(  469): Process com.muzima (pid 10556) has died
I/art     (10658): Late-enabling -Xcheck:jni
I/ActivityManager(  469): Start proc 10658:com.muzima/u0a85 for activity com.muzima/org.acra.CrashReportDialog
D/ACRA    (10658): ACRA is enabled for com.muzima, intializing...
D/ACRA    (10658): Looking for error files in /data/data/com.muzima/files
D/ACRA    (10658): Looking for error files in /data/data/com.muzima/files
D/ACRA    (10658): Looking for error files in /data/data/com.muzima/files
W/nalizableReferenceQueue(10658): Could not load Finalizer in its own class loader. Loading Finalizer in the current class loader instead. As a result, you will not be able to garbage collect this class loader. To support reclaiming this class loader, either resolve the underlying issue, or move Google Collections to your system class path.
W/nalizableReferenceQueue(10658): java.io.FileNotFoundException: com/google/inject/internal/util/$Finalizer.class
W/nalizableReferenceQueue(10658): 	at com.google.inject.internal.util.$FinalizableReferenceQueue$DecoupledLoader.getBaseUrl(FinalizableReferenceQueue.java:269)
W/nalizableReferenceQueue(10658): 	at com.google.inject.internal.util.$FinalizableReferenceQueue$DecoupledLoader.loadFinalizer(FinalizableReferenceQueue.java:253)
W/nalizableReferenceQueue(10658): 	at com.google.inject.internal.util.$FinalizableReferenceQueue.loadFinalizer(FinalizableReferenceQueue.java:175)
W/nalizableReferenceQueue(10658): 	at com.google.inject.internal.util.$FinalizableReferenceQueue.<clinit>(FinalizableReferenceQueue.java:100)
W/nalizableReferenceQueue(10658): 	at com.google.inject.internal.util.$MapMaker$QueueHolder.<clinit>(MapMaker.java:787)
W/nalizableReferenceQueue(10658): 	at com.google.inject.internal.util.$MapMaker$WeakEntry.<init>(MapMaker.java:946)
W/nalizableReferenceQueue(10658): 	at com.google.inject.internal.util.$MapMaker$Strength$1.newEntry(MapMaker.java:312)
W/nalizableReferenceQueue(10658): 	at com.google.inject.internal.util.$MapMaker$StrategyImpl.newEntry(MapMaker.java:498)
W/nalizableReferenceQueue(10658): 	at com.google.inject.internal.util.$MapMaker$StrategyImpl.newEntry(MapMaker.java:419)
W/nalizableReferenceQueue(10658): 	at com.google.inject.internal.util.$CustomConcurrentHashMap$ComputingImpl.get(CustomConcurrentHashMap.java:2029)
W/nalizableReferenceQueue(10658): 	at com.google.inject.internal.Annotations$AnnotationChecker.hasAnnotations(Annotations.java:116)
W/nalizableReferenceQueue(10658): 	at com.google.inject.internal.Annotations.isBindingAnnotation(Annotations.java:180)
W/nalizableReferenceQueue(10658): 	at com.google.inject.Key.ensureIsBindingAnnotation(Key.java:366)
W/nalizableReferenceQueue(10658): 	at com.google.inject.Key.strategyFor(Key.java:338)
W/nalizableReferenceQueue(10658): 	at com.google.inject.Key.get(Key.java:272)
W/nalizableReferenceQueue(10658): 	at com.google.inject.internal.AbstractBindingBuilder.annotatedWithInternal(AbstractBindingBuilder.java:82)
W/nalizableReferenceQueue(10658): 	at com.google.inject.internal.BindingBuilder.annotatedWith(BindingBuilder.java:54)
W/nalizableReferenceQueue(10658): 	at com.google.inject.internal.BindingBuilder.annotatedWith(BindingBuilder.java:41)
W/nalizableReferenceQueue(10658): 	at com.muzima.api.module.MuzimaModule.configure(MuzimaModule.java:89)
W/nalizableReferenceQueue(10658): 	at com.google.inject.AbstractModule.configure(AbstractModule.java:59)
W/nalizableReferenceQueue(10658): 	at com.google.inject.spi.Elements$RecordingBinder.install(Elements.java:223)
W/nalizableReferenceQueue(10658): 	at com.google.inject.spi.Elements.getElements(Elements.java:101)
W/nalizableReferenceQueue(10658): 	at com.google.inject.internal.InjectorShell$Builder.build(InjectorShell.java:133)
W/nalizableReferenceQueue(10658): 	at com.google.inject.internal.InternalInjectorCreator.build(InternalInjectorCreator.java:103)
W/nalizableReferenceQueue(10658): 	at com.google.inject.Guice.createInjector(Guice.java:95)
W/nalizableReferenceQueue(10658): 	at com.google.inject.Guice.createInjector(Guice.java:72)
W/nalizableReferenceQueue(10658): 	at com.google.inject.Guice.createInjector(Guice.java:62)
W/nalizableReferenceQueue(10658): 	at com.muzima.api.context.ContextFactory.createContext(ContextFactory.java:110)
W/nalizableReferenceQueue(10658): 	at com.muzima.MuzimaApplication.onCreate(MuzimaApplication.java:145)
W/nalizableReferenceQueue(10658): 	at android.app.Instrumentation.callApplicationOnCreate(Instrumentation.java:1012)
W/nalizableReferenceQueue(10658): 	at android.app.ActivityThread.handleBindApplication(ActivityThread.java:4553)
W/nalizableReferenceQueue(10658): 	at android.app.ActivityThread.access$1500(ActivityThread.java:151)
W/nalizableReferenceQueue(10658): 	at android.app.ActivityThread$H.handleMessage(ActivityThread.java:1364)
W/nalizableReferenceQueue(10658): 	at android.os.Handler.dispatchMessage(Handler.java:102)
W/nalizableReferenceQueue(10658): 	at android.os.Looper.loop(Looper.java:135)
W/nalizableReferenceQueue(10658): 	at android.app.ActivityThread.main(ActivityThread.java:5254)
W/nalizableReferenceQueue(10658): 	at java.lang.reflect.Method.invoke(Native Method)
W/nalizableReferenceQueue(10658): 	at java.lang.reflect.Method.invoke(Method.java:372)
W/nalizableReferenceQueue(10658): 	at com.android.internal.os.ZygoteInit$MethodAndArgsCaller.run(ZygoteInit.java:903)
W/nalizableReferenceQueue(10658): 	at com.android.internal.os.ZygoteInit.main(ZygoteInit.java:698)
W/System.err(10658): SLF4J: Failed to load class "org.slf4j.impl.StaticLoggerBinder".
W/System.err(10658): SLF4J: Defaulting to no-operation (NOP) logger implementation
W/System.err(10658): SLF4J: See http://www.slf4j.org/codes.html#StaticLoggerBinder for further details.
I/DownloadManagerWrapper(  924): onReceive() : Charging = true
I/Disclaimer(10658): Disclaimer is accepted: true
I/ActivityManager(  469): START u0 {flg=0x14000000 cmp=com.muzima/.view.login.LoginActivity (has extras)} from uid 10085 on display 0
V/WindowManager(  469): addAppToken: AppWindowToken{3fb40490 token=Token{abda353 ActivityRecord{3f314742 u0 com.muzima/.view.login.LoginActivity t83}}} to stack=1 task=83 at 1
D/ACRA    (10658): Opening CrashReportDialog for 1479142132000.stacktrace
D/OpenGLRenderer(10658): Use EGL_SWAP_BEHAVIOR_PRESERVED: false
D/Atlas   (10658): Validating map...
V/WindowManager(  469): Adding window Window{1afcd9bc u0 com.muzima/org.acra.CrashReportDialog} at 4 of 15 (after Window{cf4ec28 u0 com.muzima/org.acra.CrashReportDialog EXITING})
V/WindowManager(  469): Adding window Window{1847c9a u0 com.muzima/org.acra.CrashReportDialog} at 4 of 16 (before Window{1afcd9bc u0 com.muzima/org.acra.CrashReportDialog})
I/art     (10658): Background sticky concurrent mark sweep GC freed 76273(2MB) AllocSpace objects, 0(0B) LOS objects, 22% free, 10MB/13MB, paused 37.335ms total 91.025ms
D/libEGL  (10658): loaded /system/lib/egl/libEGL_tegra.so
D/libEGL  (10658): loaded /system/lib/egl/libGLESv1_CM_tegra.so
D/libEGL  (10658): loaded /system/lib/egl/libGLESv2_tegra.so
I/OpenGLRenderer(10658): Initialized EGL, version 1.4
D/OpenGLRenderer(10658): Enabling debug mode 0
V/WindowManager(  469): Adding window Window{19dc866 u0 com.muzima/com.muzima.view.login.LoginActivity} at 6 of 18 (after Window{1afcd9bc u0 com.muzima/org.acra.CrashReportDialog})
V/RenderScript(10658): 0x6b006988 Launching thread(s), CPUs 4
I/ActivityManager(  469): Displayed com.muzima/.view.login.LoginActivity: +397ms (total +1s979ms)
W/InputMethodManagerService(  469): Got RemoteException sending setActive(false) notification to pid 10556 uid 10085
I/ClearcutLoggerManager(  924): onStartInput()
I/ClearcutLoggerManager(  924): onFinishInput()
I/ClearcutLoggerManager(  924): onStartInput()
I/LatinIme(  924): initialize() : Language = en-US
I/LatinIme(  924): onActivate() : EditorInfo = Package = com.muzima : Type = Text : Learning = Disable : Suggestion = Show : AutoCorrection = Disable : Microphone = Show
W/InputConnectionWrapper(  924): Fixing selection indices to 0, 0
I/LatinMotionHandler(  924): consumeEvent() : GestureTypingEnabled = true
I/ClearcutLoggerManager(  924): onConnected()
D/UsbDebuggingManager(  469): Received public key: QAAAAAdt+hJJj9ByjGBZmkpGT9YSsQLhl4HyKRN25l+l9cOYh8MyjrHQZir0fY58Gch4yZiaEyjPzQkyBjl3nHIfIVDI26esymUHwGESEO2ONkQOCOTa4j8uNrNMG872wp/qPCukavjlGajVdVOgEzEsEx0FIWx23972+A9PyrCXPgblAvSqWG976+4fjD+90+ELAVwp9vzO8OsXP6MuzOzHVW2wjmbmHYqhfbAZiULLh0tAEqF+YJ+BZa1NBbhf+Ea2NNeMQ5uH+mJxviP+wds9OdDz7G8/Dh3KlH5rSGZGt5q7VWMpYK2XpX488ePRZx9R4h+hG3sE2s5hfV75OnqTocgfqZvSVwKEEAOGUFx1QeurW9zYL1PlZc2soM6cd68qKfBH/f7CZPldBa0q31k0yW5ht/aMOScdMtQA8/OZ5jYmGMXdceg/UUbvLugBGGHvvumShcB9n6iynlDFlS865EgIhMrwZqE9jkn7hN8Jov9ft1USP/jEaH7ot5S1y2Gqx+WyBYYXuM0t2GShPp2VTJmUhpwzbcechENFep/udkGrbtE/maXmGVyIexN592Y9BZZraCClbWY/T9/MpsDU4S1JHKHLEUgtseXlS2KwEMdO6k33xsKksla7prNuANM5r7lThnzawJCfA1jIUve0R2JMVk5euDeBAfn7TCLSwt7rWOA3RgEAAQA= root@Aspire-E1-570
W/ContextImpl(  469): Calling a method in the system process without a qualified user: android.app.ContextImpl.startActivity:1224 com.android.server.usb.UsbDebuggingManager.startConfirmationActivity:282 com.android.server.usb.UsbDebuggingManager.startConfirmation:264 com.android.server.usb.UsbDebuggingManager.access$900:49 com.android.server.usb.UsbDebuggingManager$UsbDebuggingHandler.handleMessage:216 
W/ContextImpl(  469): Calling a method in the system process without a qualified user: android.app.ContextImpl.startActivity:1236 android.app.ContextImpl.startActivity:1225 com.android.server.usb.UsbDebuggingManager.startConfirmationActivity:282 com.android.server.usb.UsbDebuggingManager.startConfirmation:264 com.android.server.usb.UsbDebuggingManager.access$900:49 
I/ActivityManager(  469): START u0 {flg=0x10000000 cmp=com.android.systemui/.usb.UsbDebuggingActivity (has extras)} from uid 1000 on display 0
V/WindowManager(  469): addAppToken: AppWindowToken{12cf1bbb token=Token{2ac5404a ActivityRecord{2fc7f1b5 u0 com.android.systemui/.usb.UsbDebuggingActivity t85}}} to stack=1 task=85 at 0
V/WindowManager(  469): Adding window Window{226bca84 u0 com.android.systemui/com.android.systemui.usb.UsbDebuggingActivity} at 7 of 19 (after Window{19dc866 u0 com.muzima/com.muzima.view.login.LoginActivity})
I/ActivityManager(  469): Displayed com.android.systemui/.usb.UsbDebuggingActivity: +90ms
W/ResourceType(  704): No package identifier when getting value for resource number 0x00000000
W/PackageManager(  704): Failure retrieving resources for com.muzima: Resource ID #0x0
E/WifiStateMachine(  469): WifiStateMachine CMD_START_SCAN source -2 txSuccessRate=0.34 rxSuccessRate=4.45 targetRoamBSSID=00:00:00:00:00:00 RSSI=-67
E/WifiStateMachine(  469): WifiStateMachine L2Connected CMD_START_SCAN source -2 452, 453 -> obsolete
D/TaskPersister(  469): removeObsoleteFile: deleting file=81_task_thumbnail.png
W/InputMethodManagerService(  469): Window already focused, ignoring focus gain of: com.android.internal.view.IInputMethodClient$Stub$Proxy@3439f2ee attribute=null, token = android.os.BinderProxy@1c6358c1
D/OpenGLRenderer(  704): endAllStagingAnimators on 0x6b597f00 (RippleDrawable) with handle 0x6c1a2d90
D/ConnectivityService(  469): updateNetworkScore for NetworkAgentInfo [WIFI () - 101] to 56
D/ConnectivityService(  469): rematching NetworkAgentInfo [WIFI () - 101]
D/ConnectivityService(  469): Network NetworkAgentInfo [WIFI () - 101] was already satisfying request 1. No change.
D/ConnectivityService(  469): notifyType AVAILABLE for NetworkAgentInfo [WIFI () - 101]
D/ConnectivityManager.CallbackHandler(  704): CM callback handler got msg 524290
D/ConnectivityManager.CallbackHandler( 1541): CM callback handler got msg 524290
D/ConnectivityManager.CallbackHandler(16598): CM callback handler got msg 524290
I/art     (10658): Debugger is no longer active
D/UsbDebuggingManager(  469): Received public key: QAAAAAdt+hJJj9ByjGBZmkpGT9YSsQLhl4HyKRN25l+l9cOYh8MyjrHQZir0fY58Gch4yZiaEyjPzQkyBjl3nHIfIVDI26esymUHwGESEO2ONkQOCOTa4j8uNrNMG872wp/qPCukavjlGajVdVOgEzEsEx0FIWx23972+A9PyrCXPgblAvSqWG976+4fjD+90+ELAVwp9vzO8OsXP6MuzOzHVW2wjmbmHYqhfbAZiULLh0tAEqF+YJ+BZa1NBbhf+Ea2NNeMQ5uH+mJxviP+wds9OdDz7G8/Dh3KlH5rSGZGt5q7VWMpYK2XpX488ePRZx9R4h+hG3sE2s5hfV75OnqTocgfqZvSVwKEEAOGUFx1QeurW9zYL1PlZc2soM6cd68qKfBH/f7CZPldBa0q31k0yW5ht/aMOScdMtQA8/OZ5jYmGMXdceg/UUbvLugBGGHvvumShcB9n6iynlDFlS865EgIhMrwZqE9jkn7hN8Jov9ft1USP/jEaH7ot5S1y2Gqx+WyBYYXuM0t2GShPp2VTJmUhpwzbcechENFep/udkGrbtE/maXmGVyIexN592Y9BZZraCClbWY/T9/MpsDU4S1JHKHLEUgtseXlS2KwEMdO6k33xsKksla7prNuANM5r7lThnzawJCfA1jIUve0R2JMVk5euDeBAfn7TCLSwt7rWOA3RgEAAQA= root@Aspire-E1-570
W/ContextImpl(  469): Calling a method in the system process without a qualified user: android.app.ContextImpl.startActivity:1224 com.android.server.usb.UsbDebuggingManager.startConfirmationActivity:282 com.android.server.usb.UsbDebuggingManager.startConfirmation:264 com.android.server.usb.UsbDebuggingManager.access$900:49 com.android.server.usb.UsbDebuggingManager$UsbDebuggingHandler.handleMessage:216 
W/ContextImpl(  469): Calling a method in the system process without a qualified user: android.app.ContextImpl.startActivity:1236 android.app.ContextImpl.startActivity:1225 com.android.server.usb.UsbDebuggingManager.startConfirmationActivity:282 com.android.server.usb.UsbDebuggingManager.startConfirmation:264 com.android.server.usb.UsbDebuggingManager.access$900:49 
I/ActivityManager(  469): START u0 {flg=0x10000000 cmp=com.android.systemui/.usb.UsbDebuggingActivity (has extras)} from uid 1000 on display 0
V/WindowManager(  469): addAppToken: AppWindowToken{d7a69ab token=Token{3564ffa ActivityRecord{99b225 u0 com.android.systemui/.usb.UsbDebuggingActivity t86}}} to stack=1 task=86 at 0
V/WindowManager(  469): Adding window Window{1f18dcb4 u0 com.android.systemui/com.android.systemui.usb.UsbDebuggingActivity} at 7 of 18 (after Window{19dc866 u0 com.muzima/com.muzima.view.login.LoginActivity})
I/ActivityManager(  469): Displayed com.android.systemui/.usb.UsbDebuggingActivity: +109ms
E/WifiStateMachine(  469): WifiStateMachine CMD_START_SCAN source -2 txSuccessRate=0.17 rxSuccessRate=1.93 targetRoamBSSID=00:00:00:00:00:00 RSSI=-74
E/WifiStateMachine(  469): WifiStateMachine starting scan for "Marisa A"WPA_PSK with 2437,2462
W/ResourceType(  704): No package identifier when getting value for resource number 0x00000000
W/PackageManager(  704): Failure retrieving resources for com.muzima: Resource ID #0x0
W/InputMethodManagerService(  469): Window already focused, ignoring focus gain of: com.android.internal.view.IInputMethodClient$Stub$Proxy@3dddcdd9 attribute=null, token = android.os.BinderProxy@1c6358c1
D/OpenGLRenderer(  704): endAllStagingAnimators on 0x6b8b1648 (RippleDrawable) with handle 0x6b3d29c8
D/TaskPersister(  469): removeObsoleteFile: deleting file=85_task_thumbnail.png
D/ConnectivityService(  469): updateNetworkScore for NetworkAgentInfo [WIFI () - 101] to 60
D/ConnectivityService(  469): rematching NetworkAgentInfo [WIFI () - 101]
D/ConnectivityService(  469): Network NetworkAgentInfo [WIFI () - 101] was already satisfying request 1. No change.
D/ConnectivityService(  469): notifyType AVAILABLE for NetworkAgentInfo [WIFI () - 101]
D/ConnectivityManager.CallbackHandler(  704): CM callback handler got msg 524290
D/ConnectivityManager.CallbackHandler(16598): CM callback handler got msg 524290
D/ConnectivityManager.CallbackHandler( 1541): CM callback handler got msg 524290
E/WifiStateMachine(  469): WifiStateMachine CMD_START_SCAN source -2 txSuccessRate=1.00 rxSuccessRate=5.85 targetRoamBSSID=00:00:00:00:00:00 RSSI=-69
D/omnistore( 9698): DebouncingRateLimiter attempting event SyncProtocol::onConnectionEstablished
D/omnistore( 9698): Event not rate limited: SyncProtocol::onConnectionEstablished
D/omnistore( 9698): SyncProtocol calling onConnectionEstablished callbacks
D/omnistore( 9698): SendQueue::onConnectionEstablished: sending 0 transaction(s)
D/omnistore( 9698): Start integrity check process
D/omnistore( 9698): SubscriptionManager::onConnectionEstablished is called back
I/omnistore( 9698): SubscriptionManager skipping connect message.
E/WifiStateMachine(  469): WifiStateMachine CMD_START_SCAN source -2 txSuccessRate=0.50 rxSuccessRate=0.47 targetRoamBSSID=00:00:00:00:00:00 RSSI=-69
E/WifiStateMachine(  469): WifiStateMachine starting scan for "Marisa A"WPA_PSK with 2437,2462
D/ConnectivityService(  469): updateNetworkScore for NetworkAgentInfo [WIFI () - 101] to 57
D/ConnectivityService(  469): rematching NetworkAgentInfo [WIFI () - 101]
D/ConnectivityService(  469): Network NetworkAgentInfo [WIFI () - 101] was already satisfying request 1. No change.
D/ConnectivityService(  469): notifyType AVAILABLE for NetworkAgentInfo [WIFI () - 101]
D/ConnectivityManager.CallbackHandler(  704): CM callback handler got msg 524290
D/ConnectivityManager.CallbackHandler( 1541): CM callback handler got msg 524290
D/ConnectivityManager.CallbackHandler(16598): CM callback handler got msg 524290
I/DownloadManagerWrapper(  924): onReceive() : Charging = true
W/ProcessCpuTracker(  469): Skipping unknown process pid 10827
W/ProcessCpuTracker(  469): Skipping unknown process pid 10830
W/ProcessCpuTracker(  469): Skipping unknown process pid 10840
E/WifiStateMachine(  469): WifiStateMachine CMD_START_SCAN source -2 txSuccessRate=0.00 rxSuccessRate=1.61 targetRoamBSSID=00:00:00:00:00:00 RSSI=-69
E/WifiStateMachine(  469): WifiStateMachine starting scan for "Marisa A"WPA_PSK with 2437,2462
E/WifiStateMachine(  469): WifiStateMachine CMD_START_SCAN source -2 txSuccessRate=0.00 rxSuccessRate=0.32 targetRoamBSSID=00:00:00:00:00:00 RSSI=-68
E/WifiStateMachine(  469): WifiStateMachine starting scan for "Marisa A"WPA_PSK with 2437,2462
I/art     (10658): Debugger is no longer active
D/MtpService(  670): updating state; isCurrentUser=true, mMtpLocked=false
D/MtpService(  670): addStorageLocked 65537 /storage/emulated/0
D/MtpService(  670): updating state; isCurrentUser=true, mMtpLocked=false
D/MtpService(  670): starting MTP server in MTP mode
D/MtpService(  670): addStorageLocked 65537 /storage/emulated/0
D/UsbDebuggingManager(  469): Received public key: QAAAAAdt+hJJj9ByjGBZmkpGT9YSsQLhl4HyKRN25l+l9cOYh8MyjrHQZir0fY58Gch4yZiaEyjPzQkyBjl3nHIfIVDI26esymUHwGESEO2ONkQOCOTa4j8uNrNMG872wp/qPCukavjlGajVdVOgEzEsEx0FIWx23972+A9PyrCXPgblAvSqWG976+4fjD+90+ELAVwp9vzO8OsXP6MuzOzHVW2wjmbmHYqhfbAZiULLh0tAEqF+YJ+BZa1NBbhf+Ea2NNeMQ5uH+mJxviP+wds9OdDz7G8/Dh3KlH5rSGZGt5q7VWMpYK2XpX488ePRZx9R4h+hG3sE2s5hfV75OnqTocgfqZvSVwKEEAOGUFx1QeurW9zYL1PlZc2soM6cd68qKfBH/f7CZPldBa0q31k0yW5ht/aMOScdMtQA8/OZ5jYmGMXdceg/UUbvLugBGGHvvumShcB9n6iynlDFlS865EgIhMrwZqE9jkn7hN8Jov9ft1USP/jEaH7ot5S1y2Gqx+WyBYYXuM0t2GShPp2VTJmUhpwzbcechENFep/udkGrbtE/maXmGVyIexN592Y9BZZraCClbWY/T9/MpsDU4S1JHKHLEUgtseXlS2KwEMdO6k33xsKksla7prNuANM5r7lThnzawJCfA1jIUve0R2JMVk5euDeBAfn7TCLSwt7rWOA3RgEAAQA= root@Aspire-E1-570
W/ContextImpl(  469): Calling a method in the system process without a qualified user: android.app.ContextImpl.startActivity:1224 com.android.server.usb.UsbDebuggingManager.startConfirmationActivity:282 com.android.server.usb.UsbDebuggingManager.startConfirmation:264 com.android.server.usb.UsbDebuggingManager.access$900:49 com.android.server.usb.UsbDebuggingManager$UsbDebuggingHandler.handleMessage:216 
W/ContextImpl(  469): Calling a method in the system process without a qualified user: android.app.ContextImpl.startActivity:1236 android.app.ContextImpl.startActivity:1225 com.android.server.usb.UsbDebuggingManager.startConfirmationActivity:282 com.android.server.usb.UsbDebuggingManager.startConfirmation:264 com.android.server.usb.UsbDebuggingManager.access$900:49 
I/ActivityManager(  469): START u0 {flg=0x10000000 cmp=com.android.systemui/.usb.UsbDebuggingActivity (has extras)} from uid 1000 on display 0
V/WindowManager(  469): addAppToken: AppWindowToken{1d1d804e token=Token{a40df49 ActivityRecord{ec8c150 u0 com.android.systemui/.usb.UsbDebuggingActivity t87}}} to stack=1 task=87 at 0
V/WindowManager(  469): Adding window Window{14d6198b u0 com.android.systemui/com.android.systemui.usb.UsbDebuggingActivity} at 7 of 18 (after Window{19dc866 u0 com.muzima/com.muzima.view.login.LoginActivity})
I/ActivityManager(  469): Displayed com.android.systemui/.usb.UsbDebuggingActivity: +111ms
W/ResourceType(  704): No package identifier when getting value for resource number 0x00000000
W/PackageManager(  704): Failure retrieving resources for com.muzima: Resource ID #0x0
D/TaskPersister(  469): removeObsoleteFile: deleting file=86_task_thumbnail.png
W/InputMethodManagerService(  469): Window already focused, ignoring focus gain of: com.android.internal.view.IInputMethodClient$Stub$Proxy@2548c514 attribute=null, token = android.os.BinderProxy@1c6358c1
D/OpenGLRenderer(  704): endAllStagingAnimators on 0x6c4562c0 (RippleDrawable) with handle 0x6b2f8700
I/art     (10658): Debugger is no longer active
D/ConnectivityService(  469): updateNetworkScore for NetworkAgentInfo [WIFI () - 101] to 52
D/ConnectivityService(  469): rematching NetworkAgentInfo [WIFI () - 101]
D/ConnectivityService(  469): Network NetworkAgentInfo [WIFI () - 101] was already satisfying request 1. No change.
D/ConnectivityService(  469): notifyType AVAILABLE for NetworkAgentInfo [WIFI () - 101]
D/ConnectivityManager.CallbackHandler(  704): CM callback handler got msg 524290
D/ConnectivityManager.CallbackHandler( 1541): CM callback handler got msg 524290
D/ConnectivityManager.CallbackHandler(16598): CM callback handler got msg 524290
D/UsbDebuggingManager(  469): Received public key: QAAAAAdt+hJJj9ByjGBZmkpGT9YSsQLhl4HyKRN25l+l9cOYh8MyjrHQZir0fY58Gch4yZiaEyjPzQkyBjl3nHIfIVDI26esymUHwGESEO2ONkQOCOTa4j8uNrNMG872wp/qPCukavjlGajVdVOgEzEsEx0FIWx23972+A9PyrCXPgblAvSqWG976+4fjD+90+ELAVwp9vzO8OsXP6MuzOzHVW2wjmbmHYqhfbAZiULLh0tAEqF+YJ+BZa1NBbhf+Ea2NNeMQ5uH+mJxviP+wds9OdDz7G8/Dh3KlH5rSGZGt5q7VWMpYK2XpX488ePRZx9R4h+hG3sE2s5hfV75OnqTocgfqZvSVwKEEAOGUFx1QeurW9zYL1PlZc2soM6cd68qKfBH/f7CZPldBa0q31k0yW5ht/aMOScdMtQA8/OZ5jYmGMXdceg/UUbvLugBGGHvvumShcB9n6iynlDFlS865EgIhMrwZqE9jkn7hN8Jov9ft1USP/jEaH7ot5S1y2Gqx+WyBYYXuM0t2GShPp2VTJmUhpwzbcechENFep/udkGrbtE/maXmGVyIexN592Y9BZZraCClbWY/T9/MpsDU4S1JHKHLEUgtseXlS2KwEMdO6k33xsKksla7prNuANM5r7lThnzawJCfA1jIUve0R2JMVk5euDeBAfn7TCLSwt7rWOA3RgEAAQA= root@Aspire-E1-570
W/ContextImpl(  469): Calling a method in the system process without a qualified user: android.app.ContextImpl.startActivity:1224 com.android.server.usb.UsbDebuggingManager.startConfirmationActivity:282 com.android.server.usb.UsbDebuggingManager.startConfirmation:264 com.android.server.usb.UsbDebuggingManager.access$900:49 com.android.server.usb.UsbDebuggingManager$UsbDebuggingHandler.handleMessage:216 
W/ContextImpl(  469): Calling a method in the system process without a qualified user: android.app.ContextImpl.startActivity:1236 android.app.ContextImpl.startActivity:1225 com.android.server.usb.UsbDebuggingManager.startConfirmationActivity:282 com.android.server.usb.UsbDebuggingManager.startConfirmation:264 com.android.server.usb.UsbDebuggingManager.access$900:49 
I/ActivityManager(  469): START u0 {flg=0x10000000 cmp=com.android.systemui/.usb.UsbDebuggingActivity (has extras)} from uid 1000 on display 0
V/WindowManager(  469): addAppToken: AppWindowToken{35032cb9 token=Token{20771e80 ActivityRecord{2ef62f03 u0 com.android.systemui/.usb.UsbDebuggingActivity t88}}} to stack=1 task=88 at 0
V/WindowManager(  469): Adding window Window{759470a u0 com.android.systemui/com.android.systemui.usb.UsbDebuggingActivity} at 7 of 18 (after Window{19dc866 u0 com.muzima/com.muzima.view.login.LoginActivity})
I/ActivityManager(  469): Displayed com.android.systemui/.usb.UsbDebuggingActivity: +151ms
E/SurfaceFlinger(  118): rejecting buffer: bufWidth=725, bufHeight=424, front.active.{w=87, h=87}
E/WifiStateMachine(  469): WifiStateMachine CMD_START_SCAN source -2 txSuccessRate=0.00 rxSuccessRate=3.75 targetRoamBSSID=00:00:00:00:00:00 RSSI=-75
E/WifiStateMachine(  469): WifiStateMachine starting scan for "Marisa A"WPA_PSK with 2437,2462
W/ResourceType(  704): No package identifier when getting value for resource number 0x00000000
W/PackageManager(  704): Failure retrieving resources for com.muzima: Resource ID #0x0
D/TaskPersister(  469): removeObsoleteFile: deleting file=87_task_thumbnail.png
I/DownloadManagerWrapper(  924): onReceive() : Charging = true
W/ProcessCpuTracker(  469): Skipping unknown process pid 10980
W/ProcessCpuTracker(  469): Skipping unknown process pid 10982
W/ProcessCpuTracker(  469): Skipping unknown process pid 10983
E/WifiStateMachine(  469): WifiStateMachine CMD_START_SCAN source -2 txSuccessRate=0.00 rxSuccessRate=3.96 targetRoamBSSID=00:00:00:00:00:00 RSSI=-76
E/WifiStateMachine(  469): WifiStateMachine starting scan for "Marisa A"WPA_PSK with 2437,2462
E/WifiStateMachine(  469): WifiStateMachine CMD_START_SCAN source -2 txSuccessRate=0.00 rxSuccessRate=5.02 targetRoamBSSID=00:00:00:00:00:00 RSSI=-73
D/ConnectivityService(  469): updateNetworkScore for NetworkAgentInfo [WIFI () - 101] to 57
D/ConnectivityService(  469): rematching NetworkAgentInfo [WIFI () - 101]
D/ConnectivityService(  469): Network NetworkAgentInfo [WIFI () - 101] was already satisfying request 1. No change.
D/ConnectivityService(  469): notifyType AVAILABLE for NetworkAgentInfo [WIFI () - 101]
D/ConnectivityManager.CallbackHandler( 1541): CM callback handler got msg 524290
D/ConnectivityManager.CallbackHandler(  704): CM callback handler got msg 524290
D/ConnectivityManager.CallbackHandler(16598): CM callback handler got msg 524290
E/WifiStateMachine(  469): WifiStateMachine CMD_START_SCAN source -2 txSuccessRate=0.12 rxSuccessRate=3.36 targetRoamBSSID=00:00:00:00:00:00 RSSI=-68
E/WifiStateMachine(  469): WifiStateMachine starting scan for "Marisa A"WPA_PSK with 2437,2462
I/DownloadManagerWrapper(  924): onReceive() : Charging = true
W/ProcessCpuTracker(  469): Skipping unknown process pid 11098
W/ProcessCpuTracker(  469): Skipping unknown process pid 11100
W/ProcessCpuTracker(  469): Skipping unknown process pid 11101
E/WifiStateMachine(  469): WifiStateMachine CMD_START_SCAN source -2 txSuccessRate=0.00 rxSuccessRate=1.38 targetRoamBSSID=00:00:00:00:00:00 RSSI=-69
E/WifiStateMachine(  469): WifiStateMachine starting scan for "Marisa A"WPA_PSK with 2437,2462
E/WifiStateMachine(  469): WifiStateMachine CMD_START_SCAN source -2 txSuccessRate=0.00 rxSuccessRate=7.63 targetRoamBSSID=00:00:00:00:00:00 RSSI=-69
E/WifiStateMachine(  469): WifiStateMachine starting scan for "Marisa A"WPA_PSK with 2437,2462
I/PowerManagerService(  469): Going to sleep due to screen timeout (uid 1000)...
I/PowerManagerService(  469): Sleeping (uid 1000)...
E/WifiStateMachine(  469): cancelDelayedScan -> 465
E/native  (  469): do suspend true
I/GoogleInputMethod(  924): onReceive() : Action = android.intent.action.SCREEN_OFF
I/art     (  469): Background sticky concurrent mark sweep GC freed 91120(4MB) AllocSpace objects, 59(944KB) LOS objects, 13% free, 38MB/44MB, paused 4.648ms total 177.231ms
I/DisplayManagerService(  469): Display device changed: DisplayDeviceInfo{"Built-in Screen": uniqueId="local:0", 800 x 1280, 60.000004 fps, supportedRefreshRates [60.000004], density 213, 213.0 x 213.0 dpi, appVsyncOff 0, presDeadline 17666666, touch INTERNAL, rotation 0, type BUILT_IN, state OFF, FLAG_DEFAULT_DISPLAY, FLAG_ROTATES_WITH_CONTENT, FLAG_SECURE, FLAG_SUPPORTS_PROTECTED_BUFFERS}
V/ActivityManager(  469): Display changed displayId=0
D/SurfaceFlinger(  118): Set power mode=0, type=0 flinger=0x40846008
D/hwcomposer(  118): hwc_blank: display 0: blank
D/hwcomposer(  118): hwc_blank_display: display 0: [0 -> 1]
D/hwcomposer(  118): hwc_blank_display: releasing buffer 0x46
D/hwcomposer(  118): dc_blank: display 0, [0 -> 1]
E/WifiStateMachine(  469): WifiStateMachine CMD_START_SCAN source -2 txSuccessRate=0.00 rxSuccessRate=0.00 targetRoamBSSID=00:00:00:00:00:00 RSSI=-70
E/WifiStateMachine(  469): WifiStateMachine L2Connected CMD_START_SCAN source -2 464, 465 -> obsolete
V/BackupManagerService(  469): Running a backup pass
V/BackupManagerService(  469): Backup requested but nothing pending
D/PhoneStatusBar(  704): disable: < expand ICONS* alerts SYSTEM_INFO* back home recent clock search >
D/BluetoothAdapter(  704): 169074843: getState() :  mService = null. Returning STATE_OFF
D/BluetoothAdapter(  704): 169074843: getState() :  mService = null. Returning STATE_OFF
D/BluetoothAdapter(  704): 169074843: getState() :  mService = null. Returning STATE_OFF
D/BluetoothAdapter(  704): 169074843: getState() :  mService = null. Returning STATE_OFF
D/PhoneStatusBar(  704): disable: < expand ICONS alerts SYSTEM_INFO back HOME* RECENT* clock SEARCH* >
I/DownloadManagerWrapper(  924): onReceive() : Charging = true
E/native  (  469): do suspend false
E/WifiStateMachine(  469): Unexpected BatchedScanResults :OK
I/dhcpcd  (11288): sending signal 14 to pid 25446
I/dhcpcd  (25446): received SIGALRM, renewing
I/dhcpcd  (25446): wlan0: renewing lease of 192.168.88.20
I/dhcpcd  (25446): wlan0: acknowledged 192.168.88.20 from 192.168.88.1
I/dhcpcd  (25446): wlan0: leased 192.168.88.20 for 600 seconds
E/native  (  469): do suspend true
D/ConnectivityService(  469): NetworkAgentInfo [WIFI () - 101] EVENT_NETWORK_INFO_CHANGED, going from CONNECTED to CONNECTING
D/ConnectivityService(  469): NetworkAgentInfo [WIFI () - 101] EVENT_NETWORK_INFO_CHANGED, going from CONNECTING to CONNECTED
E/WifiStateMachine(  469): WifiStateMachine: Leaving Connected state
I/DownloadManagerWrapper(  924): onReceive() : Charging = true
W/ProcessCpuTracker(  469): Skipping unknown process pid 11379
W/ProcessCpuTracker(  469): Skipping unknown process pid 11381
W/ProcessCpuTracker(  469): Skipping unknown process pid 11382
I/DownloadManagerWrapper(  924): onReceive() : Charging = true
I/DownloadManagerWrapper(  924): onReceive() : Charging = true
I/PowerManagerService(  469): Waking up from sleep (uid 1000)...
V/KeyguardServiceDelegate(  469): onScreenTurnedOn(showListener = com.android.internal.policy.impl.PhoneWindowManager$2@1c25eec0)
I/DisplayPowerController(  469): Blocking screen on until initial contents have been drawn.
D/PowerManagerService-JNI(  469): Excessive delay in autosuspend_disable() while turning screen on: 314ms
D/SurfaceFlinger(  118): Set power mode=2, type=0 flinger=0x40846008
D/hwcomposer(  118): hwc_blank: display 0: unblank
D/hwcomposer(  118): hwc_blank_display: display 0: [1 -> 0]
D/hwcomposer(  118): Display 0 is 800 x 1280
D/hwcomposer(  118): dc_blank: display 0, [1 -> 0]
I/DisplayManagerService(  469): Display device changed: DisplayDeviceInfo{"Built-in Screen": uniqueId="local:0", 800 x 1280, 60.000004 fps, supportedRefreshRates [60.000004], density 213, 213.0 x 213.0 dpi, appVsyncOff 0, presDeadline 17666666, touch INTERNAL, rotation 0, type BUILT_IN, state ON, FLAG_DEFAULT_DISPLAY, FLAG_ROTATES_WITH_CONTENT, FLAG_SECURE, FLAG_SUPPORTS_PROTECTED_BUFFERS}
V/ActivityManager(  469): Display changed displayId=0
V/KeyguardServiceDelegate(  469): **** SHOWN CALLED ****
I/DisplayPowerController(  469): Unblocked screen on after 360 ms
E/WifiStateMachine(  469): cancelDelayedScan -> 466
E/native  (  469): do suspend false
D/NfcService(  999): Discovery configuration equal, not updating.
E/WifiStateMachine(  469): WifiStateMachine CMD_START_SCAN source -2 txSuccessRate=0.75 rxSuccessRate=0.75 targetRoamBSSID=00:00:00:00:00:00 RSSI=-74
D/PhoneStatusBar(  704): disable: < expand ICONS alerts SYSTEM_INFO back HOME RECENT clock SEARCH >
D/PhoneStatusBar(  704): disable: < expand icons* alerts system_info* back HOME RECENT clock SEARCH >
D/BluetoothAdapter(  704): 169074843: getState() :  mService = null. Returning STATE_OFF
D/BluetoothAdapter(  704): 169074843: getState() :  mService = null. Returning STATE_OFF
D/PhoneStatusBar(  704): disable: < expand icons alerts system_info back home* recent* clock search* >
I/CryptAuthSync( 1541): [DeviceStateSyncManager] The server is in sync with current state. Nothing to do
D/ConnectivityService(  469): updateNetworkScore for NetworkAgentInfo [WIFI () - 101] to 52
D/ConnectivityService(  469): rematching NetworkAgentInfo [WIFI () - 101]
D/ConnectivityService(  469): Network NetworkAgentInfo [WIFI () - 101] was already satisfying request 1. No change.
D/ConnectivityService(  469): notifyType AVAILABLE for NetworkAgentInfo [WIFI () - 101]
D/ConnectivityManager.CallbackHandler(  704): CM callback handler got msg 524290
D/ConnectivityManager.CallbackHandler(16598): CM callback handler got msg 524290
D/ConnectivityManager.CallbackHandler( 1541): CM callback handler got msg 524290
W/InputMethodManagerService(  469): Window already focused, ignoring focus gain of: com.android.internal.view.IInputMethodClient$Stub$Proxy@1495eb36 attribute=android.view.inputmethod.EditorInfo@1343ca37, token = android.os.BinderProxy@1c6358c1
D/OpenGLRenderer(  704): endAllStagingAnimators on 0x6b454600 (RippleDrawable) with handle 0x6b57b498
I/LatinIme(  924): abortComposing()
W/IInputConnectionWrapper(10658): beginBatchEdit on inactive InputConnection
W/IInputConnectionWrapper(10658): getSelectedText on inactive InputConnection
W/IInputConnectionWrapper(10658): endBatchEdit on inactive InputConnection
W/IInputConnectionWrapper(10658): getTextBeforeCursor on inactive InputConnection
W/IInputConnectionWrapper(10658): getTextAfterCursor on inactive InputConnection
I/LatinIme(  924): onDeactivate()
I/ClearcutLoggerManager(  924): onFinishInput()
I/ClearcutLoggerManager(  924): onStartInput()
I/LatinIme(  924): onActivate() : EditorInfo = Package = com.muzima : Type = Text : Learning = Disable : Suggestion = Show : AutoCorrection = Disable : Microphone = Show
W/InputConnectionWrapper(  924): Fixing selection indices to 0, 0
I/LatinMotionHandler(  924): consumeEvent() : GestureTypingEnabled = true
I/UsageStatsService(  469): User[0] Flushing usage stats to disk
I/LatinIme(  924): abortComposing()
I/LatinMotionHandler(  924): consumeEvent() : GestureTypingEnabled = true
I/LatinIme(  924): abortComposing()
I/LatinIme(  924): onDeactivate()
I/ClearcutLoggerManager(  924): onFinishInput()
D/AndroidRuntime(11476): >>>>>> START com.android.internal.os.RuntimeInit uid 2000 <<<<<<
D/AndroidRuntime(11476): CheckJNI is OFF
E/memtrack(11476): Couldn't load memtrack module (No such file or directory)
E/android.os.Debug(11476): failed to load memtrack module: -2
D/AndroidRuntime(11476): Calling main entry com.android.commands.am.Am
D/AndroidRuntime(11476): Shutting down VM
I/art     (11476): Debugger is no longer active
D/AndroidRuntime(11490): >>>>>> START com.android.internal.os.RuntimeInit uid 2000 <<<<<<
D/AndroidRuntime(11490): CheckJNI is OFF
E/memtrack(11490): Couldn't load memtrack module (No such file or directory)
E/android.os.Debug(11490): failed to load memtrack module: -2
D/AndroidRuntime(11490): Calling main entry com.android.commands.pm.Pm
I/art     (11490): System.exit called, status: 0
I/AndroidRuntime(11490): VM exiting with result code 0.
W/sh      (11505): type=1400 audit(0.0:92): avc: denied { ioctl } for path="socket:[132404]" dev=sockfs ino=132404 scontext=u:r:shell:s0 tcontext=u:r:adbd:s0 tclass=unix_stream_socket
W/sh      (11505): type=1400 audit(0.0:93): avc: denied { ioctl } for path="socket:[132404]" dev=sockfs ino=132404 scontext=u:r:shell:s0 tcontext=u:r:adbd:s0 tclass=unix_stream_socket
W/sh      (11505): type=1400 audit(0.0:94): avc: denied { ioctl } for path="socket:[132404]" dev=sockfs ino=132404 scontext=u:r:shell:s0 tcontext=u:r:adbd:s0 tclass=unix_stream_socket
W/sh      (11505): type=1400 audit(0.0:95): avc: denied { ioctl } for path="socket:[132404]" dev=sockfs ino=132404 scontext=u:r:shell:s0 tcontext=u:r:adbd:s0 tclass=unix_stream_socket
D/AndroidRuntime(11505): >>>>>> START com.android.internal.os.RuntimeInit uid 2000 <<<<<<
D/AndroidRuntime(11505): CheckJNI is OFF
E/memtrack(11505): Couldn't load memtrack module (No such file or directory)
E/android.os.Debug(11505): failed to load memtrack module: -2
D/ConnectivityService(  469): updateNetworkScore for NetworkAgentInfo [WIFI () - 101] to 57
D/ConnectivityService(  469): rematching NetworkAgentInfo [WIFI () - 101]
D/ConnectivityService(  469): Network NetworkAgentInfo [WIFI () - 101] was already satisfying request 1. No change.
D/ConnectivityService(  469): notifyType AVAILABLE for NetworkAgentInfo [WIFI () - 101]
D/ConnectivityManager.CallbackHandler( 1541): CM callback handler got msg 524290
D/ConnectivityManager.CallbackHandler(  704): CM callback handler got msg 524290
D/ConnectivityManager.CallbackHandler(16598): CM callback handler got msg 524290
D/AndroidRuntime(11505): Calling main entry com.android.commands.pm.Pm
I/installd(  125): free_cache(8988630) avail 3118313472
E/WifiStateMachine(  469): WifiStateMachine CMD_START_SCAN source -2 txSuccessRate=0.05 rxSuccessRate=3.85 targetRoamBSSID=00:00:00:00:00:00 RSSI=-68
E/WifiStateMachine(  469): WifiStateMachine starting scan for "Marisa A"WPA_PSK with 2437,2462
I/art     (11505): System.exit called, status: 0
I/AndroidRuntime(11505): VM exiting with result code 0.
D/AndroidRuntime(11538): >>>>>> START com.android.internal.os.RuntimeInit uid 2000 <<<<<<
D/AndroidRuntime(11538): CheckJNI is OFF
I/ClearcutLoggerManager(  924): flushAndDisconnect()
E/memtrack(11538): Couldn't load memtrack module (No such file or directory)
E/android.os.Debug(11538): failed to load memtrack module: -2
I/ClearcutLoggerManager(  924): flushAndDisconnect() : Success = true : Time = 2
D/AndroidRuntime(11538): Calling main entry com.android.commands.pm.Pm
I/art     (  469): Background partial concurrent mark sweep GC freed 76510(3MB) AllocSpace objects, 44(14MB) LOS objects, 33% free, 27MB/40MB, paused 2.425ms total 174.483ms
I/Finsky  ( 9291): [1] com.google.android.vending.verifier.PackageVerificationReceiver.onReceive(40): Verification requested, id = 20
I/Finsky  ( 9291): [924] com.google.android.finsky.services.ForegroundCoordinator.a(102): Task 7 requested foreground
I/Finsky  ( 9291): [924] com.google.android.finsky.services.ForegroundCoordinator.a(114): Not entering foreground
I/Finsky  ( 9291): [1] com.google.android.vending.verifier.ak.a_(1747): Verification id=20 response=0
I/Finsky  ( 9291): [1] com.google.android.vending.verifier.ae.c(192): Verification complete: id=20, package_name=com.muzima
I/Finsky  ( 9291): [1] com.google.android.vending.verifier.ae.f(13974): Verifying id=20, result=1
D/PackageManager(  469): /data/app/vmdl1795117399.tmp already staged; skipping copy
D/PackageManager(  469): Renaming /data/app/vmdl1795117399.tmp to /data/app/com.muzima-2
I/ActivityManager(  469): Force stopping com.muzima appid=10085 user=-1: uninstall pkg
I/ActivityManager(  469): Killing 10658:com.muzima/u0a85 (adj 0): stop com.muzima
I/WindowState(  469): WIN DEATH: Window{1847c9a u0 com.muzima/org.acra.CrashReportDialog}
W/InputDispatcher(  469): channel '1afcd9bc com.muzima/org.acra.CrashReportDialog (server)' ~ Consumer closed input channel or an error occurred.  events=0x9
E/InputDispatcher(  469): channel '1afcd9bc com.muzima/org.acra.CrashReportDialog (server)' ~ Channel is unrecoverably broken and will be disposed!
