W/sh      (10355): type=1400 audit(0.0:91): avc: denied { ioctl } for path="socket:[131278]" dev=sockfs ino=131278 scontext=u:r:shell:s0 tcontext=u:r:adbd:s0 tclass=unix_stream_socket
D/AndroidRuntime(10355): >>>>>> START com.android.internal.os.RuntimeInit uid 2000 <<<<<<
D/AndroidRuntime(10355): CheckJNI is OFF
E/memtrack(10355): Couldn't load memtrack module (No such file or directory)
E/android.os.Debug(10355): failed to load memtrack module: -2
D/AndroidRuntime(10355): Calling main entry com.android.commands.pm.Pm
I/installd(  125): free_cache(8988440) avail 3118379008
D/PhoneStatusBar(  704): disable: < expand ICONS* alerts SYSTEM_INFO* back home recent clock search >
D/BluetoothAdapter(  704): 169074843: getState() :  mService = null. Returning STATE_OFF
D/BluetoothAdapter(  704): 169074843: getState() :  mService = null. Returning STATE_OFF
D/BluetoothAdapter(  704): 169074843: getState() :  mService = null. Returning STATE_OFF
D/BluetoothAdapter(  704): 169074843: getState() :  mService = null. Returning STATE_OFF
I/art     (10355): System.exit called, status: 0
I/AndroidRuntime(10355): VM exiting with result code 0.
D/AndroidRuntime(10378): >>>>>> START com.android.internal.os.RuntimeInit uid 2000 <<<<<<
D/AndroidRuntime(10378): CheckJNI is OFF
E/memtrack(10378): Couldn't load memtrack module (No such file or directory)
E/android.os.Debug(10378): failed to load memtrack module: -2
D/AndroidRuntime(10378): Calling main entry com.android.commands.pm.Pm
I/art     (  469): Background sticky concurrent mark sweep GC freed 98684(4MB) AllocSpace objects, 58(1441KB) LOS objects, 17% free, 29MB/36MB, paused 2.026ms total 163.199ms
I/Finsky  ( 9291): [1] com.google.android.vending.verifier.PackageVerificationReceiver.onReceive(40): Verification requested, id = 19
E/WifiStateMachine(  469): WifiStateMachine CMD_START_SCAN source -2 txSuccessRate=0.00 rxSuccessRate=1.92 targetRoamBSSID=00:00:00:00:00:00 RSSI=-67
I/Finsky  ( 9291): [934] com.google.android.finsky.services.ForegroundCoordinator.a(102): Task 7 requested foreground
I/Finsky  ( 9291): [934] com.google.android.finsky.services.ForegroundCoordinator.a(114): Not entering foreground
I/Finsky  ( 9291): [1] com.google.android.vending.verifier.ak.a_(1747): Verification id=19 response=0
I/Finsky  ( 9291): [1] com.google.android.vending.verifier.ae.c(192): Verification complete: id=19, package_name=com.muzima
I/Finsky  ( 9291): [1] com.google.android.vending.verifier.ae.f(13974): Verifying id=19, result=1
D/PackageManager(  469): /data/app/vmdl1817975948.tmp already staged; skipping copy
D/PhoneStatusBar(  704): disable: < expand icons* alerts system_info* back home recent clock search >
W/InputMethodManagerService(  469): Window already focused, ignoring focus gain of: com.android.internal.view.IInputMethodClient$Stub$Proxy@18f95810 attribute=null, token = android.os.BinderProxy@2491f0f9
D/PackageManager(  469): Renaming /data/app/vmdl1817975948.tmp to /data/app/com.muzima-1
I/ActivityManager(  469): Force stopping com.muzima appid=10085 user=-1: uninstall pkg
I/ActivityManager(  469): Killing 9734:com.muzima/u0a85 (adj 0): stop com.muzima
I/WindowState(  469): WIN DEATH: Window{2325a83e u0 com.muzima/com.muzima.view.HelpActivity}
I/WindowState(  469): WIN DEATH: Window{3e643f8e u0 com.muzima/com.muzima.view.MainActivity}
W/ActivityManager(  469): Force removing ActivityRecord{2a7f31fd u0 com.muzima/.view.HelpActivity t77}: app died, no saved state
I/ActivityManager(  469):   Force finishing activity 3 ActivityRecord{3ced95db u0 com.muzima/.view.MainActivity t77}
W/art     (  469): Suspending all threads took: 484.930ms
I/Choreographer(  469): Skipped 42 frames!  The application may be doing too much work on its main thread.
I/art     (  469): Background partial concurrent mark sweep GC freed 144243(6MB) AllocSpace objects, 29(4MB) LOS objects, 33% free, 25MB/38MB, paused 580.061ms total 1.015s
I/PackageManager(  469): Package com.muzima codePath changed from /data/app/com.muzima-2 to /data/app/com.muzima-1; Retaining data and using new
W/ActivityManager(  469): Spurious death for ProcessRecord{75f8f09 9734:com.muzima/u0a85}, curProc for 9734: null
I/PackageManager(  469): Running dexopt on: /data/app/com.muzima-1/base.apk pkg=com.muzima isa=arm vmSafeMode=false
I/Choreographer(16598): Skipped 70 frames!  The application may be doing too much work on its main thread.
W/InputMethodManagerService(  469): Focus gain on non-focused client com.android.internal.view.IInputMethodClient$Stub$Proxy@2753341a (uid=10014 pid=1054)
W/InputMethodManagerService(  469): Got RemoteException sending setActive(false) notification to pid 9734 uid 10085
W/OpenGLRenderer( 1054): Incorrectly called buildLayer on View: ShortcutAndWidgetContainer, destroying layer...
W/OpenGLRenderer( 1054): Incorrectly called buildLayer on View: ShortcutAndWidgetContainer, destroying layer...
I/dex2oat (10406): /system/bin/dex2oat --zip-fd=6 --zip-location=/data/app/com.muzima-1/base.apk --oat-fd=7 --oat-location=/data/dalvik-cache/arm/data@app@com.muzima-1@base.apk@classes.dex --instruction-set=arm --instruction-set-features=default --runtime-arg -Xms64m --runtime-arg -Xmx512m --swap-fd=8
I/dex2oat (10406): Decided to run without swap.
W/dex2oat (10406): Before Android 4.1, method int android.support.v7.internal.widget.ListViewCompat.lookForSelectablePosition(int, boolean) would have incorrectly overridden the package-private method in android.widget.ListView
W/IInputConnectionWrapper(16598): showStatusIcon on inactive InputConnection
I/PlayCommon( 9291): [920] com.google.android.play.a.g.e(862): Preparing logs for uploading
I/Auth    ( 1466): [AuthDelegateWrapper] Service intent: Intent { cmp=com.google.android.gms/.auth.account.authenticator.DefaultAuthDelegateService }.
I/Auth    ( 1466): [AuthDelegateWrapper] Service intent: Intent { cmp=com.google.android.gms/.auth.account.authenticator.DefaultAuthDelegateService }.
I/Auth    ( 1466): [AuthDelegateWrapper] Service intent: Intent { cmp=com.google.android.gms/.auth.account.authenticator.DefaultAuthDelegateService }.
I/PlayCommon( 9291): [920] com.google.android.play.a.g.a(1002): Connecting to server: https://play.googleapis.com/play/log?format=raw&proto_v2=true
I/dex2oat (10406): dex2oat took 14.508s (threads: 4) arena alloc=1385KB java alloc=10MB native alloc=22MB free=3MB
I/ActivityManager(  469): Force stopping com.muzima appid=10085 user=-1: update pkg
W/PackageManager(  469): Code path for pkg : com.muzima changing from /data/app/com.muzima-2 to /data/app/com.muzima-1
W/PackageManager(  469): Resource path for pkg : com.muzima changing from /data/app/com.muzima-2 to /data/app/com.muzima-1
I/PlayCommon( 9291): [920] com.google.android.play.a.g.a(1077): Successfully uploaded logs.
E/WifiStateMachine(  469): WifiStateMachine CMD_START_SCAN source -2 txSuccessRate=6.84 rxSuccessRate=6.99 targetRoamBSSID=00:00:00:00:00:00 RSSI=-65
E/WifiStateMachine(  469): WifiStateMachine starting scan for "Marisa A"WPA_PSK with 2437,2462
W/PackageManager(  469): Not granting permission android.permission.READ_LOGS to package com.muzima (protectionLevel=50 flags=0x18be46)
I/ActivityManager(  469): Force stopping com.muzima appid=10085 user=0: pkg removed
I/art     ( 9291): Explicit concurrent mark sweep GC freed 4076(184KB) AllocSpace objects, 0(0B) LOS objects, 24% free, 7MB/10MB, paused 1.101ms total 81.115ms
I/art     ( 9471): Explicit concurrent mark sweep GC freed 16533(1487KB) AllocSpace objects, 1(16KB) LOS objects, 25% free, 11MB/15MB, paused 1.058ms total 137.567ms
W/Settings(  469): Setting install_non_market_apps has moved from android.provider.Settings.Global to android.provider.Settings.Secure, returning read-only value.
I/InputReader(  469): Reconfiguring input devices.  changes=0x00000010
I/InputReader(  469): Reconfiguring input devices.  changes=0x00000010
I/InputReader(  469): Reconfiguring input devices.  changes=0x00000010
I/art     (  704): Explicit concurrent mark sweep GC freed 25484(1073KB) AllocSpace objects, 5(4MB) LOS objects, 40% free, 18MB/31MB, paused 2.141ms total 353.779ms
I/art     (  469): Explicit concurrent mark sweep GC freed 45621(2MB) AllocSpace objects, 18(563KB) LOS objects, 33% free, 23MB/35MB, paused 4.238ms total 372.268ms
I/art     (  469): WaitForGcToComplete blocked for 169.456ms for cause Explicit
D/JobSchedulerService(  469): Receieved: android.intent.action.PACKAGE_REMOVED
D/BackupManagerService(  469): Received broadcast Intent { act=android.intent.action.PACKAGE_REMOVED dat=package:com.muzima flg=0x4000010 (has extras) }
W/ContextImpl( 9393): Calling a method in the system process without a qualified user: android.app.ContextImpl.startService:1692 android.content.ContextWrapper.startService:516 android.content.ContextWrapper.startService:516 com.android.keychain.KeyChainBroadcastReceiver.onReceive:12 android.app.ActivityThread.handleReceiver:2609 
I/art     (  469): Explicit concurrent mark sweep GC freed 3111(144KB) AllocSpace objects, 0(0B) LOS objects, 33% free, 23MB/35MB, paused 3.060ms total 430.612ms
I/art     ( 1541): Explicit concurrent mark sweep GC freed 16229(872KB) AllocSpace objects, 1(16KB) LOS objects, 25% free, 16MB/22MB, paused 1.067ms total 1.150s
I/art     (10378): System.exit called, status: 0
I/AndroidRuntime(10378): VM exiting with result code 0.
E/NetworkScheduler.SR( 1466): Invalid parameter app
E/NetworkScheduler.SR( 1466): Invalid package name : Perhaps you didn't include a PendingIntent in the extras?
E/Drive.UninstallOperation( 1541): Package still installed com.muzima
D/ExtensionManager( 9494): invalidating extensions because of android.intent.action.PACKAGE_REMOVED
W/art     ( 9291): Suspending all threads took: 36.788ms
W/art     ( 1541): Suspending all threads took: 34.985ms
I/Finsky  ( 9291): [1] com.google.android.finsky.utils.bj.run(2299): Package state data is missing for com.muzima
I/WearableService( 1466): Wear is not allowed to run on this device. Not starting Wear service.
E/Finsky  ( 9291): [1] com.google.android.finsky.wear.bp.a(843): onConnectionFailed: ConnectionResult{statusCode=API_UNAVAILABLE, resolution=null, message=null}
I/Finsky  ( 9291): [1] com.google.android.finsky.wear.an.run(2399): Dropping command=send_installed_apps due to Gms not connected
D/ExtensionManager( 9494): invalidating extensions because of android.intent.action.PACKAGE_ADDED
I/UpdateIcingCorporaServi( 9471): Updating corpora: APPS=com.muzima, CONTACTS=MAYBE
I/Icing   ( 1541): Usage reports 0 indexed 0 rejected 0 imm upload false
I/Icing   ( 1541): Usage reports 0 indexed 0 rejected 0 imm upload false
W/IcingInternalCorpora( 1541): getNumBytesRead when not calculated.
I/Icing   ( 1541): Usage reports 0 indexed 0 rejected 0 imm upload true
I/Choreographer(16598): Skipped 73 frames!  The application may be doing too much work on its main thread.
E/NetworkScheduler.SR( 1466): Invalid parameter app
E/NetworkScheduler.SR( 1466): Invalid package name : Perhaps you didn't include a PendingIntent in the extras?
I/Icing   ( 1541): Indexing 48E93C3C80D2281BAB6D6FD2EA59C6058A288290 from com.google.android.gms
D/BackupManagerService(  469): Received broadcast Intent { act=android.intent.action.PACKAGE_ADDED dat=package:com.muzima flg=0x4000010 (has extras) }
W/BackupManagerService(  469): Removing schedule queue dupe of com.muzima
I/Icing   ( 1541): Usage reports 0 indexed 0 rejected 0 imm upload false
I/Icing   ( 1541): Usage reports 0 indexed 0 rejected 0 imm upload false
I/UpdateIcingCorporaServi( 9471): UpdateCorporaTask done [took 3557 ms] updated apps [took 3557 ms] 
I/Icing   ( 1541): Indexing done 48E93C3C80D2281BAB6D6FD2EA59C6058A288290
D/ExtensionManager( 9494): invalidating extensions because of android.intent.action.PACKAGE_REPLACED
I/Icing   ( 1541): Indexing 48E93C3C80D2281BAB6D6FD2EA59C6058A288290 from com.google.android.gms
I/Icing   ( 1541): Indexing done 48E93C3C80D2281BAB6D6FD2EA59C6058A288290
I/Icing   ( 1541): Indexing 4309FD168E47D5BEFCA89FB19561B6BABE41CE23 from com.google.android.googlequicksearchbox
W/ResourcesManager( 1054): Asset path '/system/framework/com.google.android.maps.jar' does not exist or contains no resources.
I/DownloadManagerWrapper(  924): onReceive() : Charging = true
I/ActivityManager(  469): START u0 {act=android.intent.action.MAIN cat=[android.intent.category.LAUNCHER] flg=0x10200000 cmp=com.muzima/.view.MainActivity (has extras)} from uid 10014 on display 0
V/WindowManager(  469): addAppToken: AppWindowToken{2524a54a token=Token{621cab5 ActivityRecord{2fadc6ec u0 com.muzima/.view.MainActivity t79}}} to stack=1 task=79 at 0
V/WindowManager(  469): Adding window Window{9b493a2 u0 Starting com.muzima} at 3 of 14 (after Window{ddc000d u0 com.android.launcher/com.android.launcher2.Launcher})
I/ActivityManager(  469): Start proc 10483:com.muzima/u0a85 for activity com.muzima/.view.MainActivity
I/art     (10483): Late-enabling -Xcheck:jni
I/Icing   ( 1541): Indexing done 4309FD168E47D5BEFCA89FB19561B6BABE41CE23
I/Launcher( 1054): Deferring update until onResume
D/ACRA    (10483): ACRA is enabled for com.muzima, intializing...
D/ACRA    (10483): Looking for error files in /data/data/com.muzima/files
D/ACRA    (10483): Looking for error files in /data/data/com.muzima/files
W/nalizableReferenceQueue(10483): Could not load Finalizer in its own class loader. Loading Finalizer in the current class loader instead. As a result, you will not be able to garbage collect this class loader. To support reclaiming this class loader, either resolve the underlying issue, or move Google Collections to your system class path.
W/nalizableReferenceQueue(10483): java.io.FileNotFoundException: com/google/inject/internal/util/$Finalizer.class
W/nalizableReferenceQueue(10483): 	at com.google.inject.internal.util.$FinalizableReferenceQueue$DecoupledLoader.getBaseUrl(FinalizableReferenceQueue.java:269)
W/nalizableReferenceQueue(10483): 	at com.google.inject.internal.util.$FinalizableReferenceQueue$DecoupledLoader.loadFinalizer(FinalizableReferenceQueue.java:253)
W/nalizableReferenceQueue(10483): 	at com.google.inject.internal.util.$FinalizableReferenceQueue.loadFinalizer(FinalizableReferenceQueue.java:175)
W/nalizableReferenceQueue(10483): 	at com.google.inject.internal.util.$FinalizableReferenceQueue.<clinit>(FinalizableReferenceQueue.java:100)
W/nalizableReferenceQueue(10483): 	at com.google.inject.internal.util.$MapMaker$QueueHolder.<clinit>(MapMaker.java:787)
W/nalizableReferenceQueue(10483): 	at com.google.inject.internal.util.$MapMaker$WeakEntry.<init>(MapMaker.java:946)
W/nalizableReferenceQueue(10483): 	at com.google.inject.internal.util.$MapMaker$Strength$1.newEntry(MapMaker.java:312)
W/nalizableReferenceQueue(10483): 	at com.google.inject.internal.util.$MapMaker$StrategyImpl.newEntry(MapMaker.java:498)
W/nalizableReferenceQueue(10483): 	at com.google.inject.internal.util.$MapMaker$StrategyImpl.newEntry(MapMaker.java:419)
W/nalizableReferenceQueue(10483): 	at com.google.inject.internal.util.$CustomConcurrentHashMap$ComputingImpl.get(CustomConcurrentHashMap.java:2029)
W/nalizableReferenceQueue(10483): 	at com.google.inject.internal.Annotations$AnnotationChecker.hasAnnotations(Annotations.java:116)
W/nalizableReferenceQueue(10483): 	at com.google.inject.internal.Annotations.isBindingAnnotation(Annotations.java:180)
W/nalizableReferenceQueue(10483): 	at com.google.inject.Key.ensureIsBindingAnnotation(Key.java:366)
W/nalizableReferenceQueue(10483): 	at com.google.inject.Key.strategyFor(Key.java:338)
W/nalizableReferenceQueue(10483): 	at com.google.inject.Key.get(Key.java:272)
W/nalizableReferenceQueue(10483): 	at com.google.inject.internal.AbstractBindingBuilder.annotatedWithInternal(AbstractBindingBuilder.java:82)
W/nalizableReferenceQueue(10483): 	at com.google.inject.internal.BindingBuilder.annotatedWith(BindingBuilder.java:54)
W/nalizableReferenceQueue(10483): 	at com.google.inject.internal.BindingBuilder.annotatedWith(BindingBuilder.java:41)
W/nalizableReferenceQueue(10483): 	at com.muzima.api.module.MuzimaModule.configure(MuzimaModule.java:89)
W/nalizableReferenceQueue(10483): 	at com.google.inject.AbstractModule.configure(AbstractModule.java:59)
W/nalizableReferenceQueue(10483): 	at com.google.inject.spi.Elements$RecordingBinder.install(Elements.java:223)
W/nalizableReferenceQueue(10483): 	at com.google.inject.spi.Elements.getElements(Elements.java:101)
W/nalizableReferenceQueue(10483): 	at com.google.inject.internal.InjectorShell$Builder.build(InjectorShell.java:133)
W/nalizableReferenceQueue(10483): 	at com.google.inject.internal.InternalInjectorCreator.build(InternalInjectorCreator.java:103)
W/nalizableReferenceQueue(10483): 	at com.google.inject.Guice.createInjector(Guice.java:95)
W/nalizableReferenceQueue(10483): 	at com.google.inject.Guice.createInjector(Guice.java:72)
W/nalizableReferenceQueue(10483): 	at com.google.inject.Guice.createInjector(Guice.java:62)
W/nalizableReferenceQueue(10483): 	at com.muzima.api.context.ContextFactory.createContext(ContextFactory.java:110)
W/nalizableReferenceQueue(10483): 	at com.muzima.MuzimaApplication.onCreate(MuzimaApplication.java:145)
W/nalizableReferenceQueue(10483): 	at android.app.Instrumentation.callApplicationOnCreate(Instrumentation.java:1012)
W/nalizableReferenceQueue(10483): 	at android.app.ActivityThread.handleBindApplication(ActivityThread.java:4553)
W/nalizableReferenceQueue(10483): 	at android.app.ActivityThread.access$1500(ActivityThread.java:151)
W/nalizableReferenceQueue(10483): 	at android.app.ActivityThread$H.handleMessage(ActivityThread.java:1364)
W/nalizableReferenceQueue(10483): 	at android.os.Handler.dispatchMessage(Handler.java:102)
W/nalizableReferenceQueue(10483): 	at android.os.Looper.loop(Looper.java:135)
W/nalizableReferenceQueue(10483): 	at android.app.ActivityThread.main(ActivityThread.java:5254)
W/nalizableReferenceQueue(10483): 	at java.lang.reflect.Method.invoke(Native Method)
W/nalizableReferenceQueue(10483): 	at java.lang.reflect.Method.invoke(Method.java:372)
W/nalizableReferenceQueue(10483): 	at com.android.internal.os.ZygoteInit$MethodAndArgsCaller.run(ZygoteInit.java:903)
W/nalizableReferenceQueue(10483): 	at com.android.internal.os.ZygoteInit.main(ZygoteInit.java:698)
W/System.err(10483): SLF4J: Failed to load class "org.slf4j.impl.StaticLoggerBinder".
W/System.err(10483): SLF4J: Defaulting to no-operation (NOP) logger implementation
W/System.err(10483): SLF4J: See http://www.slf4j.org/codes.html#StaticLoggerBinder for further details.
D/TaskPersister(  469): removeObsoleteFile: deleting file=77_task.xml
D/TaskPersister(  469): removeObsoleteFile: deleting file=77_task_thumbnail.png
I/Disclaimer(10483): Disclaimer is accepted: true
I/ActivityManager(  469): START u0 {flg=0x14000000 cmp=com.muzima/.view.login.LoginActivity (has extras)} from uid 10085 on display 0
V/WindowManager(  469): addAppToken: AppWindowToken{226c47ee token=Token{36358169 ActivityRecord{204017f0 u0 com.muzima/.view.login.LoginActivity t79}}} to stack=1 task=79 at 1
V/WindowManager(  469): Based on layer: Adding window Window{9b493a2 u0 Starting com.muzima} at 3 of 14
D/OpenGLRenderer(10483): Use EGL_SWAP_BEHAVIOR_PRESERVED: false
D/Atlas   (10483): Validating map...
V/WindowManager(  469): Adding window Window{1a3166c6 u0 com.muzima/com.muzima.view.login.LoginActivity} at 3 of 16 (before Window{9b493a2 u0 Starting com.muzima})
I/art     (10483): Background sticky concurrent mark sweep GC freed 100217(3MB) AllocSpace objects, 1(14KB) LOS objects, 22% free, 10MB/13MB, paused 53.053ms total 191.102ms
D/libEGL  (10483): loaded /system/lib/egl/libEGL_tegra.so
D/libEGL  (10483): loaded /system/lib/egl/libGLESv1_CM_tegra.so
D/libEGL  (10483): loaded /system/lib/egl/libGLESv2_tegra.so
I/OpenGLRenderer(10483): Initialized EGL, version 1.4
D/OpenGLRenderer(10483): Enabling debug mode 0
V/RenderScript(10483): 0x6aedcc40 Launching thread(s), CPUs 4
I/ActivityManager(  469): Displayed com.muzima/.view.login.LoginActivity: +749ms (total +4s576ms)
I/ClearcutLoggerManager(  924): onStartInput()
I/ClearcutLoggerManager(  924): onFinishInput()
I/ClearcutLoggerManager(  924): onStartInput()
I/LatinIme(  924): initialize() : Language = en-US
I/LatinIme(  924): onActivate() : EditorInfo = Package = com.muzima : Type = Text : Learning = Disable : Suggestion = Show : AutoCorrection = Disable : Microphone = Show
W/InputConnectionWrapper(  924): Fixing selection indices to 0, 0
I/LatinMotionHandler(  924): consumeEvent() : GestureTypingEnabled = true
I/ClearcutLoggerManager(  924): onConnected()
E/WifiStateMachine(  469): WifiStateMachine CMD_START_SCAN source -2 txSuccessRate=0.06 rxSuccessRate=3.57 targetRoamBSSID=00:00:00:00:00:00 RSSI=-65
E/WifiStateMachine(  469): WifiStateMachine starting scan for "Marisa A"WPA_PSK with 2437,2462
I/Finsky  ( 9291): [923] com.google.android.finsky.c.e.run(1152): Replicating app states via AMAS.
I/Finsky  ( 9291): [923] com.google.android.finsky.c.c.a(314): Completed 0 account content syncs with 0 successful.
I/Finsky  ( 9291): [1] com.google.android.finsky.services.j.a(148): Installation state replication succeeded.
I/LatinIme(  924): abortComposing()
W/IInputConnectionWrapper(10483): beginBatchEdit on inactive InputConnection
W/IInputConnectionWrapper(10483): getSelectedText on inactive InputConnection
W/IInputConnectionWrapper(10483): endBatchEdit on inactive InputConnection
W/IInputConnectionWrapper(10483): getTextBeforeCursor on inactive InputConnection
W/IInputConnectionWrapper(10483): getTextAfterCursor on inactive InputConnection
I/LatinIme(  924): onDeactivate()
I/ClearcutLoggerManager(  924): onFinishInput()
I/ClearcutLoggerManager(  924): onStartInput()
I/ActivityManager(  469): START u0 {cmp=com.muzima/.view.setupconfiguration.SetupMethodPreferenceWizardActivity} from uid 10085 on display 0
V/WindowManager(  469): addAppToken: AppWindowToken{2f0597e4 token=Token{27dedf77 ActivityRecord{2d870d76 u0 com.muzima/.view.setupconfiguration.SetupMethodPreferenceWizardActivity t79}}} to stack=1 task=79 at 1
V/WindowManager(  469): Adding window Window{20ce8b02 u0 Loading Setup Configs} at 4 of 15 (after Window{1a3166c6 u0 com.muzima/com.muzima.view.login.LoginActivity})
I/Disclaimer(10483): Disclaimer is accepted: true
V/WindowManager(  469): Adding window Window{3764e50 u0 com.muzima/com.muzima.view.setupconfiguration.SetupMethodPreferenceWizardActivity} at 5 of 16 (before Window{20ce8b02 u0 Loading Setup Configs})
I/ActivityManager(  469): Displayed com.muzima/.view.setupconfiguration.SetupMethodPreferenceWizardActivity: +351ms
I/MuzimaSyncService(10483): Setup Configs downloaded: 6
I/SetupConfigurationAdapter(10483): #SetupConfigurations: 6
I/ClearcutLoggerManager(  924): onFinishInput()
I/ClearcutLoggerManager(  924): onStartInput()
I/LatinIme(  924): initialize() : Language = en-US
I/LatinIme(  924): onActivate() : EditorInfo = Package = com.muzima : Type = Text : Learning = Enable : Suggestion = Show : AutoCorrection = Enable : Microphone = Show
W/InputConnectionWrapper(  924): Fixing selection indices to 0, 0
I/LatinMotionHandler(  924): consumeEvent() : GestureTypingEnabled = true
I/LatinIme(  924): abortComposing()
I/LatinMotionHandler(  924): consumeEvent() : GestureTypingEnabled = true
I/LatinIme(  924): abortComposing()
I/LatinIme(  924): onDeactivate()
I/ClearcutLoggerManager(  924): onFinishInput()
W/IInputConnectionWrapper(10483): showStatusIcon on inactive InputConnection
W/ResourceType(  704): No package identifier when getting value for resource number 0x00000000
W/PackageManager(  704): Failure retrieving resources for com.muzima: Resource ID #0x0
W/OpenGLRenderer( 1054): Incorrectly called buildLayer on View: ShortcutAndWidgetContainer, destroying layer...
I/ActivityManager(  469): START u0 {act=android.intent.action.MAIN cat=[android.intent.category.LAUNCHER] flg=0x10200000 cmp=com.muzima/.view.MainActivity (has extras)} from uid 10014 on display 0
V/WindowManager(  469): addAppToken: AppWindowToken{2371a95f token=Token{670adfe ActivityRecord{173275b9 u0 com.muzima/.view.MainActivity t80}}} to stack=1 task=80 at 0
V/WindowManager(  469): Adding window Window{1f7a7ed6 u0 Starting com.muzima} at 3 of 14 (after Window{ddc000d u0 com.android.launcher/com.android.launcher2.Launcher})
I/Disclaimer(10483): Disclaimer is accepted: true
V/WindowManager(  469): Adding window Window{1cd2d844 u0 com.muzima/com.muzima.view.MainActivity} at 3 of 15 (before Window{1f7a7ed6 u0 Starting com.muzima})
I/ActivityManager(  469): Displayed com.muzima/.view.MainActivity: +272ms
D/TaskPersister(  469): removeObsoleteFile: deleting file=79_task.xml
D/TaskPersister(  469): removeObsoleteFile: deleting file=79_task_thumbnail.png
W/art     (10483): Before Android 4.1, method int android.support.v7.internal.widget.ListViewCompat.lookForSelectablePosition(int, boolean) would have incorrectly overridden the package-private method in android.widget.ListView
V/WindowManager(  469): Adding window Window{1d62ebdc u0 PopupWindow:30ee91d} at 4 of 16 (after Window{1cd2d844 u0 com.muzima/com.muzima.view.MainActivity})
I/ActivityManager(  469): START u0 {cmp=com.muzima/.view.HelpActivity} from uid 10085 on display 0
V/WindowManager(  469): addAppToken: AppWindowToken{29eeaa61 token=Token{2c20e9c8 ActivityRecord{3d967a6b u0 com.muzima/.view.HelpActivity t80}}} to stack=1 task=80 at 1
W/InputEventReceiver(10483): Attempted to finish an input event but the input event receiver has already been disposed.
V/WindowManager(  469): Adding window Window{33eda74 u0 com.muzima/com.muzima.view.HelpActivity} at 5 of 17 (after Window{1d62ebdc u0 PopupWindow:30ee91d EXITING})
I/ActivityManager(  469): Displayed com.muzima/.view.HelpActivity: +132ms
I/art     (10483): Debugger is no longer active
I/ClearcutLoggerManager(  924): flushAndDisconnect()
I/ClearcutLoggerManager(  924): flushAndDisconnect() : Success = true : Time = 3
D/UsbDebuggingManager(  469): Received public key: QAAAAAdt+hJJj9ByjGBZmkpGT9YSsQLhl4HyKRN25l+l9cOYh8MyjrHQZir0fY58Gch4yZiaEyjPzQkyBjl3nHIfIVDI26esymUHwGESEO2ONkQOCOTa4j8uNrNMG872wp/qPCukavjlGajVdVOgEzEsEx0FIWx23972+A9PyrCXPgblAvSqWG976+4fjD+90+ELAVwp9vzO8OsXP6MuzOzHVW2wjmbmHYqhfbAZiULLh0tAEqF+YJ+BZa1NBbhf+Ea2NNeMQ5uH+mJxviP+wds9OdDz7G8/Dh3KlH5rSGZGt5q7VWMpYK2XpX488ePRZx9R4h+hG3sE2s5hfV75OnqTocgfqZvSVwKEEAOGUFx1QeurW9zYL1PlZc2soM6cd68qKfBH/f7CZPldBa0q31k0yW5ht/aMOScdMtQA8/OZ5jYmGMXdceg/UUbvLugBGGHvvumShcB9n6iynlDFlS865EgIhMrwZqE9jkn7hN8Jov9ft1USP/jEaH7ot5S1y2Gqx+WyBYYXuM0t2GShPp2VTJmUhpwzbcechENFep/udkGrbtE/maXmGVyIexN592Y9BZZraCClbWY/T9/MpsDU4S1JHKHLEUgtseXlS2KwEMdO6k33xsKksla7prNuANM5r7lThnzawJCfA1jIUve0R2JMVk5euDeBAfn7TCLSwt7rWOA3RgEAAQA= root@Aspire-E1-570
W/ContextImpl(  469): Calling a method in the system process without a qualified user: android.app.ContextImpl.startActivity:1224 com.android.server.usb.UsbDebuggingManager.startConfirmationActivity:282 com.android.server.usb.UsbDebuggingManager.startConfirmation:264 com.android.server.usb.UsbDebuggingManager.access$900:49 com.android.server.usb.UsbDebuggingManager$UsbDebuggingHandler.handleMessage:216 
W/ContextImpl(  469): Calling a method in the system process without a qualified user: android.app.ContextImpl.startActivity:1236 android.app.ContextImpl.startActivity:1225 com.android.server.usb.UsbDebuggingManager.startConfirmationActivity:282 com.android.server.usb.UsbDebuggingManager.startConfirmation:264 com.android.server.usb.UsbDebuggingManager.access$900:49 
I/ActivityManager(  469): START u0 {flg=0x10000000 cmp=com.android.systemui/.usb.UsbDebuggingActivity (has extras)} from uid 1000 on display 0
V/WindowManager(  469): addAppToken: AppWindowToken{2263f76a token=Token{29a09155 ActivityRecord{1aa7040c u0 com.android.systemui/.usb.UsbDebuggingActivity t81}}} to stack=1 task=81 at 0
I/ActivityManager(  469): START u0 {cmp=com.muzima/.view.HelpActivityAction} from uid 10085 on display 0
D/AndroidRuntime(10483): Shutting down VM
E/ACRA    (10483): ACRA caught a ActivityNotFoundException exception for com.muzima. Building report.
D/ACRA    (10483): Using default Report Fields
V/WindowManager(  469): Adding window Window{4bc5b37 u0 com.android.systemui/com.android.systemui.usb.UsbDebuggingActivity} at 5 of 16 (after Window{33eda74 u0 com.muzima/com.muzima.view.HelpActivity})
E/WifiStateMachine(  469): WifiStateMachine CMD_START_SCAN source -2 txSuccessRate=0.47 rxSuccessRate=1.95 targetRoamBSSID=00:00:00:00:00:00 RSSI=-68
I/ActivityManager(  469): Displayed com.android.systemui/.usb.UsbDebuggingActivity: +268ms
I/ACRA    (10483): READ_LOGS granted! ACRA can include LogCat and DropBox data.
D/ACRA    (10483): Retrieving logcat output...
D/ACRA    (10483): Writing crash report file 1479142099000.stacktrace.
D/ACRA    (10483): Waiting for Toast + worker...
D/ACRA    (10483): About to create DIALOG from #handleException
D/ACRA    (10483): Creating Dialog for 1479142099000.stacktrace
I/ActivityManager(  469): START u0 {flg=0x10000000 cmp=com.muzima/org.acra.CrashReportDialog (has extras)} from uid 10085 on display 0
V/WindowManager(  469): addAppToken: AppWindowToken{2cacb10 token=Token{1d7173d3 ActivityRecord{1d0809c2 u0 com.muzima/org.acra.CrashReportDialog t82}}} to stack=1 task=82 at 0
D/ACRA    (10483): Wait for Toast + worker ended. Kill Application ? true
E/ACRA    (10483): com.muzima fatal error : Unable to find explicit activity class {com.muzima/com.muzima.view.HelpActivityAction}; have you declared this activity in your AndroidManifest.xml?
E/ACRA    (10483): android.content.ActivityNotFoundException: Unable to find explicit activity class {com.muzima/com.muzima.view.HelpActivityAction}; have you declared this activity in your AndroidManifest.xml?
E/ACRA    (10483): 	at android.app.Instrumentation.checkStartActivityResult(Instrumentation.java:1777)
E/ACRA    (10483): 	at android.app.Instrumentation.execStartActivity(Instrumentation.java:1501)
E/ACRA    (10483): 	at android.app.Activity.startActivityForResult(Activity.java:3745)
E/ACRA    (10483): 	at android.app.Activity.startActivityForResult(Activity.java:3706)
E/ACRA    (10483): 	at android.support.v4.app.FragmentActivity.startActivityForResult(FragmentActivity.java:748)
E/ACRA    (10483): 	at android.app.Activity.startActivity(Activity.java:4016)
E/ACRA    (10483): 	at android.app.Activity.startActivity(Activity.java:3984)
E/ACRA    (10483): 	at com.muzima.view.HelpActivity$2.onChildClick(HelpActivity.java:168)
E/ACRA    (10483): 	at android.widget.ExpandableListView.handleItemClick(ExpandableListView.java:716)
E/ACRA    (10483): 	at android.widget.ExpandableListView.performItemClick(ExpandableListView.java:655)
E/ACRA    (10483): 	at android.widget.AbsListView$PerformClick.run(AbsListView.java:3053)
E/ACRA    (10483): 	at android.widget.AbsListView$3.run(AbsListView.java:3860)
E/ACRA    (10483): 	at android.os.Handler.handleCallback(Handler.java:739)
E/ACRA    (10483): 	at android.os.Handler.dispatchMessage(Handler.java:95)
E/ACRA    (10483): 	at android.os.Looper.loop(Looper.java:135)
E/ACRA    (10483): 	at android.app.ActivityThread.main(ActivityThread.java:5254)
E/ACRA    (10483): 	at java.lang.reflect.Method.invoke(Native Method)
E/ACRA    (10483): 	at java.lang.reflect.Method.invoke(Method.java:372)
E/ACRA    (10483): 	at com.android.internal.os.ZygoteInit$MethodAndArgsCaller.run(ZygoteInit.java:903)
E/ACRA    (10483): 	at com.android.internal.os.ZygoteInit.main(ZygoteInit.java:698)
I/ACRA    (10483): Finishing the last Activity prior to killing the Process
I/ACRA    (10483): Finished class com.muzima.view.HelpActivity
I/Process (10483): Sending signal. PID: 10483 SIG: 9
I/WindowState(  469): WIN DEATH: Window{1cd2d844 u0 com.muzima/com.muzima.view.MainActivity}
I/WindowState(  469): WIN DEATH: Window{33eda74 u0 com.muzima/com.muzima.view.HelpActivity}
I/ActivityManager(  469): Process com.muzima (pid 10483) has died
I/art     (10556): Late-enabling -Xcheck:jni
I/ActivityManager(  469): Start proc 10556:com.muzima/u0a85 for activity com.muzima/org.acra.CrashReportDialog
D/ACRA    (10556): ACRA is enabled for com.muzima, intializing...
D/ACRA    (10556): Looking for error files in /data/data/com.muzima/files
D/ACRA    (10556): Looking for error files in /data/data/com.muzima/files
D/ACRA    (10556): Looking for error files in /data/data/com.muzima/files
W/nalizableReferenceQueue(10556): Could not load Finalizer in its own class loader. Loading Finalizer in the current class loader instead. As a result, you will not be able to garbage collect this class loader. To support reclaiming this class loader, either resolve the underlying issue, or move Google Collections to your system class path.
W/nalizableReferenceQueue(10556): java.io.FileNotFoundException: com/google/inject/internal/util/$Finalizer.class
W/nalizableReferenceQueue(10556): 	at com.google.inject.internal.util.$FinalizableReferenceQueue$DecoupledLoader.getBaseUrl(FinalizableReferenceQueue.java:269)
W/nalizableReferenceQueue(10556): 	at com.google.inject.internal.util.$FinalizableReferenceQueue$DecoupledLoader.loadFinalizer(FinalizableReferenceQueue.java:253)
W/nalizableReferenceQueue(10556): 	at com.google.inject.internal.util.$FinalizableReferenceQueue.loadFinalizer(FinalizableReferenceQueue.java:175)
W/nalizableReferenceQueue(10556): 	at com.google.inject.internal.util.$FinalizableReferenceQueue.<clinit>(FinalizableReferenceQueue.java:100)
W/nalizableReferenceQueue(10556): 	at com.google.inject.internal.util.$MapMaker$QueueHolder.<clinit>(MapMaker.java:787)
W/nalizableReferenceQueue(10556): 	at com.google.inject.internal.util.$MapMaker$WeakEntry.<init>(MapMaker.java:946)
W/nalizableReferenceQueue(10556): 	at com.google.inject.internal.util.$MapMaker$Strength$1.newEntry(MapMaker.java:312)
W/nalizableReferenceQueue(10556): 	at com.google.inject.internal.util.$MapMaker$StrategyImpl.newEntry(MapMaker.java:498)
W/nalizableReferenceQueue(10556): 	at com.google.inject.internal.util.$MapMaker$StrategyImpl.newEntry(MapMaker.java:419)
W/nalizableReferenceQueue(10556): 	at com.google.inject.internal.util.$CustomConcurrentHashMap$ComputingImpl.get(CustomConcurrentHashMap.java:2029)
W/nalizableReferenceQueue(10556): 	at com.google.inject.internal.Annotations$AnnotationChecker.hasAnnotations(Annotations.java:116)
W/nalizableReferenceQueue(10556): 	at com.google.inject.internal.Annotations.isBindingAnnotation(Annotations.java:180)
W/nalizableReferenceQueue(10556): 	at com.google.inject.Key.ensureIsBindingAnnotation(Key.java:366)
W/nalizableReferenceQueue(10556): 	at com.google.inject.Key.strategyFor(Key.java:338)
W/nalizableReferenceQueue(10556): 	at com.google.inject.Key.get(Key.java:272)
W/nalizableReferenceQueue(10556): 	at com.google.inject.internal.AbstractBindingBuilder.annotatedWithInternal(AbstractBindingBuilder.java:82)
W/nalizableReferenceQueue(10556): 	at com.google.inject.internal.BindingBuilder.annotatedWith(BindingBuilder.java:54)
W/nalizableReferenceQueue(10556): 	at com.google.inject.internal.BindingBuilder.annotatedWith(BindingBuilder.java:41)
W/nalizableReferenceQueue(10556): 	at com.muzima.api.module.MuzimaModule.configure(MuzimaModule.java:89)
W/nalizableReferenceQueue(10556): 	at com.google.inject.AbstractModule.configure(AbstractModule.java:59)
W/nalizableReferenceQueue(10556): 	at com.google.inject.spi.Elements$RecordingBinder.install(Elements.java:223)
W/nalizableReferenceQueue(10556): 	at com.google.inject.spi.Elements.getElements(Elements.java:101)
W/nalizableReferenceQueue(10556): 	at com.google.inject.internal.InjectorShell$Builder.build(InjectorShell.java:133)
W/nalizableReferenceQueue(10556): 	at com.google.inject.internal.InternalInjectorCreator.build(InternalInjectorCreator.java:103)
W/nalizableReferenceQueue(10556): 	at com.google.inject.Guice.createInjector(Guice.java:95)
W/nalizableReferenceQueue(10556): 	at com.google.inject.Guice.createInjector(Guice.java:72)
W/nalizableReferenceQueue(10556): 	at com.google.inject.Guice.createInjector(Guice.java:62)
W/nalizableReferenceQueue(10556): 	at com.muzima.api.context.ContextFactory.createContext(ContextFactory.java:110)
W/nalizableReferenceQueue(10556): 	at com.muzima.MuzimaApplication.onCreate(MuzimaApplication.java:145)
W/nalizableReferenceQueue(10556): 	at android.app.Instrumentation.callApplicationOnCreate(Instrumentation.java:1012)
W/nalizableReferenceQueue(10556): 	at android.app.ActivityThread.handleBindApplication(ActivityThread.java:4553)
W/nalizableReferenceQueue(10556): 	at android.app.ActivityThread.access$1500(ActivityThread.java:151)
W/nalizableReferenceQueue(10556): 	at android.app.ActivityThread$H.handleMessage(ActivityThread.java:1364)
W/nalizableReferenceQueue(10556): 	at android.os.Handler.dispatchMessage(Handler.java:102)
W/nalizableReferenceQueue(10556): 	at android.os.Looper.loop(Looper.java:135)
W/nalizableReferenceQueue(10556): 	at android.app.ActivityThread.main(ActivityThread.java:5254)
W/nalizableReferenceQueue(10556): 	at java.lang.reflect.Method.invoke(Native Method)
W/nalizableReferenceQueue(10556): 	at java.lang.reflect.Method.invoke(Method.java:372)
W/nalizableReferenceQueue(10556): 	at com.android.internal.os.ZygoteInit$MethodAndArgsCaller.run(ZygoteInit.java:903)
W/nalizableReferenceQueue(10556): 	at com.android.internal.os.ZygoteInit.main(ZygoteInit.java:698)
W/System.err(10556): SLF4J: Failed to load class "org.slf4j.impl.StaticLoggerBinder".
W/System.err(10556): SLF4J: Defaulting to no-operation (NOP) logger implementation
W/System.err(10556): SLF4J: See http://www.slf4j.org/codes.html#StaticLoggerBinder for further details.
I/Disclaimer(10556): Disclaimer is accepted: true
I/ActivityManager(  469): START u0 {flg=0x14000000 cmp=com.muzima/.view.login.LoginActivity (has extras)} from uid 10085 on display 0
V/WindowManager(  469): addAppToken: AppWindowToken{2f9883c token=Token{34557a2f ActivityRecord{1751000e u0 com.muzima/.view.login.LoginActivity t80}}} to stack=1 task=80 at 1
D/ACRA    (10556): Opening CrashReportDialog for 1479142099000.stacktrace
D/OpenGLRenderer(10556): Use EGL_SWAP_BEHAVIOR_PRESERVED: false
D/Atlas   (10556): Validating map...
V/WindowManager(  469): Adding window Window{cf4ec28 u0 com.muzima/org.acra.CrashReportDialog} at 4 of 15 (after Window{4bc5b37 u0 com.android.systemui/com.android.systemui.usb.UsbDebuggingActivity})
I/art     (10556): Background sticky concurrent mark sweep GC freed 73895(2MB) AllocSpace objects, 0(0B) LOS objects, 21% free, 10MB/13MB, paused 6.151ms total 73.927ms
V/WindowManager(  469): Adding window Window{3bb102e6 u0 com.muzima/org.acra.CrashReportDialog} at 4 of 16 (before Window{cf4ec28 u0 com.muzima/org.acra.CrashReportDialog})
D/libEGL  (10556): loaded /system/lib/egl/libEGL_tegra.so
D/libEGL  (10556): loaded /system/lib/egl/libGLESv1_CM_tegra.so
D/libEGL  (10556): loaded /system/lib/egl/libGLESv2_tegra.so
I/OpenGLRenderer(10556): Initialized EGL, version 1.4
D/OpenGLRenderer(10556): Enabling debug mode 0
V/WindowManager(  469): Adding window Window{2fa6772 u0 com.muzima/com.muzima.view.login.LoginActivity} at 6 of 18 (after Window{cf4ec28 u0 com.muzima/org.acra.CrashReportDialog})
V/RenderScript(10556): 0x5ac8a0d0 Launching thread(s), CPUs 4
I/ActivityManager(  469): Displayed com.muzima/.view.login.LoginActivity: +512ms (total +2s357ms)
W/InputMethodManagerService(  469): Got RemoteException sending setActive(false) notification to pid 10483 uid 10085
I/ClearcutLoggerManager(  924): onStartInput()
I/ClearcutLoggerManager(  924): onFinishInput()
I/ClearcutLoggerManager(  924): onStartInput()
I/LatinIme(  924): initialize() : Language = en-US
I/LatinIme(  924): onActivate() : EditorInfo = Package = com.muzima : Type = Text : Learning = Disable : Suggestion = Show : AutoCorrection = Disable : Microphone = Show
W/InputConnectionWrapper(  924): Fixing selection indices to 0, 0
I/LatinMotionHandler(  924): consumeEvent() : GestureTypingEnabled = true
I/art     ( 1466): Explicit concurrent mark sweep GC freed 84802(4MB) AllocSpace objects, 42(678KB) LOS objects, 40% free, 14MB/23MB, paused 2.094ms total 528.386ms
I/ClearcutLoggerManager(  924): onConnected()
D/TaskPersister(  469): removeObsoleteFile: deleting file=78_task_thumbnail.png
I/LatinIme(  924): abortComposing()
I/LatinMotionHandler(  924): consumeEvent() : GestureTypingEnabled = true
I/LatinIme(  924): abortComposing()
I/LatinIme(  924): onDeactivate()
I/ClearcutLoggerManager(  924): onFinishInput()
I/ActivityManager(  469): moveTaskToBack: TaskRecord{2a3bbc0f #80 A=com.muzima U=0 sz=1}
D/ACRA    (10556): Looking for error files in /data/data/com.muzima/files
D/ACRA    (10556): Deleting file 1479142099000.stacktrace
W/ActivityManager(  469): Finishing task with all activities already finished
W/ActivityManager(  469): Duplicate finish request for ActivityRecord{1d0809c2 u0 com.muzima/org.acra.CrashReportDialog t82 f}
D/OpenGLRenderer(  704): endAllStagingAnimators on 0x6b776730 (RippleDrawable) with handle 0x6a777fc8
D/TaskPersister(  469): removeObsoleteFile: deleting file=82_task_thumbnail.png
I/ClearcutLoggerManager(  924): onStartInput()
I/LatinIme(  924): initialize() : Language = en-US
I/LatinIme(  924): onActivate() : EditorInfo = Package = com.muzima : Type = Text : Learning = Disable : Suggestion = Show : AutoCorrection = Disable : Microphone = Show
W/InputConnectionWrapper(  924): Fixing selection indices to 0, 0
I/LatinMotionHandler(  924): consumeEvent() : GestureTypingEnabled = true
I/LatinIme(  924): abortComposing()
W/IInputConnectionWrapper(10556): beginBatchEdit on inactive InputConnection
W/IInputConnectionWrapper(10556): getSelectedText on inactive InputConnection
W/IInputConnectionWrapper(10556): endBatchEdit on inactive InputConnection
W/IInputConnectionWrapper(10556): getTextBeforeCursor on inactive InputConnection
W/IInputConnectionWrapper(10556): getTextAfterCursor on inactive InputConnection
I/LatinIme(  924): onDeactivate()
I/ClearcutLoggerManager(  924): onFinishInput()
I/ClearcutLoggerManager(  924): onStartInput()
I/ActivityManager(  469): START u0 {cmp=com.muzima/.view.setupconfiguration.SetupMethodPreferenceWizardActivity} from uid 10085 on display 0
V/WindowManager(  469): addAppToken: AppWindowToken{203dd41b token=Token{18141e2a ActivityRecord{c721b15 u0 com.muzima/.view.setupconfiguration.SetupMethodPreferenceWizardActivity t80}}} to stack=1 task=80 at 1
V/WindowManager(  469): Adding window Window{2de65391 u0 Loading Setup Configs} at 5 of 16 (after Window{2fa6772 u0 com.muzima/com.muzima.view.login.LoginActivity})
I/Disclaimer(10556): Disclaimer is accepted: true
V/WindowManager(  469): Adding window Window{395b96f7 u0 com.muzima/com.muzima.view.setupconfiguration.SetupMethodPreferenceWizardActivity} at 6 of 17 (before Window{2de65391 u0 Loading Setup Configs})
I/ActivityManager(  469): Displayed com.muzima/.view.setupconfiguration.SetupMethodPreferenceWizardActivity: +240ms
E/WifiStateMachine(  469): WifiStateMachine CMD_START_SCAN source -2 txSuccessRate=0.13 rxSuccessRate=0.84 targetRoamBSSID=00:00:00:00:00:00 RSSI=-69
E/WifiStateMachine(  469): WifiStateMachine starting scan for "Marisa A"WPA_PSK with 2437,2462
I/MuzimaSyncService(10556): Setup Configs downloaded: 6
I/SetupConfigurationAdapter(10556): #SetupConfigurations: 6
I/art     (10556): Background sticky concurrent mark sweep GC freed 112811(5MB) AllocSpace objects, 3(48KB) LOS objects, 33% free, 10MB/16MB, paused 1.380ms total 115.694ms
I/ClearcutLoggerManager(  924): onFinishInput()
I/ClearcutLoggerManager(  924): onStartInput()
W/IInputConnectionWrapper(10556): finishComposingText on inactive InputConnection
W/IInputConnectionWrapper(10556): finishComposingText on inactive InputConnection
I/LatinIme(  924): initialize() : Language = en-US
I/LatinIme(  924): onActivate() : EditorInfo = Package = com.muzima : Type = Text : Learning = Enable : Suggestion = Show : AutoCorrection = Enable : Microphone = Show
W/InputConnectionWrapper(  924): Fixing selection indices to 0, 0
I/LatinMotionHandler(  924): consumeEvent() : GestureTypingEnabled = true
I/LatinIme(  924): abortComposing()
I/LatinMotionHandler(  924): consumeEvent() : GestureTypingEnabled = true
I/LatinIme(  924): abortComposing()
I/LatinIme(  924): onDeactivate()
I/ClearcutLoggerManager(  924): onFinishInput()
I/art     (  469): Explicit concurrent mark sweep GC freed 54031(2MB) AllocSpace objects, 24(389KB) LOS objects, 33% free, 29MB/44MB, paused 7.955ms total 213.884ms
W/IInputConnectionWrapper(10556): showStatusIcon on inactive InputConnection
W/ResourceType(  704): No package identifier when getting value for resource number 0x00000000
W/PackageManager(  704): Failure retrieving resources for com.muzima: Resource ID #0x0
W/OpenGLRenderer( 1054): Incorrectly called buildLayer on View: ShortcutAndWidgetContainer, destroying layer...
I/ActivityManager(  469): START u0 {act=android.intent.action.MAIN cat=[android.intent.category.LAUNCHER] flg=0x10200000 cmp=com.muzima/.view.MainActivity (has extras)} from uid 10014 on display 0
V/WindowManager(  469): addAppToken: AppWindowToken{307f0e3d token=Token{bf4394 ActivityRecord{8ea2be7 u0 com.muzima/.view.MainActivity t83}}} to stack=1 task=83 at 0
V/WindowManager(  469): Adding window Window{467712c u0 Starting com.muzima} at 2 of 15 (after Window{cf4ec28 u0 com.muzima/org.acra.CrashReportDialog EXITING})
I/Disclaimer(10556): Disclaimer is accepted: true
V/WindowManager(  469): Adding window Window{1235f98a u0 com.muzima/com.muzima.view.MainActivity} at 4 of 16 (before Window{467712c u0 Starting com.muzima})
I/ActivityManager(  469): Displayed com.muzima/.view.MainActivity: +294ms
W/art     (10556): Before Android 4.1, method int android.support.v7.internal.widget.ListViewCompat.lookForSelectablePosition(int, boolean) would have incorrectly overridden the package-private method in android.widget.ListView
V/WindowManager(  469): Adding window Window{2c942fe2 u0 PopupWindow:2a45c654} at 5 of 17 (after Window{1235f98a u0 com.muzima/com.muzima.view.MainActivity})
I/ActivityManager(  469): START u0 {cmp=com.muzima/.view.HelpActivity} from uid 10085 on display 0
V/WindowManager(  469): addAppToken: AppWindowToken{2d938fcf token=Token{b49682e ActivityRecord{204dfaa9 u0 com.muzima/.view.HelpActivity t83}}} to stack=1 task=83 at 1
V/WindowManager(  469): Adding window Window{3607d93a u0 com.muzima/com.muzima.view.HelpActivity} at 6 of 18 (after Window{2c942fe2 u0 PopupWindow:2a45c654 EXITING})
I/ActivityManager(  469): Displayed com.muzima/.view.HelpActivity: +150ms
I/GrammarCompilationSvcCt( 9471): #startService for null, APP_NAMES.
E/native  (  469): do suspend false
E/WifiStateMachine(  469): Unexpected BatchedScanResults :OK
I/dhcpcd  (10625): sending signal 14 to pid 25446
I/dhcpcd  (25446): received SIGALRM, renewing
I/dhcpcd  (25446): wlan0: renewing lease of 192.168.88.20
I/ContextCompilationHandl( 9471): Compiling grammar for: en-US, type=APP_NAMES
I/dhcpcd  (25446): wlan0: acknowledged 192.168.88.20 from 192.168.88.1
I/dhcpcd  (25446): wlan0: leased 192.168.88.20 for 600 seconds
I/Icing   ( 1541): Query from com.google.android.googlequicksearchbox package restrict com.google.android.gms start 0 num 1000
I/Icing   ( 1541): Usage reports 0 indexed 0 rejected 0 imm upload true
I/Icing   ( 1541): Usage reports 0 indexed 0 rejected 0 imm upload true
W/IcingInternalCorpora( 1541): getNumBytesRead when not calculated.
D/TaskPersister(  469): removeObsoleteFile: deleting file=80_task.xml
D/TaskPersister(  469): removeObsoleteFile: deleting file=80_task_thumbnail.png
D/ConnectivityService(  469): NetworkAgentInfo [WIFI () - 101] EVENT_NETWORK_INFO_CHANGED, going from CONNECTED to CONNECTING
D/ConnectivityService(  469): NetworkAgentInfo [WIFI () - 101] EVENT_NETWORK_INFO_CHANGED, going from CONNECTING to CONNECTED
E/WifiStateMachine(  469): WifiStateMachine: Leaving Connected state
W/ThreadPoolDumper( 9471): Task d[maybeDisconnect] was queued for 1008ms before starting on executor IcingConnectionExecutor
I/ClearcutLoggerManager(  924): flushAndDisconnect()
I/ClearcutLoggerManager(  924): flushAndDisconnect() : Success = true : Time = 16
I/ActivityManager(  469): START u0 {cmp=com.muzima/.view.HelpActivityAction} from uid 10085 on display 0
E/InputEventReceiver(10556): Exception dispatching input event.
E/MessageQueue-JNI(10556): Exception in MessageQueue callback: handleReceiveCallback
E/MessageQueue-JNI(10556): android.content.ActivityNotFoundException: Unable to find explicit activity class {com.muzima/com.muzima.view.HelpActivityAction}; have you declared this activity in your AndroidManifest.xml?
E/MessageQueue-JNI(10556): 	at android.app.Instrumentation.checkStartActivityResult(Instrumentation.java:1777)
E/MessageQueue-JNI(10556): 	at android.app.Instrumentation.execStartActivity(Instrumentation.java:1501)
E/MessageQueue-JNI(10556): 	at android.app.Activity.startActivityForResult(Activity.java:3745)
E/MessageQueue-JNI(10556): 	at android.app.Activity.startActivityForResult(Activity.java:3706)
E/MessageQueue-JNI(10556): 	at android.support.v4.app.FragmentActivity.startActivityForResult(FragmentActivity.java:748)
E/MessageQueue-JNI(10556): 	at android.app.Activity.startActivity(Activity.java:4016)
E/MessageQueue-JNI(10556): 	at android.app.Activity.startActivity(Activity.java:3984)
E/MessageQueue-JNI(10556): 	at com.muzima.view.HelpActivity$2.onChildClick(HelpActivity.java:175)
E/MessageQueue-JNI(10556): 	at android.widget.ExpandableListView.handleItemClick(ExpandableListView.java:716)
E/MessageQueue-JNI(10556): 	at android.widget.ExpandableListView.performItemClick(ExpandableListView.java:655)
E/MessageQueue-JNI(10556): 	at android.widget.AbsListView$PerformClick.run(AbsListView.java:3053)
E/MessageQueue-JNI(10556): 	at android.widget.AbsListView.onTouchUp(AbsListView.java:3872)
E/MessageQueue-JNI(10556): 	at android.widget.AbsListView.onTouchEvent(AbsListView.java:3637)
E/MessageQueue-JNI(10556): 	at android.view.View.dispatchTouchEvent(View.java:8471)
