I/DisplayManagerService(  469): Display device changed: DisplayDeviceInfo{"Built-in Screen": uniqueId="local:0", 800 x 1280, 60.000004 fps, supportedRefreshRates [60.000004], density 213, 213.0 x 213.0 dpi, appVsyncOff 0, presDeadline 17666666, touch INTERNAL, rotation 0, type BUILT_IN, state ON, FLAG_DEFAULT_DISPLAY, FLAG_ROTATES_WITH_CONTENT, FLAG_SECURE, FLAG_SUPPORTS_PROTECTED_BUFFERS}
I/DisplayPowerController(  469): Unblocked screen on after 363 ms
V/ActivityManager(  469): Display changed displayId=0
D/ConnectivityService(  469): updateNetworkScore for NetworkAgentInfo [WIFI () - 101] to 60
D/ConnectivityService(  469): rematching NetworkAgentInfo [WIFI () - 101]
D/ConnectivityService(  469): Network NetworkAgentInfo [WIFI () - 101] was already satisfying request 1. No change.
D/ConnectivityService(  469): notifyType AVAILABLE for NetworkAgentInfo [WIFI () - 101]
V/ActivityManager(  469): Display changed displayId=0
D/ConnectivityService(  469): NetworkAgentInfo [WIFI () - 101] EVENT_NETWORK_INFO_CHANGED, going from CONNECTED to CONNECTING
D/ConnectivityService(  469): NetworkAgentInfo [WIFI () - 101] EVENT_NETWORK_INFO_CHANGED, going from CONNECTING to CONNECTED
W/InputMethodManagerService(  469): Window already focused, ignoring focus gain of: com.android.internal.view.IInputMethodClient$Stub$Proxy@17474678 attribute=android.view.inputmethod.EditorInfo@19a1c151, token = android.os.BinderProxy@19cca3d0
D/TaskPersister(  469): removeObsoleteFile: deleting file=71_task_thumbnail.png
D/ConnectivityService(  469): updateNetworkScore for NetworkAgentInfo [WIFI () - 101] to 56
D/ConnectivityService(  469): rematching NetworkAgentInfo [WIFI () - 101]
D/ConnectivityService(  469): Network NetworkAgentInfo [WIFI () - 101] was already satisfying request 1. No change.
D/ConnectivityService(  469): notifyType AVAILABLE for NetworkAgentInfo [WIFI () - 101]
I/ActivityManager(  469): START u0 {act=com.facebook.intent.action.prod.VIEW_PERMALINK flg=0x14000000 cmp=com.facebook.katana/.activity.ImmersiveActivity (has extras)} from uid 10080 on display 0
V/WindowManager(  469): addAppToken: AppWindowToken{36553da8 token=Token{2a1a31cb ActivityRecord{1a35a49a u0 com.facebook.katana/.activity.ImmersiveActivity t73}}} to stack=1 task=73 at 0
V/WindowManager(  469): Adding window Window{2d1d0f43 u0 Starting com.facebook.katana} at 4 of 15 (after Window{18eb4fc9 u0 com.muzima/com.muzima.view.login.LoginActivity})
V/WindowManager(  469): Adding window Window{14216a6d u0 com.facebook.katana/com.facebook.katana.activity.ImmersiveActivity} at 4 of 16 (before Window{2d1d0f43 u0 Starting com.facebook.katana})
D/ConnectivityService(  469): updateNetworkScore for NetworkAgentInfo [WIFI () - 101] to 60
D/ConnectivityService(  469): rematching NetworkAgentInfo [WIFI () - 101]
D/ConnectivityService(  469): Network NetworkAgentInfo [WIFI () - 101] was already satisfying request 1. No change.
D/ConnectivityService(  469): notifyType AVAILABLE for NetworkAgentInfo [WIFI () - 101]
D/ConnectivityService(  469): updateNetworkScore for NetworkAgentInfo [WIFI () - 101] to 56
D/ConnectivityService(  469): rematching NetworkAgentInfo [WIFI () - 101]
D/ConnectivityService(  469): Network NetworkAgentInfo [WIFI () - 101] was already satisfying request 1. No change.
D/ConnectivityService(  469): notifyType AVAILABLE for NetworkAgentInfo [WIFI () - 101]
D/ConnectivityService(  469): updateNetworkScore for NetworkAgentInfo [WIFI () - 101] to 60
D/ConnectivityService(  469): rematching NetworkAgentInfo [WIFI () - 101]
D/ConnectivityService(  469): Network NetworkAgentInfo [WIFI () - 101] was already satisfying request 1. No change.
D/ConnectivityService(  469): notifyType AVAILABLE for NetworkAgentInfo [WIFI () - 101]
D/ConnectivityService(  469): updateNetworkScore for NetworkAgentInfo [WIFI () - 101] to 56
D/ConnectivityService(  469): rematching NetworkAgentInfo [WIFI () - 101]
D/ConnectivityService(  469): Network NetworkAgentInfo [WIFI () - 101] was already satisfying request 1. No change.
D/ConnectivityService(  469): notifyType AVAILABLE for NetworkAgentInfo [WIFI () - 101]
D/ConnectivityService(  469): updateNetworkScore for NetworkAgentInfo [WIFI () - 101] to 60
D/ConnectivityService(  469): rematching NetworkAgentInfo [WIFI () - 101]
D/ConnectivityService(  469): Network NetworkAgentInfo [WIFI () - 101] was already satisfying request 1. No change.
D/ConnectivityService(  469): notifyType AVAILABLE for NetworkAgentInfo [WIFI () - 101]
V/WindowManager(  469): Adding window Window{a15dad3 u0 PopupWindow:30948a3f} at 6 of 16 (after Window{3a1b496b u0 com.facebook.orca})
V/WindowManager(  469): Adding window Window{3512a8c5 u0 PopupWindow:30948a3f} at 6 of 16 (after Window{3a1b496b u0 com.facebook.orca})
V/WindowManager(  469): Adding window Window{28b3d14b u0 PopupWindow:30948a3f} at 8 of 17 (after Window{3512a8c5 u0 PopupWindow:30948a3f EXITING})
D/ConnectivityService(  469): updateNetworkScore for NetworkAgentInfo [WIFI () - 101] to 56
D/ConnectivityService(  469): rematching NetworkAgentInfo [WIFI () - 101]
D/ConnectivityService(  469): Network NetworkAgentInfo [WIFI () - 101] was already satisfying request 1. No change.
D/ConnectivityService(  469): notifyType AVAILABLE for NetworkAgentInfo [WIFI () - 101]
D/ConnectivityService(  469): updateNetworkScore for NetworkAgentInfo [WIFI () - 101] to 55
D/ConnectivityService(  469): rematching NetworkAgentInfo [WIFI () - 101]
D/ConnectivityService(  469): Network NetworkAgentInfo [WIFI () - 101] was already satisfying request 1. No change.
D/ConnectivityService(  469): notifyType AVAILABLE for NetworkAgentInfo [WIFI () - 101]
D/ConnectivityService(  469): updateNetworkScore for NetworkAgentInfo [WIFI () - 101] to 59
D/ConnectivityService(  469): rematching NetworkAgentInfo [WIFI () - 101]
D/ConnectivityService(  469): Network NetworkAgentInfo [WIFI () - 101] was already satisfying request 1. No change.
D/ConnectivityService(  469): notifyType AVAILABLE for NetworkAgentInfo [WIFI () - 101]
D/ConnectivityService(  469): NetworkAgentInfo [WIFI () - 101] EVENT_NETWORK_INFO_CHANGED, going from CONNECTED to CONNECTING
D/ConnectivityService(  469): NetworkAgentInfo [WIFI () - 101] EVENT_NETWORK_INFO_CHANGED, going from CONNECTING to CONNECTED
D/ConnectivityService(  469): updateNetworkScore for NetworkAgentInfo [WIFI () - 101] to 55
D/ConnectivityService(  469): rematching NetworkAgentInfo [WIFI () - 101]
D/ConnectivityService(  469): Network NetworkAgentInfo [WIFI () - 101] was already satisfying request 1. No change.
D/ConnectivityService(  469): notifyType AVAILABLE for NetworkAgentInfo [WIFI () - 101]
D/ConnectivityService(  469): updateNetworkScore for NetworkAgentInfo [WIFI () - 101] to 56
D/ConnectivityService(  469): rematching NetworkAgentInfo [WIFI () - 101]
D/ConnectivityService(  469): Network NetworkAgentInfo [WIFI () - 101] was already satisfying request 1. No change.
D/ConnectivityService(  469): notifyType AVAILABLE for NetworkAgentInfo [WIFI () - 101]
D/ConnectivityService(  469): updateNetworkScore for NetworkAgentInfo [WIFI () - 101] to 55
D/ConnectivityService(  469): rematching NetworkAgentInfo [WIFI () - 101]
D/ConnectivityService(  469): Network NetworkAgentInfo [WIFI () - 101] was already satisfying request 1. No change.
D/ConnectivityService(  469): notifyType AVAILABLE for NetworkAgentInfo [WIFI () - 101]
D/ConnectivityService(  469): updateNetworkScore for NetworkAgentInfo [WIFI () - 101] to 56
D/ConnectivityService(  469): rematching NetworkAgentInfo [WIFI () - 101]
D/ConnectivityService(  469): Network NetworkAgentInfo [WIFI () - 101] was already satisfying request 1. No change.
D/ConnectivityService(  469): notifyType AVAILABLE for NetworkAgentInfo [WIFI () - 101]
D/ConnectivityService(  469): updateNetworkScore for NetworkAgentInfo [WIFI () - 101] to 55
D/ConnectivityService(  469): rematching NetworkAgentInfo [WIFI () - 101]
D/ConnectivityService(  469): Network NetworkAgentInfo [WIFI () - 101] was already satisfying request 1. No change.
D/ConnectivityService(  469): notifyType AVAILABLE for NetworkAgentInfo [WIFI () - 101]
D/ConnectivityService(  469): updateNetworkScore for NetworkAgentInfo [WIFI () - 101] to 56
D/ConnectivityService(  469): rematching NetworkAgentInfo [WIFI () - 101]
D/ConnectivityService(  469): Network NetworkAgentInfo [WIFI () - 101] was already satisfying request 1. No change.
D/ConnectivityService(  469): notifyType AVAILABLE for NetworkAgentInfo [WIFI () - 101]
D/ConnectivityService(  469): updateNetworkScore for NetworkAgentInfo [WIFI () - 101] to 55
D/ConnectivityService(  469): rematching NetworkAgentInfo [WIFI () - 101]
D/ConnectivityService(  469): Network NetworkAgentInfo [WIFI () - 101] was already satisfying request 1. No change.
D/ConnectivityService(  469): notifyType AVAILABLE for NetworkAgentInfo [WIFI () - 101]
D/ConnectivityService(  469): updateNetworkScore for NetworkAgentInfo [WIFI () - 101] to 56
D/ConnectivityService(  469): rematching NetworkAgentInfo [WIFI () - 101]
D/ConnectivityService(  469): Network NetworkAgentInfo [WIFI () - 101] was already satisfying request 1. No change.
D/ConnectivityService(  469): notifyType AVAILABLE for NetworkAgentInfo [WIFI () - 101]
D/ConnectivityService(  469): updateNetworkScore for NetworkAgentInfo [WIFI () - 101] to 55
D/ConnectivityService(  469): rematching NetworkAgentInfo [WIFI () - 101]
D/ConnectivityService(  469): Network NetworkAgentInfo [WIFI () - 101] was already satisfying request 1. No change.
D/ConnectivityService(  469): notifyType AVAILABLE for NetworkAgentInfo [WIFI () - 101]
D/ConnectivityService(  469): updateNetworkScore for NetworkAgentInfo [WIFI () - 101] to 56
D/ConnectivityService(  469): rematching NetworkAgentInfo [WIFI () - 101]
D/ConnectivityService(  469): Network NetworkAgentInfo [WIFI () - 101] was already satisfying request 1. No change.
D/ConnectivityService(  469): notifyType AVAILABLE for NetworkAgentInfo [WIFI () - 101]
D/ConnectivityService(  469): updateNetworkScore for NetworkAgentInfo [WIFI () - 101] to 55
D/ConnectivityService(  469): rematching NetworkAgentInfo [WIFI () - 101]
D/ConnectivityService(  469): Network NetworkAgentInfo [WIFI () - 101] was already satisfying request 1. No change.
D/ConnectivityService(  469): notifyType AVAILABLE for NetworkAgentInfo [WIFI () - 101]
I/PowerManagerService(  469): Going to sleep due to screen timeout (uid 1000)...
I/PowerManagerService(  469): Sleeping (uid 1000)...
I/DisplayManagerService(  469): Display device changed: DisplayDeviceInfo{"Built-in Screen": uniqueId="local:0", 800 x 1280, 60.000004 fps, supportedRefreshRates [60.000004], density 213, 213.0 x 213.0 dpi, appVsyncOff 0, presDeadline 17666666, touch INTERNAL, rotation 0, type BUILT_IN, state OFF, FLAG_DEFAULT_DISPLAY, FLAG_ROTATES_WITH_CONTENT, FLAG_SECURE, FLAG_SUPPORTS_PROTECTED_BUFFERS}
V/ActivityManager(  469): Display changed displayId=0
W/ActivityManager(  469): Activity pause timeout for ActivityRecord{1a35a49a u0 com.facebook.katana/.activity.ImmersiveActivity t73}
W/ProcessCpuTracker(  469): Skipping unknown process pid 5169
W/ProcessCpuTracker(  469): Skipping unknown process pid 5171
W/ProcessCpuTracker(  469): Skipping unknown process pid 5172
D/ConnectivityService(  469): NetworkAgentInfo [WIFI () - 101] EVENT_NETWORK_INFO_CHANGED, going from CONNECTED to CONNECTING
D/ConnectivityService(  469): NetworkAgentInfo [WIFI () - 101] EVENT_NETWORK_INFO_CHANGED, going from CONNECTING to CONNECTED
W/ProcessCpuTracker(  469): Skipping unknown process pid 5436
W/ProcessCpuTracker(  469): Skipping unknown process pid 5438
W/ProcessCpuTracker(  469): Skipping unknown process pid 5439
I/PowerManagerService(  469): Waking up from sleep (uid 1000)...
I/DisplayPowerController(  469): Blocking screen on until initial contents have been drawn.
I/DisplayManagerService(  469): Display device changed: DisplayDeviceInfo{"Built-in Screen": uniqueId="local:0", 800 x 1280, 60.000004 fps, supportedRefreshRates [60.000004], density 213, 213.0 x 213.0 dpi, appVsyncOff 0, presDeadline 17666666, touch INTERNAL, rotation 0, type BUILT_IN, state ON, FLAG_DEFAULT_DISPLAY, FLAG_ROTATES_WITH_CONTENT, FLAG_SECURE, FLAG_SUPPORTS_PROTECTED_BUFFERS}
V/ActivityManager(  469): Display changed displayId=0
I/DisplayPowerController(  469): Unblocked screen on after 324 ms
D/ConnectivityService(  469): updateNetworkScore for NetworkAgentInfo [WIFI () - 101] to 56
D/ConnectivityService(  469): rematching NetworkAgentInfo [WIFI () - 101]
D/ConnectivityService(  469): Network NetworkAgentInfo [WIFI () - 101] was already satisfying request 1. No change.
D/ConnectivityService(  469): notifyType AVAILABLE for NetworkAgentInfo [WIFI () - 101]
W/InputMethodManagerService(  469): Window already focused, ignoring focus gain of: com.android.internal.view.IInputMethodClient$Stub$Proxy@352bd062 attribute=null, token = android.os.BinderProxy@191db284
D/ConnectivityService(  469): updateNetworkScore for NetworkAgentInfo [WIFI () - 101] to 60
D/ConnectivityService(  469): rematching NetworkAgentInfo [WIFI () - 101]
D/ConnectivityService(  469): Network NetworkAgentInfo [WIFI () - 101] was already satisfying request 1. No change.
D/ConnectivityService(  469): notifyType AVAILABLE for NetworkAgentInfo [WIFI () - 101]
--------- beginning of main
I/LatinIme(  924): abortComposing()
E/MediaPlayer(16598): Should have subtitle controller already set
D/NuPlayerDriver(  124): start(0x4205a6e8)
I/GenericSource(  124): start
E/MediaPlayer(16598): Should have subtitle controller already set
I/LatinMotionHandler(  924): consumeEvent() : GestureTypingEnabled = true
I/ClearcutLoggerManager(  924): onStartInput()
I/LatinIme(  924): abortComposing()
W/InputConnectionWrapper(  924): Fixing selection indices to 0, 0
I/LatinIme(  924): onDeactivate()
I/LatinIme(  924): onActivate() : EditorInfo = Package = com.facebook.orca : Type = Text : Learning = Enable : Suggestion = Show : AutoCorrection = Enable : Microphone = Show
W/View    (16598): requestLayout() improperly called by com.facebook.widget.animatablelistview.k{14ab03e0 V.E..... ......ID 0,0-800,64} during layout: running second layout pass
I/LatinMotionHandler(  924): consumeEvent() : GestureTypingEnabled = true
D/NuPlayerDriver(  124): reset(0x4205a6e8)
I/Choreographer(  924): Skipped 32 frames!  The application may be doing too much work on its main thread.
D/NuPlayerDriver(  124): notifyResetComplete(0x4205a6e8)
D/NuPlayerDriver(  124): reset(0x4205a6e8)
I/LatinMotionHandler(  924): consumeEvent() : GestureTypingEnabled = true
E/WifiStateMachine(  469): WifiStateMachine CMD_START_SCAN source -2 txSuccessRate=2.71 rxSuccessRate=4.09 targetRoamBSSID=68:72:51:34:27:8f RSSI=-62
E/SpannableStringBuilder(16598): SPAN_EXCLUSIVE_EXCLUSIVE spans cannot have a zero length
E/SpannableStringBuilder(16598): SPAN_EXCLUSIVE_EXCLUSIVE spans cannot have a zero length
I/DownloadManagerWrapper(  924): onReceive() : Charging = true
I/art     (  924): Background sticky concurrent mark sweep GC freed 39306(1873KB) AllocSpace objects, 0(0B) LOS objects, 15% free, 10MB/12MB, paused 1.687ms total 123.284ms
V/WindowManager(  469): Adding window Window{33f1e341 u0 PopupWindow:30948a3f} at 6 of 16 (after Window{3a1b496b u0 com.facebook.orca})
I/LatinMotionHandler(  924): consumeEvent() : GestureTypingEnabled = true
E/SpannableStringBuilder(16598): SPAN_EXCLUSIVE_EXCLUSIVE spans cannot have a zero length
E/SpannableStringBuilder(16598): SPAN_EXCLUSIVE_EXCLUSIVE spans cannot have a zero length
E/SpannableStringBuilder(16598): SPAN_EXCLUSIVE_EXCLUSIVE spans cannot have a zero length
E/SpannableStringBuilder(16598): SPAN_EXCLUSIVE_EXCLUSIVE spans cannot have a zero length
E/WifiStateMachine(  469): WifiStateMachine CMD_START_SCAN source -2 txSuccessRate=0.67 rxSuccessRate=1.87 targetRoamBSSID=68:72:51:34:27:8f RSSI=-65
E/WifiStateMachine(  469): WifiStateMachine starting scan for "Marisa L"WPA_PSK with 2462,2437
D/ConnectivityService(  469): updateNetworkScore for NetworkAgentInfo [WIFI () - 101] to 56
D/ConnectivityService(  469): rematching NetworkAgentInfo [WIFI () - 101]
D/ConnectivityService(  469): Network NetworkAgentInfo [WIFI () - 101] was already satisfying request 1. No change.
D/ConnectivityService(  469): notifyType AVAILABLE for NetworkAgentInfo [WIFI () - 101]
D/ConnectivityManager.CallbackHandler(  704): CM callback handler got msg 524290
D/ConnectivityManager.CallbackHandler( 1541): CM callback handler got msg 524290
D/ConnectivityManager.CallbackHandler(24395): CM callback handler got msg 524290
D/ConnectivityManager.CallbackHandler(32044): CM callback handler got msg 524290
D/ConnectivityManager.CallbackHandler(16598): CM callback handler got msg 524290
D/ConnectivityService(  469): updateNetworkScore for NetworkAgentInfo [WIFI () - 101] to 60
D/ConnectivityService(  469): rematching NetworkAgentInfo [WIFI () - 101]
D/ConnectivityService(  469): Network NetworkAgentInfo [WIFI () - 101] was already satisfying request 1. No change.
D/ConnectivityService(  469): notifyType AVAILABLE for NetworkAgentInfo [WIFI () - 101]
D/ConnectivityManager.CallbackHandler(  704): CM callback handler got msg 524290
D/ConnectivityManager.CallbackHandler(24395): CM callback handler got msg 524290
D/ConnectivityManager.CallbackHandler(16598): CM callback handler got msg 524290
D/ConnectivityManager.CallbackHandler( 1541): CM callback handler got msg 524290
D/ConnectivityManager.CallbackHandler(32044): CM callback handler got msg 524290
V/WindowManager(  469): Adding window Window{1b7c3dc3 u0 PopupWindow:30948a3f} at 6 of 16 (after Window{3a1b496b u0 com.facebook.orca})
I/LatinMotionHandler(  924): consumeEvent() : GestureTypingEnabled = true
E/SpannableStringBuilder(16598): SPAN_EXCLUSIVE_EXCLUSIVE spans cannot have a zero length
E/SpannableStringBuilder(16598): SPAN_EXCLUSIVE_EXCLUSIVE spans cannot have a zero length
E/SpannableStringBuilder(16598): SPAN_EXCLUSIVE_EXCLUSIVE spans cannot have a zero length
E/SpannableStringBuilder(16598): SPAN_EXCLUSIVE_EXCLUSIVE spans cannot have a zero length
I/UsageStatsService(  469): User[0] Flushing usage stats to disk
E/WifiStateMachine(  469): WifiStateMachine CMD_START_SCAN source -2 txSuccessRate=0.71 rxSuccessRate=1.17 targetRoamBSSID=68:72:51:34:27:8f RSSI=-64
I/LatinIme(  924): abortComposing()
E/MediaPlayer(16598): Should have subtitle controller already set
D/NuPlayerDriver(  124): start(0x4205a6e8)
I/GenericSource(  124): start
E/MediaPlayer(16598): Should have subtitle controller already set
I/LatinMotionHandler(  924): consumeEvent() : GestureTypingEnabled = true
I/ClearcutLoggerManager(  924): onStartInput()
I/LatinIme(  924): abortComposing()
W/InputConnectionWrapper(  924): Fixing selection indices to 0, 0
W/View    (16598): requestLayout() improperly called by com.facebook.widget.animatablelistview.k{14ab03e0 V.E..... ......ID 0,0-800,59} during layout: running second layout pass
I/LatinIme(  924): onDeactivate()
I/LatinIme(  924): onActivate() : EditorInfo = Package = com.facebook.orca : Type = Text : Learning = Enable : Suggestion = Show : AutoCorrection = Enable : Microphone = Show
I/LatinMotionHandler(  924): consumeEvent() : GestureTypingEnabled = true
D/NuPlayerDriver(  124): reset(0x4205a6e8)
D/NuPlayerDriver(  124): notifyResetComplete(0x4205a6e8)
D/NuPlayerDriver(  124): reset(0x4205a6e8)
I/LatinMotionHandler(  924): consumeEvent() : GestureTypingEnabled = true
E/MediaPlayer(16598): Should have subtitle controller already set
E/MediaPlayer(16598): Should have subtitle controller already set
D/NuPlayerDriver(  124): start(0x4205a6e8)
I/GenericSource(  124): start
D/NuPlayerDriver(  124): reset(0x4205a6e8)
D/NuPlayerDriver(  124): notifyResetComplete(0x4205a6e8)
D/NuPlayerDriver(  124): reset(0x4205a6e8)
W/art     (16598): Attempt to remove local handle scope entry from IRT, ignoring
W/art     (16598): Attempt to remove local handle scope entry from IRT, ignoring
E/native  (  469): do suspend false
E/WifiStateMachine(  469): Unexpected BatchedScanResults :OK
I/dhcpcd  ( 5606): sending signal 14 to pid 25446
I/dhcpcd  (25446): received SIGALRM, renewing
I/dhcpcd  (25446): wlan0: renewing lease of 192.168.88.20
I/dhcpcd  (25446): wlan0: acknowledged 192.168.88.20 from 192.168.88.1
I/dhcpcd  (25446): wlan0: leased 192.168.88.20 for 600 seconds
D/ConnectivityService(  469): NetworkAgentInfo [WIFI () - 101] EVENT_NETWORK_INFO_CHANGED, going from CONNECTED to CONNECTING
D/ConnectivityService(  469): NetworkAgentInfo [WIFI () - 101] EVENT_NETWORK_INFO_CHANGED, going from CONNECTING to CONNECTED
E/WifiStateMachine(  469): WifiStateMachine: Leaving Connected state
E/WifiStateMachine(  469): WifiStateMachine CMD_START_SCAN source -2 txSuccessRate=1.22 rxSuccessRate=3.11 targetRoamBSSID=68:72:51:34:27:8f RSSI=-62
E/WifiStateMachine(  469): WifiStateMachine L2Connected CMD_START_SCAN source -2 376, 377 -> obsolete
I/DownloadManagerWrapper(  924): onReceive() : Charging = true
E/SpannableStringBuilder(16598): SPAN_EXCLUSIVE_EXCLUSIVE spans cannot have a zero length
E/SpannableStringBuilder(16598): SPAN_EXCLUSIVE_EXCLUSIVE spans cannot have a zero length
I/LatinIme(  924): abortComposing()
E/MediaPlayer(16598): Should have subtitle controller already set
D/NuPlayerDriver(  124): start(0x4205a6e8)
I/GenericSource(  124): start
E/MediaPlayer(16598): Should have subtitle controller already set
I/LatinMotionHandler(  924): consumeEvent() : GestureTypingEnabled = true
I/ClearcutLoggerManager(  924): onStartInput()
I/LatinIme(  924): abortComposing()
W/InputConnectionWrapper(  924): Fixing selection indices to 0, 0
I/LatinIme(  924): onDeactivate()
I/LatinIme(  924): onActivate() : EditorInfo = Package = com.facebook.orca : Type = Text : Learning = Enable : Suggestion = Show : AutoCorrection = Enable : Microphone = Show
W/View    (16598): requestLayout() improperly called by com.facebook.widget.animatablelistview.k{14ab03e0 V.E..... ......ID 0,0-800,64} during layout: running second layout pass
I/LatinMotionHandler(  924): consumeEvent() : GestureTypingEnabled = true
D/NuPlayerDriver(  124): reset(0x4205a6e8)
D/NuPlayerDriver(  124): notifyResetComplete(0x4205a6e8)
D/NuPlayerDriver(  124): reset(0x4205a6e8)
I/art     (16598): Background sticky concurrent mark sweep GC freed 40824(3MB) AllocSpace objects, 27(406KB) LOS objects, 10% free, 33MB/37MB, paused 4.569ms total 124.551ms
I/LatinMotionHandler(  924): consumeEvent() : GestureTypingEnabled = true
D/ConnectivityService(  469): updateNetworkScore for NetworkAgentInfo [WIFI () - 101] to 56
D/ConnectivityService(  469): rematching NetworkAgentInfo [WIFI () - 101]
D/ConnectivityService(  469): Network NetworkAgentInfo [WIFI () - 101] was already satisfying request 1. No change.
D/ConnectivityService(  469): notifyType AVAILABLE for NetworkAgentInfo [WIFI () - 101]
D/ConnectivityManager.CallbackHandler(  704): CM callback handler got msg 524290
D/ConnectivityManager.CallbackHandler(24395): CM callback handler got msg 524290
D/ConnectivityManager.CallbackHandler(16598): CM callback handler got msg 524290
D/ConnectivityManager.CallbackHandler(32044): CM callback handler got msg 524290
D/ConnectivityManager.CallbackHandler( 1541): CM callback handler got msg 524290
I/LatinIme(  924): abortComposing()
W/IInputConnectionWrapper(16598): endBatchEdit on inactive InputConnection
W/IInputConnectionWrapper(16598): getTextBeforeCursor on inactive InputConnection
W/IInputConnectionWrapper(16598): getTextAfterCursor on inactive InputConnection
I/LatinIme(  924): onDeactivate()
I/ClearcutLoggerManager(  924): onFinishInput()
W/IInputConnectionWrapper(16598): showStatusIcon on inactive InputConnection
E/WifiStateMachine(  469): WifiStateMachine CMD_START_SCAN source -2 txSuccessRate=2.65 rxSuccessRate=6.51 targetRoamBSSID=68:72:51:34:27:8f RSSI=-71
E/WifiStateMachine(  469): WifiStateMachine starting scan for "Marisa L"WPA_PSK with 2462,2437
D/ConnectivityService(  469): updateNetworkScore for NetworkAgentInfo [WIFI () - 101] to 60
D/ConnectivityService(  469): rematching NetworkAgentInfo [WIFI () - 101]
D/ConnectivityService(  469): Network NetworkAgentInfo [WIFI () - 101] was already satisfying request 1. No change.
D/ConnectivityService(  469): notifyType AVAILABLE for NetworkAgentInfo [WIFI () - 101]
D/ConnectivityManager.CallbackHandler( 1541): CM callback handler got msg 524290
D/ConnectivityManager.CallbackHandler(24395): CM callback handler got msg 524290
D/ConnectivityManager.CallbackHandler(16598): CM callback handler got msg 524290
D/ConnectivityManager.CallbackHandler(32044): CM callback handler got msg 524290
D/ConnectivityManager.CallbackHandler(  704): CM callback handler got msg 524290
E/fb4a(:<default>):GRAPHQL_QUERY_STRING(24395): Trying to set unknown parameter 'likers_profile_image_size' on query 'NotificationStoryQueryDepth3'
I/ClearcutLoggerManager(  924): flushAndDisconnect()
I/ClearcutLoggerManager(  924): flushAndDisconnect() : Success = true : Time = 13
E/WifiStateMachine(  469): WifiStateMachine CMD_START_SCAN source -2 txSuccessRate=0.52 rxSuccessRate=7.12 targetRoamBSSID=68:72:51:34:27:8f RSSI=-60
V/WindowManager(  469): Adding window Window{3788da1b u0 Panel:com.facebook.katana/com.facebook.katana.activity.ImmersiveActivity} at 5 of 16 (after Window{14216a6d u0 com.facebook.katana/com.facebook.katana.activity.ImmersiveActivity})
I/ActivityManager(  469): START u0 {cmp=com.facebook.katana/.activity.FbMainTabActivity (has extras)} from uid 10080 on display 0
V/WindowManager(  469): addAppToken: AppWindowToken{33a76682 token=Token{388e6dcd ActivityRecord{3a992764 u0 com.facebook.katana/.activity.FbMainTabActivity t73}}} to stack=1 task=73 at 1
W/fb4a(:<default>):InteractionTTI(24395): Tried to fail a sequence that wasn't in progress
W/ActivityManager(  469): Duplicate finish request for ActivityRecord{1a35a49a u0 com.facebook.katana/.activity.ImmersiveActivity t73 f}
I/System.out(24395): Creating REAL NavigationComponentMap!!!
I/ActivityManager(  469): Start proc 5727:com.facebook.katana:videoplayer/u0a80 for service com.facebook.katana/com.facebook.video.vps.VideoPlayerService
E/fb4a(:<default>):0Vt(24395): Called registerBroadcastReceiver twice.
V/WindowManager(  469): Adding window Window{16d0800b u0 com.facebook.katana/com.facebook.katana.activity.FbMainTabActivity} at 5 of 16 (after Window{14216a6d u0 com.facebook.katana/com.facebook.katana.activity.ImmersiveActivity})
W/ResourcesManager( 5727): Asset path '/system/framework/com.google.android.maps.jar' does not exist or contains no resources.
I/ActivityManager(  469): Displayed com.facebook.katana/.activity.FbMainTabActivity: +1s287ms
W/art     (24395): Attempt to remove local handle scope entry from IRT, ignoring
W/art     (24395): Attempt to remove local handle scope entry from IRT, ignoring
I/art     ( 5727): Thread[1,tid=5727,WaitingForJniOnLoad,Thread*=0x400bf600,peer=0x733afeb8,"main"] recursive attempt to load library "/data/data/com.facebook.katana/lib-xzs/libfb.so"
V/appstatelogger( 5727): Registered App State Logger stream with Breakpad
V/dalvik-internals( 5727): Hooking function _ZN3art12FaultManager35EnsureArtActionInFrontOfSignalChainEv
V/dalvik-internals( 5727): hooked _ZN3art12FaultManager35EnsureArtActionInFrontOfSignalChainEv using jump ()
V/dalvik-internals( 5727): hooked signal using trap ()
V/dalvik-internals( 5727): hooked sysv_signal using trap ()
V/dalvik-internals( 5727): hooked bsd_signal using trap ()
E/linker  ( 5727): "app_process": ignoring 2-entry DT_PREINIT_ARRAY in shared library!
V/dalvik-internals( 5727): hooked sigaction using trap ()
I/dalvik-internals( 5727): installed sigmux crash handler for crash log
E/fb4a(:<default>):GRAPHQL_QUERY_STRING(24395): Trying to set unknown parameter 'in_channel_eligibility_experiment' on query 'FetchProductionPromptsQuery'
I/Choreographer(24395): Skipped 88 frames!  The application may be doing too much work on its main thread.
W/fb4a(:<default>):1uu(24395): FeedUnit is not GraphQLStory so can't extract actors.FeedUnitType:PlaceReviewFeedUnit
E/WifiStateMachine(  469): WifiStateMachine CMD_START_SCAN source -2 txSuccessRate=4.50 rxSuccessRate=2.61 targetRoamBSSID=68:72:51:34:27:8f RSSI=-61
E/WifiStateMachine(  469): WifiStateMachine starting scan for "Marisa L"WPA_PSK with 2462,2437
W/View    (24395): requestLayout() improperly called by android.widget.ProgressBar{2a3dbd0a V.ED.... ......I. 0,0-0,0 #7f0d0430 app:id/loading_view} during layout: running second layout pass
I/Choreographer(24395): Skipped 35 frames!  The application may be doing too much work on its main thread.
W/View    (24395): requestLayout() improperly called by android.widget.ProgressBar{2a3dbd0a V.ED.... ......ID 343,34-370,61 #7f0d0430 app:id/loading_view} during layout: running second layout pass
W/fb4a(:<default>):RequestLoggingListener(24395): time 23561798: onRequestFailure: {requestId: 40, elapsedTime: -1 ms, throwable: java.lang.NullPointerException: Encoded image is not valid.}
W/fb4a(:<default>):RequestLoggingListener(24395): time 23562127: onRequestFailure: {requestId: 45, elapsedTime: -1 ms, throwable: java.lang.NullPointerException: Encoded image is not valid.}
W/fb4a(:<default>):RequestLoggingListener(24395): time 23562134: onRequestFailure: {requestId: 46, elapsedTime: -1 ms, throwable: java.lang.NullPointerException: Encoded image is not valid.}
W/fb4a(:<default>):InteractionTTI(24395): Tried to fail a sequence that wasn't in progress
E/fb4a(:<default>):GRAPHQL_QUERY_STRING(24395): Trying to set unknown parameter 'in_channel_eligibility_experiment' on query 'FetchProductionPromptsQuery'
I/art     (24395): Background sticky concurrent mark sweep GC freed 173655(9MB) AllocSpace objects, 42(719KB) LOS objects, 17% free, 36MB/44MB, paused 4.646ms total 272.659ms
W/fb4a(:<default>):1uu(24395): FeedUnit is not GraphQLStory so can't extract actors.FeedUnitType:PlaceReviewFeedUnit
I/art     (24395): Background sticky concurrent mark sweep GC freed 15703(926KB) AllocSpace objects, 9(208KB) LOS objects, 2% free, 43MB/44MB, paused 18.946ms total 157.262ms
I/art     (24395): Background partial concurrent mark sweep GC freed 27968(1618KB) AllocSpace objects, 10(235KB) LOS objects, 27% free, 42MB/58MB, paused 3.942ms total 362.028ms
I/Choreographer(24395): Skipped 50 frames!  The application may be doing too much work on its main thread.
W/fb4a(:<default>):1uu(24395): FeedUnit is not GraphQLStory so can't extract actors.FeedUnitType:PeopleYouMayInviteFeedUnit
W/fb4a(:<default>):1uu(24395): FeedUnit is not GraphQLStory so can't extract actors.FeedUnitType:PeopleYouMayInviteFeedUnit
I/art     (24395): Background sticky concurrent mark sweep GC freed 169914(8MB) AllocSpace objects, 26(436KB) LOS objects, 13% free, 49MB/57MB, paused 8.845ms total 320.367ms
I/DownloadManagerWrapper(  924): onReceive() : Charging = true
E/WifiStateMachine(  469): WifiStateMachine CMD_START_SCAN source -2 txSuccessRate=20.92 rxSuccessRate=28.70 targetRoamBSSID=68:72:51:34:27:8f RSSI=-63
E/WifiStateMachine(  469): WifiStateMachine starting scan for "Marisa L"WPA_PSK with 2462,2437
D/ConnectivityService(  469): updateNetworkScore for NetworkAgentInfo [WIFI () - 101] to 56
D/ConnectivityService(  469): rematching NetworkAgentInfo [WIFI () - 101]
D/ConnectivityService(  469): Network NetworkAgentInfo [WIFI () - 101] was already satisfying request 1. No change.
D/ConnectivityService(  469): notifyType AVAILABLE for NetworkAgentInfo [WIFI () - 101]
D/ConnectivityManager.CallbackHandler(  704): CM callback handler got msg 524290
D/ConnectivityManager.CallbackHandler(24395): CM callback handler got msg 524290
D/ConnectivityManager.CallbackHandler(16598): CM callback handler got msg 524290
D/ConnectivityManager.CallbackHandler(32044): CM callback handler got msg 524290
D/ConnectivityManager.CallbackHandler( 1541): CM callback handler got msg 524290
E/fb4a(:<default>):GRAPHQL_QUERY_STRING(24395): Trying to set unknown parameter 'in_channel_eligibility_experiment' on query 'FetchProductionPromptsQuery'
I/art     (24395): Background sticky concurrent mark sweep GC freed 59047(3MB) AllocSpace objects, 25(400KB) LOS objects, 1% free, 56MB/57MB, paused 8.443ms total 171.786ms
I/art     (24395): Background partial concurrent mark sweep GC freed 38244(2MB) AllocSpace objects, 8(3MB) LOS objects, 23% free, 53MB/69MB, paused 6.349ms total 482.528ms
D/PhoneStatusBar(  704): disable: < expand ICONS* alerts SYSTEM_INFO* back home recent clock search >
D/BluetoothAdapter(  704): 169074843: getState() :  mService = null. Returning STATE_OFF
D/BluetoothAdapter(  704): 169074843: getState() :  mService = null. Returning STATE_OFF
D/BluetoothAdapter(  704): 169074843: getState() :  mService = null. Returning STATE_OFF
D/BluetoothAdapter(  704): 169074843: getState() :  mService = null. Returning STATE_OFF
D/PhoneStatusBar(  704): disable: < expand icons* alerts system_info* back home recent clock search >
W/InputMethodManagerService(  469): Window already focused, ignoring focus gain of: com.android.internal.view.IInputMethodClient$Stub$Proxy@38fb30a9 attribute=null, token = android.os.BinderProxy@243743da
D/ConnectivityService(  469): updateNetworkScore for NetworkAgentInfo [WIFI () - 101] to 60
D/ConnectivityService(  469): rematching NetworkAgentInfo [WIFI () - 101]
D/ConnectivityService(  469): Network NetworkAgentInfo [WIFI () - 101] was already satisfying request 1. No change.
D/ConnectivityService(  469): notifyType AVAILABLE for NetworkAgentInfo [WIFI () - 101]
D/ConnectivityManager.CallbackHandler(32044): CM callback handler got msg 524290
D/ConnectivityManager.CallbackHandler(  704): CM callback handler got msg 524290
D/ConnectivityManager.CallbackHandler(16598): CM callback handler got msg 524290
D/ConnectivityManager.CallbackHandler(24395): CM callback handler got msg 524290
D/ConnectivityManager.CallbackHandler( 1541): CM callback handler got msg 524290
E/MediaPlayer(16598): Should have subtitle controller already set
D/NuPlayerDriver(  124): start(0x4205a6e8)
I/GenericSource(  124): start
E/MediaPlayer(16598): Should have subtitle controller already set
D/NuPlayerDriver(  124): reset(0x4205a6e8)
D/NuPlayerDriver(  124): notifyResetComplete(0x4205a6e8)
D/NuPlayerDriver(  124): reset(0x4205a6e8)
I/Choreographer(16598): Skipped 54 frames!  The application may be doing too much work on its main thread.
I/art     (16598): Background sticky concurrent mark sweep GC freed 26103(2MB) AllocSpace objects, 16(243KB) LOS objects, 5% free, 35MB/37MB, paused 10.268ms total 82.591ms
E/WifiStateMachine(  469): WifiStateMachine CMD_START_SCAN source -2 txSuccessRate=5.94 rxSuccessRate=7.13 targetRoamBSSID=68:72:51:34:27:8f RSSI=-74
E/WifiStateMachine(  469): WifiStateMachine starting scan for "Marisa L"WPA_PSK with 2462,2437
W/ProcessCpuTracker(  469): Skipping unknown process pid 5813
W/ProcessCpuTracker(  469): Skipping unknown process pid 5815
W/ProcessCpuTracker(  469): Skipping unknown process pid 5816
E/MediaPlayer(16598): Should have subtitle controller already set
D/NuPlayerDriver(  124): start(0x4205a6e8)
I/GenericSource(  124): start
W/View    (16598): requestLayout() improperly called by com.facebook.widget.animatablelistview.k{14ab03e0 V.E..... ......ID 0,0-800,59} during layout: running second layout pass
E/MediaPlayer(16598): Should have subtitle controller already set
D/NuPlayerDriver(  124): reset(0x4205a6e8)
D/NuPlayerDriver(  124): notifyResetComplete(0x4205a6e8)
D/NuPlayerDriver(  124): reset(0x4205a6e8)
E/MediaPlayer(16598): Should have subtitle controller already set
D/NuPlayerDriver(  124): start(0x4205a6e8)
I/GenericSource(  124): start
E/MediaPlayer(16598): Should have subtitle controller already set
D/NuPlayerDriver(  124): reset(0x4205a6e8)
D/NuPlayerDriver(  124): notifyResetComplete(0x4205a6e8)
D/NuPlayerDriver(  124): reset(0x4205a6e8)
I/ClearcutLoggerManager(  924): onStartInput()
I/LatinIme(  924): initialize() : Language = en-US
I/LatinIme(  924): onActivate() : EditorInfo = Package = com.facebook.orca : Type = Text : Learning = Enable : Suggestion = Show : AutoCorrection = Enable : Microphone = Show
W/InputConnectionWrapper(  924): Fixing selection indices to 0, 0
I/LatinMotionHandler(  924): consumeEvent() : GestureTypingEnabled = true
I/ClearcutLoggerManager(  924): onConnected()
E/WifiStateMachine(  469): WifiStateMachine CMD_START_SCAN source -2 txSuccessRate=0.54 rxSuccessRate=1.18 targetRoamBSSID=68:72:51:34:27:8f RSSI=-67
E/SpannableStringBuilder(16598): SPAN_EXCLUSIVE_EXCLUSIVE spans cannot have a zero length
E/SpannableStringBuilder(16598): SPAN_EXCLUSIVE_EXCLUSIVE spans cannot have a zero length
V/WindowManager(  469): Adding window Window{1b5f4d43 u0 PopupWindow:30948a3f} at 6 of 16 (after Window{3a1b496b u0 com.facebook.orca})
I/LatinMotionHandler(  924): consumeEvent() : GestureTypingEnabled = true
E/SpannableStringBuilder(16598): SPAN_EXCLUSIVE_EXCLUSIVE spans cannot have a zero length
E/SpannableStringBuilder(16598): SPAN_EXCLUSIVE_EXCLUSIVE spans cannot have a zero length
V/WindowManager(  469): Adding window Window{23a707b5 u0 PopupWindow:30948a3f} at 6 of 16 (after Window{3a1b496b u0 com.facebook.orca})
I/LatinMotionHandler(  924): consumeEvent() : GestureTypingEnabled = true
I/DownloadManagerWrapper(  924): onReceive() : Charging = true
E/WifiStateMachine(  469): WifiStateMachine CMD_START_SCAN source -2 txSuccessRate=3.58 rxSuccessRate=5.44 targetRoamBSSID=68:72:51:34:27:8f RSSI=-69
E/WifiStateMachine(  469): WifiStateMachine starting scan for "Marisa L"WPA_PSK with 2462,2437
I/art     (16598): Background sticky concurrent mark sweep GC freed 23141(1475KB) AllocSpace objects, 16(251KB) LOS objects, 4% free, 35MB/37MB, paused 11.750ms total 165.029ms
W/msgr(:<default>):a(16598): Finalized without closing: 21c7b6fe 23e7e5f (type = c)
W/msgr(:<default>):a(16598): Finalized without closing: 1b96f0ac da11175 (type = c)
W/msgr(:<default>):a(16598): Finalized without closing: 1664450a 576a17b (type = c)
W/msgr(:<default>):a(16598): Finalized without closing: 18d86b98 147e4ff1 (type = c)
W/msgr(:<default>):a(16598): Finalized without closing: 3b89a7d6 3043da57 (type = c)
W/msgr(:<default>):a(16598): Finalized without closing: 2fb4a944 a16fa2d (type = c)
W/msgr(:<default>):a(16598): Finalized without closing: 37d06b62 3441c4f3 (type = c)
W/msgr(:<default>):a(16598): Finalized without closing: 1b160c29 10cddbae (type = c)
W/msgr(:<default>):a(16598): Finalized without closing: 3729bd4f 2e8ddcdc (type = c)
W/msgr(:<default>):a(16598): Finalized without closing: 39da41e5 3e2004ba (type = c)
W/msgr(:<default>):a(16598): Finalized without closing: 16eedf6b 389eac8 (type = c)
W/msgr(:<default>):a(16598): Finalized without closing: 25f21761 2139b286 (type = c)
W/msgr(:<default>):a(16598): Finalized without closing: 139a0747 2eb6eb74 (type = c)
W/msgr(:<default>):a(16598): Finalized without closing: 2f57c89d 2dee7112 (type = c)
W/msgr(:<default>):a(16598): Finalized without closing: 3ae5d0e3 c114ae0 (type = c)
W/msgr(:<default>):a(16598): Finalized without closing: 316d5199 fbe8c5e (type = c)
W/msgr(:<default>):a(16598): Finalized without closing: 319a983f 38f0350c (type = c)
E/MediaPlayer(16598): Should have subtitle controller already set
D/NuPlayerDriver(  124): start(0x4205a6e8)
I/GenericSource(  124): start
E/MediaPlayer(16598): Should have subtitle controller already set
W/MessageQueue(16598): Handler (android.media.MediaPlayer$EventHandler) {25298bf7} sending message to a Handler on a dead thread
W/MessageQueue(16598): java.lang.IllegalStateException: Handler (android.media.MediaPlayer$EventHandler) {25298bf7} sending message to a Handler on a dead thread
W/MessageQueue(16598): 	at android.os.MessageQueue.enqueueMessage(MessageQueue.java:325)
W/MessageQueue(16598): 	at android.os.Handler.enqueueMessage(Handler.java:631)
W/MessageQueue(16598): 	at android.os.Handler.sendMessageAtTime(Handler.java:600)
W/MessageQueue(16598): 	at android.os.Handler.sendMessageDelayed(Handler.java:570)
W/MessageQueue(16598): 	at android.os.Handler.sendMessage(Handler.java:507)
W/MessageQueue(16598): 	at android.media.MediaPlayer.postEventFromNative(MediaPlayer.java:2670)
I/art     (  469): Explicit concurrent mark sweep GC freed 115785(5MB) AllocSpace objects, 48(780KB) LOS objects, 33% free, 25MB/38MB, paused 3.091ms total 429.143ms
I/LatinIme(  924): abortComposing()
E/MediaPlayer(16598): Should have subtitle controller already set
D/NuPlayerDriver(  124): start(0x41542708)
I/GenericSource(  124): start
E/MediaPlayer(16598): Should have subtitle controller already set
I/LatinMotionHandler(  924): consumeEvent() : GestureTypingEnabled = true
I/ClearcutLoggerManager(  924): onStartInput()
I/LatinIme(  924): abortComposing()
W/InputConnectionWrapper(  924): Fixing selection indices to 0, 0
W/View    (16598): requestLayout() improperly called by com.facebook.widget.animatablelistview.k{14ab03e0 V.E..... ......ID 0,0-800,64} during layout: running second layout pass
I/LatinIme(  924): onDeactivate()
I/LatinIme(  924): onActivate() : EditorInfo = Package = com.facebook.orca : Type = Text : Learning = Enable : Suggestion = Show : AutoCorrection = Enable : Microphone = Show
I/LatinMotionHandler(  924): consumeEvent() : GestureTypingEnabled = true
I/Choreographer(  924): Skipped 32 frames!  The application may be doing too much work on its main thread.
D/NuPlayerDriver(  124): reset(0x41542708)
D/NuPlayerDriver(  124): notifyResetComplete(0x41542708)
D/NuPlayerDriver(  124): reset(0x41542708)
I/LatinMotionHandler(  924): consumeEvent() : GestureTypingEnabled = true
W/InputContext(  924): Ignore DecodeGesture for requestId 114
W/InputContext(  924): Ignore DecodeGesture for requestId 115
W/InputContext(  924): Ignore FetchSuggestions for requestId 119
W/InputContext(  924): Ignore FetchSuggestions for requestId 121
E/SpannableStringBuilder(16598): SPAN_EXCLUSIVE_EXCLUSIVE spans cannot have a zero length
E/SpannableStringBuilder(16598): SPAN_EXCLUSIVE_EXCLUSIVE spans cannot have a zero length
E/WifiStateMachine(  469): WifiStateMachine CMD_START_SCAN source -2 txSuccessRate=6.41 rxSuccessRate=10.00 targetRoamBSSID=68:72:51:34:27:8f RSSI=-65
E/WifiStateMachine(  469): WifiStateMachine starting scan for "Marisa L"WPA_PSK with 2462,2437
E/SpannableStringBuilder(16598): SPAN_EXCLUSIVE_EXCLUSIVE spans cannot have a zero length
E/SpannableStringBuilder(16598): SPAN_EXCLUSIVE_EXCLUSIVE spans cannot have a zero length
I/art     (  924): Background partial concurrent mark sweep GC freed 24805(1243KB) AllocSpace objects, 0(0B) LOS objects, 40% free, 10MB/18MB, paused 1.614ms total 602.577ms
W/LatinIme(  924): waitForSuggestionsBeforeCommitting() : Timed out after 100 ms
I/Choreographer(  924): Skipped 37 frames!  The application may be doing too much work on its main thread.
W/InputContext(  924): Ignore FetchSuggestions for requestId 159
W/InputContext(  924): Ignore FetchSuggestions for requestId 161
W/InputContext(  924): Ignore FetchSuggestions for requestId 163
E/SpannableStringBuilder(16598): SPAN_EXCLUSIVE_EXCLUSIVE spans cannot have a zero length
E/SpannableStringBuilder(16598): SPAN_EXCLUSIVE_EXCLUSIVE spans cannot have a zero length
I/LatinIme(  924): abortComposing()
E/MediaPlayer(16598): Should have subtitle controller already set
D/NuPlayerDriver(  124): start(0x41542708)
I/GenericSource(  124): start
E/MediaPlayer(16598): Should have subtitle controller already set
I/LatinMotionHandler(  924): consumeEvent() : GestureTypingEnabled = true
I/ClearcutLoggerManager(  924): onStartInput()
I/LatinIme(  924): abortComposing()
W/InputConnectionWrapper(  924): Fixing selection indices to 0, 0
W/View    (16598): requestLayout() improperly called by com.facebook.widget.animatablelistview.k{14ab03e0 V.E..... ......ID 0,0-800,59} during layout: running second layout pass
I/LatinIme(  924): onDeactivate()
I/LatinIme(  924): onActivate() : EditorInfo = Package = com.facebook.orca : Type = Text : Learning = Enable : Suggestion = Show : AutoCorrection = Enable : Microphone = Show
D/NuPlayerDriver(  124): reset(0x41542708)
D/NuPlayerDriver(  124): notifyResetComplete(0x41542708)
D/NuPlayerDriver(  124): reset(0x41542708)
E/MediaPlayer(16598): Should have subtitle controller already set
D/NuPlayerDriver(  124): start(0x41542708)
I/GenericSource(  124): start
E/MediaPlayer(16598): Should have subtitle controller already set
I/LatinMotionHandler(  924): consumeEvent() : GestureTypingEnabled = true
I/Choreographer(  924): Skipped 42 frames!  The application may be doing too much work on its main thread.
D/NuPlayerDriver(  124): reset(0x41542708)
D/NuPlayerDriver(  124): notifyResetComplete(0x41542708)
D/NuPlayerDriver(  124): reset(0x41542708)
I/LatinMotionHandler(  924): consumeEvent() : GestureTypingEnabled = true
E/WifiStateMachine(  469): WifiStateMachine CMD_START_SCAN source -2 txSuccessRate=3.58 rxSuccessRate=8.09 targetRoamBSSID=68:72:51:34:27:8f RSSI=-64
E/WifiStateMachine(  469): WifiStateMachine starting scan for "Marisa L"WPA_PSK with 2462,2437
D/ConnectivityService(  469): updateNetworkScore for NetworkAgentInfo [WIFI () - 101] to 56
D/ConnectivityService(  469): rematching NetworkAgentInfo [WIFI () - 101]
D/ConnectivityService(  469): Network NetworkAgentInfo [WIFI () - 101] was already satisfying request 1. No change.
D/ConnectivityService(  469): notifyType AVAILABLE for NetworkAgentInfo [WIFI () - 101]
D/ConnectivityManager.CallbackHandler( 1541): CM callback handler got msg 524290
D/ConnectivityManager.CallbackHandler(  704): CM callback handler got msg 524290
D/ConnectivityManager.CallbackHandler(24395): CM callback handler got msg 524290
D/ConnectivityManager.CallbackHandler(16598): CM callback handler got msg 524290
D/ConnectivityManager.CallbackHandler(32044): CM callback handler got msg 524290
D/ConnectivityService(  469): updateNetworkScore for NetworkAgentInfo [WIFI () - 101] to 55
D/ConnectivityService(  469): rematching NetworkAgentInfo [WIFI () - 101]
D/ConnectivityService(  469): Network NetworkAgentInfo [WIFI () - 101] was already satisfying request 1. No change.
D/ConnectivityService(  469): notifyType AVAILABLE for NetworkAgentInfo [WIFI () - 101]
D/ConnectivityManager.CallbackHandler(  704): CM callback handler got msg 524290
D/ConnectivityManager.CallbackHandler( 1541): CM callback handler got msg 524290
D/ConnectivityManager.CallbackHandler(24395): CM callback handler got msg 524290
D/ConnectivityManager.CallbackHandler(16598): CM callback handler got msg 524290
D/ConnectivityManager.CallbackHandler(32044): CM callback handler got msg 524290
I/DownloadManagerWrapper(  924): onReceive() : Charging = true
D/ConnectivityService(  469): updateNetworkScore for NetworkAgentInfo [WIFI () - 101] to 59
D/ConnectivityService(  469): rematching NetworkAgentInfo [WIFI () - 101]
D/ConnectivityService(  469): Network NetworkAgentInfo [WIFI () - 101] was already satisfying request 1. No change.
D/ConnectivityService(  469): notifyType AVAILABLE for NetworkAgentInfo [WIFI () - 101]
D/ConnectivityManager.CallbackHandler(16598): CM callback handler got msg 524290
D/ConnectivityManager.CallbackHandler(  704): CM callback handler got msg 524290
D/ConnectivityManager.CallbackHandler( 1541): CM callback handler got msg 524290
D/ConnectivityManager.CallbackHandler(24395): CM callback handler got msg 524290
D/ConnectivityManager.CallbackHandler(32044): CM callback handler got msg 524290
E/WifiStateMachine(  469): WifiStateMachine CMD_START_SCAN source -2 txSuccessRate=7.52 rxSuccessRate=5.19 targetRoamBSSID=68:72:51:34:27:8f RSSI=-89
E/WifiStateMachine(  469): WifiStateMachine starting scan for "Marisa L"WPA_PSK with 2462,2437
D/ConnectivityService(  469): updateNetworkScore for NetworkAgentInfo [WIFI () - 101] to 51
D/ConnectivityService(  469): rematching NetworkAgentInfo [WIFI () - 101]
D/ConnectivityService(  469): Network NetworkAgentInfo [WIFI () - 101] was already satisfying request 1. No change.
D/ConnectivityService(  469): notifyType AVAILABLE for NetworkAgentInfo [WIFI () - 101]
D/ConnectivityManager.CallbackHandler(  704): CM callback handler got msg 524290
D/ConnectivityManager.CallbackHandler( 1541): CM callback handler got msg 524290
D/ConnectivityManager.CallbackHandler(24395): CM callback handler got msg 524290
D/ConnectivityManager.CallbackHandler(16598): CM callback handler got msg 524290
D/ConnectivityManager.CallbackHandler(32044): CM callback handler got msg 524290
E/MediaPlayer(16598): Should have subtitle controller already set
D/NuPlayerDriver(  124): start(0x41542708)
I/GenericSource(  124): start
I/art     (16598): Background sticky concurrent mark sweep GC freed 51525(4MB) AllocSpace objects, 26(386KB) LOS objects, 12% free, 31MB/35MB, paused 7.741ms total 183.352ms
E/WifiStateMachine(  469): WifiStateMachine CMD_START_SCAN source -2 txSuccessRate=2.36 rxSuccessRate=4.79 targetRoamBSSID=68:72:51:34:27:8f RSSI=-88
E/WifiStateMachine(  469): WifiStateMachine starting scan for "Marisa L"WPA_PSK with 2462,2437
E/WifiStateMachine(  469): WifiStateMachine shouldSwitchNetwork  txSuccessRate=0.59 rxSuccessRate=1.20 delta 1 -> 1
I/wpa_supplicant(  654): wlan0: CTRL-EVENT-DISCONNECTED bssid=68:72:51:34:27:8f reason=3 locally_generated=1
E/WifiStateMachine(  469): CMD_AUTO_CONNECT sup state CompletedState my state ConnectedState nid=0 roam=2
E/WifiConfigStore(  469): saveWifiConfigBSSID Setting BSSID for "Marisa A"WPA_PSK to any
E/WifiStateMachine(  469): CMD_AUTO_CONNECT will save config -> "Marisa A" nid=0
E/WifiConfigStore(  469): will read network variables netId=0
E/WifiStateMachine(  469): CMD_AUTO_CONNECT did save config ->  nid=0
E/WifiConfigStore(  469): will read network variables netId=0
I/wpa_supplicant(  654): wlan0: Trying to associate with c4:e9:84:77:70:9a (SSID='Marisa A' freq=2462 MHz)
E/WifiStateMachine(  469): WifiStateMachine: Leaving Connected state
E/WifiStateMachine(  469): Start Roam Watchdog 2
E/WifiStateMachine(  469): NETWORK_DISCONNECTION_EVENT in roaming state BSSID=68:72:51:34:27:8f target=any
