I/art     (  130): Explicit concurrent mark sweep GC freed 5(160B) AllocSpace objects, 0(0B) LOS objects, 39% free, 5MB/8MB, paused 409us total 23.078ms
I/Icing   ( 1541): Usage reports 0 indexed 0 rejected 0 imm upload false
I/Icing   ( 1541): Usage reports 0 indexed 0 rejected 0 imm upload false
V/GoogleSignatureVerifier( 9471): com.google.android.gms signature not valid.  Found: 
V/GoogleSignatureVerifier( 9471): MIIEQzCCAyugAwIBAgIJAMLgh0ZkSjCNMA0GCSqGSIb3DQEBBAUAMHQxCzAJBgNVBAYTAlVTMRMw
V/GoogleSignatureVerifier( 9471): EQYDVQQIEwpDYWxpZm9ybmlhMRYwFAYDVQQHEw1Nb3VudGFpbiBWaWV3MRQwEgYDVQQKEwtHb29n
V/GoogleSignatureVerifier( 9471): bGUgSW5jLjEQMA4GA1UECxMHQW5kcm9pZDEQMA4GA1UEAxMHQW5kcm9pZDAeFw0wODA4MjEyMzEz
V/GoogleSignatureVerifier( 9471): MzRaFw0zNjAxMDcyMzEzMzRaMHQxCzAJBgNVBAYTAlVTMRMwEQYDVQQIEwpDYWxpZm9ybmlhMRYw
V/GoogleSignatureVerifier( 9471): FAYDVQQHEw1Nb3VudGFpbiBWaWV3MRQwEgYDVQQKEwtHb29nbGUgSW5jLjEQMA4GA1UECxMHQW5k
V/GoogleSignatureVerifier( 9471): cm9pZDEQMA4GA1UEAxMHQW5kcm9pZDCCASAwDQYJKoZIhvcNAQEBBQADggENADCCAQgCggEBAKtW
V/GoogleSignatureVerifier( 9471): LgDYO6IIrgqWbxJOKdoR8qtW0I9Y4sypEwPpt1TTcvZApxsdyxMJZ2JORland2qSGT2y5b+3JKke
V/GoogleSignatureVerifier( 9471): dxiLDmpHpDsz2WCbdxgxRczfey5YZnTJ4VZbH0xqWVW/8lGmPav5xVwnIiJS6HXk+BVKZF+JcWjA
V/GoogleSignatureVerifier( 9471): sb/GEuq/eFdpuzSqeYTcfi6idkyugwfYwXFU1+5fZKUaRKYCwkkFQVfcAs1fXA5V+++FGfvjJ/Cx
V/GoogleSignatureVerifier( 9471): URaSxaBvGdGDhfXE28LWuT9ozCl5xw4Yq5OGazvV24mZVSoOO0yZ31j7kYvtwYK6NeADwbSxDdJE
V/GoogleSignatureVerifier( 9471): qO4k//0zOHKrUiGYXtqw/A0LFFtqoZKFjnkCAQOjgdkwgdYwHQYDVR0OBBYEFMd9jMIhF1Ylmn/T
V/GoogleSignatureVerifier( 9471): gt9r45jk14alMIGmBgNVHSMEgZ4wgZuAFMd9jMIhF1Ylmn/Tgt9r45jk14aloXikdjB0MQswCQYD
V/GoogleSignatureVerifier( 9471): VQQGEwJVUzETMBEGA1UECBMKQ2FsaWZvcm5pYTEWMBQGA1UEBxMNTW91bnRhaW4gVmlldzEUMBIG
V/GoogleSignatureVerifier( 9471): A1UEChMLR29vZ2xlIEluYy4xEDAOBgNVBAsTB0FuZHJvaWQxEDAOBgNVBAMTB0FuZHJvaWSCCQDC
V/GoogleSignatureVerifier( 9471): 4IdGZEowjTAMBgNVHRMEBTADAQH/MA0GCSqGSIb3DQEBBAUAA4IBAQBt0lLO74UwLDYKqs6Tm8/y
V/GoogleSignatureVerifier( 9471): zKkEu116FmH4rkaymUIE0P9KaMftGlMexFlaYjzmB2OxZyl6euNXEsQH8gjwyxCUKRJNexBiGcCE
V/GoogleSignatureVerifier( 9471): yj6z+a1fuHHvkiaai+KL8W1EyNmgjmyy8AW7P+LLlkR+ho5zEHatRbM/YAnqGcFh5iZBqpknHf1S
V/GoogleSignatureVerifier( 9471): KMXFh4dd239FJ1jWYfbMDMy3NS5CTMQ2XFI1MvcyUTdZPErjQfTbQe3aDQsQcafEQPD+nqActifK
V/GoogleSignatureVerifier( 9471): Z0Np0IS9L9kR/wbNvyz6ENwPiTrjV2KRkEjH78ZMcUQXg0L3BYHJ3lc69Vs5Ddf9uUGGMYldX3Wf
V/GoogleSignatureVerifier( 9471): MBEmh/9iFBDAaTCK
I/Icing   ( 1541): Indexing 48E93C3C80D2281BAB6D6FD2EA59C6058A288290 from com.google.android.gms
W/art     ( 9471): Verification of android.graphics.Bitmap com.android.launcher3.Utilities.badgeIconForUser(android.graphics.Bitmap, com.android.launcher3.compat.UserHandleCompat, android.content.Context) took 101.056ms
W/IcingInternalCorpora( 1541): getNumBytesRead when not calculated.
W/art     ( 9471): Verification of android.graphics.Bitmap com.android.launcher3.Utilities.createIconBitmap(android.graphics.drawable.Drawable, android.content.Context, float) took 133.014ms
W/art     ( 9471): Verification of android.util.Pair com.android.launcher3.Utilities.findSystemApk(java.lang.String, android.content.pm.PackageManager) took 212.139ms
W/art     ( 9471): Verification of android.appwidget.AppWidgetProviderInfo com.android.launcher3.Utilities.getSearchWidgetProvider(android.content.Context) took 206.170ms
I/UpdateIcingCorporaServi( 9471): Updating corpora: APPS=com.muzima, CONTACTS=MAYBE
D/WifiService(  469): New client listening to asynchronous messages
W/Flag    ( 9425): Duration spec must be at least 2 characters long: 
W/ResourcesManager( 9425): Asset path '/system/framework/com.android.media.remotedisplay.jar' does not exist or contains no resources.
W/ResourcesManager( 9425): Asset path '/system/framework/com.android.location.provider.jar' does not exist or contains no resources.
W/ModelDownloadController( 9471): Cannot find any speech config location.
W/ModelDownloadController( 9471): Cannot find any speech config location.
I/ActivityManager(  469): Start proc 9620:com.google.android.apps.magazines/u0a59 for broadcast com.google.android.apps.magazines/com.google.apps.dots.android.app.receiver.FirstInstallNotificationReceiver
I/Icing   ( 1541): Usage reports 0 indexed 0 rejected 0 imm upload false
I/Icing   ( 1541): Usage reports 0 indexed 0 rejected 0 imm upload false
I/Icing   ( 1541): Indexing done 48E93C3C80D2281BAB6D6FD2EA59C6058A288290
I/GsaVoiceInteractionSrv(  889): Not calling getSupportedRecognitionModes. Availability: -2
I/Icing   ( 1541): Indexing 48E93C3C80D2281BAB6D6FD2EA59C6058A288290 from com.google.android.gms
I/Icing   ( 1541): Indexing done 48E93C3C80D2281BAB6D6FD2EA59C6058A288290
E/fb4a(:<default>):GRAPHQL_QUERY_STRING(24395): Trying to set unknown parameter 'in_channel_eligibility_experiment' on query 'FetchProductionPromptsQuery'
I/MultiDex( 9620): VM with version 2.1.0 has multidex support
I/MultiDex( 9620): install
I/MultiDex( 9620): VM has multidex support, MultiDex support library is disabled.
I/GAv4    ( 9620): Google Analytics 8.2.98 is starting up. To enable debug logging on a device run:
I/GAv4    ( 9620):   adb shell setprop log.tag.GAv4 DEBUG
I/GAv4    ( 9620):   adb logcat -s GAv4
W/GAv4    ( 9620): AnalyticsReceiver is not registered or is disabled. Register the receiver for reliable dispatching on non-Google Play devices. See http://goo.gl/8Rd3yj for instructions.
W/GAv4    ( 9620): AnalyticsService not registered in the app manifest. Hits might not be delivered reliably. See http://goo.gl/8Rd3yj for instructions.
E/WifiStateMachine(  469): WifiStateMachine CMD_START_SCAN source -2 txSuccessRate=0.04 rxSuccessRate=1.61 targetRoamBSSID=00:00:00:00:00:00 RSSI=-58
E/WifiStateMachine(  469): WifiStateMachine starting scan for "Marisa A"WPA_PSK with 2437,2462
I/Choreographer(24395): Skipped 67 frames!  The application may be doing too much work on its main thread.
W/ResourceType(  704): No package identifier when getting value for resource number 0x00000000
W/PackageManager(  704): Failure retrieving resources for com.facebook.katana: Resource ID #0x0
I/ActivityManager(  469): START u0 {act=com.android.systemui.recents.SHOW_RECENTS flg=0x10804000 cmp=com.android.systemui/.recents.RecentsActivity} from uid 10022 on display 0
I/Choreographer(  704): Skipped 35 frames!  The application may be doing too much work on its main thread.
W/ResourceType(  704): No package identifier when getting value for resource number 0x00000000
W/PackageManager(  704): Failure retrieving resources for com.muzima: Resource ID #0x0
W/art     ( 9471): Suspending all threads took: 130.014ms
W/ResourceType(  704): No package identifier when getting value for resource number 0x00000000
W/PackageManager(  704): Failure retrieving resources for com.facebook.katana: Resource ID #0x0
I/ActivityManager(  469): Waited long enough for: ServiceRecord{10f2615 u0 com.google.android.googlequicksearchbox/com.google.android.apps.gsa.search.core.icingsync.UpdateIcingCorporaService}
I/ActivityManager(  469): Killing 7470:com.facebook.katana:browser/u0a80 (adj 15): remove task
W/SQLiteConnectionPool( 1541): A SQLiteConnection object for database '/data/data/com.google.android.gms/databases/metrics.db' was leaked!  Please fix your application to end transactions in progress properly and to close the database when it is no longer needed.
W/SQLiteConnectionPool( 1541): A SQLiteConnection object for database '/data/data/com.google.android.gms/databases/help_responses.db' was leaked!  Please fix your application to end transactions in progress properly and to close the database when it is no longer needed.
W/SQLiteConnectionPool( 1541): A SQLiteConnection object for database '/data/data/com.google.android.gms/databases/auto_complete_suggestions.db' was leaked!  Please fix your application to end transactions in progress properly and to close the database when it is no longer needed.
I/NSApplication( 9620): Starting up...
I/Finsky  ( 9291): [923] com.google.android.finsky.c.e.run(1152): Replicating app states via AMAS.
I/Choreographer(24395): Skipped 121 frames!  The application may be doing too much work on its main thread.
W/InputMethodManagerService(  469): Starting input on non-focused client com.android.internal.view.IInputMethodClient$Stub$Proxy@1320f845 (uid=10080 pid=24395)
W/linker  ( 9425): libgmscore.so: unused DT entry: type 0x7ffffffd arg 0x79f
I/art     (  469): Explicit concurrent mark sweep GC freed 31286(1592KB) AllocSpace objects, 9(144KB) LOS objects, 33% free, 26MB/39MB, paused 3.340ms total 1.170s
I/ActivityManager(  469): Killing 24395:com.facebook.katana/u0a80 (adj 7): remove task
I/Finsky  ( 9291): [923] com.google.android.finsky.c.c.a(314): Completed 0 account content syncs with 0 successful.
I/Finsky  ( 9291): [1] com.google.android.finsky.services.j.a(148): Installation state replication succeeded.
E/libprocessgroup(  469): failed to kill 1 processes for processgroup 24395
I/ActivityManager(  469): Activity reported stop, but no longer stopping: ActivityRecord{3a992764 u0 com.facebook.katana/.activity.FbMainTabActivity t73 f}
I/ActivityManager(  469): Killing 5727:com.facebook.katana:videoplayer/u0a80 (adj 7): remove task
I/WindowState(  469): WIN DEATH: Window{16d0800b u0 com.facebook.katana/com.facebook.katana.activity.FbMainTabActivity}
D/ConnectivityService(  469): ConnectivityService NetworkRequestInfo binderDied(NetworkRequest [ id=15, legacyType=-1, [ Capabilities: INTERNET&NOT_RESTRICTED&TRUSTED] ], android.os.BinderProxy@3b0ceb9a)
D/WifiService(  469): Client connection lost with reason: 4
D/ConnectivityService(  469): releasing NetworkRequest NetworkRequest [ id=15, legacyType=-1, [ Capabilities: INTERNET&NOT_RESTRICTED&TRUSTED] ]
E/ConnectivityService(  469): RemoteException caught trying to send a callback msg for NetworkRequest [ id=15, legacyType=-1, [ Capabilities: INTERNET&NOT_RESTRICTED&TRUSTED] ]
D/TaskPersister(  469): removeObsoleteFile: deleting file=73_task.xml
W/ActivityManager(  469): Scheduling restart of crashed service com.facebook.katana/com.facebook.video.vps.VideoPlayerService in 1000ms
D/TaskPersister(  469): removeObsoleteFile: deleting file=75_task_thumbnail.png
D/TaskPersister(  469): removeObsoleteFile: deleting file=73_task_thumbnail.png
W/ActivityManager(  469): Scheduling restart of crashed service com.facebook.katana/com.facebook.mqttlite.MqttService in 10998ms
W/GCoreFlp( 1466): No location to return for getLastLocation()
W/linker  ( 9425): libconscrypt_gmscore_jni.so: unused DT entry: type 0x1d arg 0xe0
W/linker  ( 9425): libconscrypt_gmscore_jni.so: unused DT entry: type 0x7ffffffd arg 0x1cb
V/JNIHelp ( 9425): Registering com/google/android/gms/org/conscrypt/NativeCrypto's 239 native methods...
D/ExtensionManager( 9494): invalidating extensions because of android.intent.action.PACKAGE_REPLACED
I/ActivityManager(  469): Start proc 9681:com.facebook.katana:videoplayer/u0a80 for service com.facebook.katana/com.facebook.video.vps.VideoPlayerService
I/ActivityManager(  469): Start proc 9698:com.facebook.katana/u0a80 for broadcast com.facebook.katana/com.facebook.http.onion.impl.OrbotInstallReceiver
W/ResourcesManager( 9681): Asset path '/system/framework/com.google.android.maps.jar' does not exist or contains no resources.
W/ResourcesManager( 9698): Asset path '/system/framework/com.google.android.maps.jar' does not exist or contains no resources.
D/TaskPersister(  469): removeObsoleteFile: deleting file=67_task.xml
D/TaskPersister(  469): removeObsoleteFile: deleting file=67_task_thumbnail.png
I/ActivityManager(  469): START u0 {act=android.intent.action.MAIN cat=[android.intent.category.HOME] flg=0x10200000 cmp=com.android.launcher/com.android.launcher2.Launcher} from uid 10022 on display 0
W/art     ( 9425): Verification of void com.google.android.gms.org.conscrypt.Platform.<clinit>() took 470.091ms
I/Icing   ( 1541): Usage reports 0 indexed 0 rejected 0 imm upload true
I/GrammarCompilationSvcCt( 9471): Grammar compilation alarm set for interval 604800000
D/ConnectivityService(  469): updateNetworkScore for NetworkAgentInfo [WIFI () - 101] to 57
D/ConnectivityService(  469): rematching NetworkAgentInfo [WIFI () - 101]
D/ConnectivityService(  469): Network NetworkAgentInfo [WIFI () - 101] was already satisfying request 1. No change.
D/ConnectivityService(  469): notifyType AVAILABLE for NetworkAgentInfo [WIFI () - 101]
D/ConnectivityManager.CallbackHandler(  704): CM callback handler got msg 524290
D/ConnectivityManager.CallbackHandler(16598): CM callback handler got msg 524290
W/art     ( 9425): Verification of void com.google.android.gms.org.conscrypt.Platform.getSSLParameters(javax.net.ssl.SSLParameters, com.google.android.gms.org.conscrypt.SSLParametersImpl, com.google.android.gms.org.conscrypt.OpenSSLSocketImpl) took 418.111ms
I/art     ( 9425): Rejecting re-init on previously-failed class java.lang.Class<com.google.android.gms.org.conscrypt.OpenSSLExtendedSessionImpl>
I/art     ( 9425): Rejecting re-init on previously-failed class java.lang.Class<com.google.android.gms.org.conscrypt.OpenSSLExtendedSessionImpl>
I/Choreographer( 1054): Skipped 37 frames!  The application may be doing too much work on its main thread.
D/ConnectivityManager.CallbackHandler( 1541): CM callback handler got msg 524290
I/art     ( 9681): Thread[1,tid=9681,WaitingForJniOnLoad,Thread*=0x400bf600,peer=0x733afeb8,"main"] recursive attempt to load library "/data/data/com.facebook.katana/lib-xzs/libfb.so"
I/art     ( 9698): Thread[14,tid=9723,WaitingForJniOnLoad,Thread*=0x619b3350,peer=0x12d32820,"EnsureDelegate"] recursive attempt to load library "/data/data/com.facebook.katana/lib-xzs/libfb.so"
W/OpenGLRenderer( 1054): Incorrectly called buildLayer on View: ShortcutAndWidgetContainer, destroying layer...
W/OpenGLRenderer( 1054): Incorrectly called buildLayer on View: ShortcutAndWidgetContainer, destroying layer...
V/dalvik-internals( 9698): Hooking function _ZN3art12FaultManager35EnsureArtActionInFrontOfSignalChainEv
V/dalvik-internals( 9698): hooked _ZN3art12FaultManager35EnsureArtActionInFrontOfSignalChainEv using jump ()
V/dalvik-internals( 9698): hooked signal using trap ()
V/dalvik-internals( 9698): hooked sysv_signal using trap ()
V/dalvik-internals( 9698): hooked bsd_signal using trap ()
E/linker  ( 9698): "app_process": ignoring 2-entry DT_PREINIT_ARRAY in shared library!
V/dalvik-internals( 9698): hooked sigaction using trap ()
V/appstatelogger( 9681): Registered App State Logger stream with Breakpad
I/dalvik-internals( 9698): enabled ART minidump stream
V/dalvik-internals( 9681): Hooking function _ZN3art12FaultManager35EnsureArtActionInFrontOfSignalChainEv
V/dalvik-internals( 9681): hooked _ZN3art12FaultManager35EnsureArtActionInFrontOfSignalChainEv using jump ()
V/dalvik-internals( 9681): hooked signal using trap ()
V/dalvik-internals( 9681): hooked sysv_signal using trap ()
V/dalvik-internals( 9681): hooked bsd_signal using trap ()
E/linker  ( 9681): "app_process": ignoring 2-entry DT_PREINIT_ARRAY in shared library!
V/dalvik-internals( 9681): hooked sigaction using trap ()
I/dalvik-internals( 9681): installed sigmux crash handler for crash log
V/appstatelogger( 9698): Registered App State Logger stream with Breakpad
I/dalvik-internals( 9698): installed sigmux crash handler for crash log
I/ProviderInstaller( 9425): Installed default security provider GmsCore_OpenSSL
I/ActivityManager(  469): START u0 {act=android.intent.action.MAIN cat=[android.intent.category.LAUNCHER] flg=0x10200000 cmp=com.muzima/.view.MainActivity (has extras)} from uid 10014 on display 0
V/WindowManager(  469): addAppToken: AppWindowToken{19d5b352 token=Token{2ba5abdd ActivityRecord{324d53b4 u0 com.muzima/.view.MainActivity t76}}} to stack=1 task=76 at 0
I/art     ( 9734): Late-enabling -Xcheck:jni
I/ActivityManager(  469): Start proc 9734:com.muzima/u0a85 for activity com.muzima/.view.MainActivity
V/WindowManager(  469): Adding window Window{ef77995 u0 Starting com.muzima} at 3 of 14 (after Window{ddc000d u0 com.android.launcher/com.android.launcher2.Launcher})
W/art     ( 9698): Verification of com.facebook.analytics.logger.HoneyClientEvent X.00m.a(java.lang.String) took 505.882ms
W/Herrevad( 1541): Invalid mccmnc 
W/Herrevad( 1541): Invalid mccmnc 
I/UpdateIcingCorporaServi( 9471): UpdateCorporaTask done [took 19651 ms] updated apps [took 19499 ms] 
D/ACRA    ( 9734): ACRA is enabled for com.muzima, intializing...
D/ACRA    ( 9734): Looking for error files in /data/data/com.muzima/files
D/ACRA    ( 9734): Looking for error files in /data/data/com.muzima/files
W/nalizableReferenceQueue( 9734): Could not load Finalizer in its own class loader. Loading Finalizer in the current class loader instead. As a result, you will not be able to garbage collect this class loader. To support reclaiming this class loader, either resolve the underlying issue, or move Google Collections to your system class path.
W/nalizableReferenceQueue( 9734): java.io.FileNotFoundException: com/google/inject/internal/util/$Finalizer.class
W/nalizableReferenceQueue( 9734): 	at com.google.inject.internal.util.$FinalizableReferenceQueue$DecoupledLoader.getBaseUrl(FinalizableReferenceQueue.java:269)
W/nalizableReferenceQueue( 9734): 	at com.google.inject.internal.util.$FinalizableReferenceQueue$DecoupledLoader.loadFinalizer(FinalizableReferenceQueue.java:253)
W/nalizableReferenceQueue( 9734): 	at com.google.inject.internal.util.$FinalizableReferenceQueue.loadFinalizer(FinalizableReferenceQueue.java:175)
W/nalizableReferenceQueue( 9734): 	at com.google.inject.internal.util.$FinalizableReferenceQueue.<clinit>(FinalizableReferenceQueue.java:100)
W/nalizableReferenceQueue( 9734): 	at com.google.inject.internal.util.$MapMaker$QueueHolder.<clinit>(MapMaker.java:787)
W/nalizableReferenceQueue( 9734): 	at com.google.inject.internal.util.$MapMaker$WeakEntry.<init>(MapMaker.java:946)
W/nalizableReferenceQueue( 9734): 	at com.google.inject.internal.util.$MapMaker$Strength$1.newEntry(MapMaker.java:312)
W/nalizableReferenceQueue( 9734): 	at com.google.inject.internal.util.$MapMaker$StrategyImpl.newEntry(MapMaker.java:498)
W/nalizableReferenceQueue( 9734): 	at com.google.inject.internal.util.$MapMaker$StrategyImpl.newEntry(MapMaker.java:419)
W/nalizableReferenceQueue( 9734): 	at com.google.inject.internal.util.$CustomConcurrentHashMap$ComputingImpl.get(CustomConcurrentHashMap.java:2029)
W/nalizableReferenceQueue( 9734): 	at com.google.inject.internal.Annotations$AnnotationChecker.hasAnnotations(Annotations.java:116)
W/nalizableReferenceQueue( 9734): 	at com.google.inject.internal.Annotations.isBindingAnnotation(Annotations.java:180)
W/nalizableReferenceQueue( 9734): 	at com.google.inject.Key.ensureIsBindingAnnotation(Key.java:366)
W/nalizableReferenceQueue( 9734): 	at com.google.inject.Key.strategyFor(Key.java:338)
W/nalizableReferenceQueue( 9734): 	at com.google.inject.Key.get(Key.java:272)
W/nalizableReferenceQueue( 9734): 	at com.google.inject.internal.AbstractBindingBuilder.annotatedWithInternal(AbstractBindingBuilder.java:82)
W/nalizableReferenceQueue( 9734): 	at com.google.inject.internal.BindingBuilder.annotatedWith(BindingBuilder.java:54)
W/nalizableReferenceQueue( 9734): 	at com.google.inject.internal.BindingBuilder.annotatedWith(BindingBuilder.java:41)
W/nalizableReferenceQueue( 9734): 	at com.muzima.api.module.MuzimaModule.configure(MuzimaModule.java:89)
W/nalizableReferenceQueue( 9734): 	at com.google.inject.AbstractModule.configure(AbstractModule.java:59)
W/nalizableReferenceQueue( 9734): 	at com.google.inject.spi.Elements$RecordingBinder.install(Elements.java:223)
W/nalizableReferenceQueue( 9734): 	at com.google.inject.spi.Elements.getElements(Elements.java:101)
W/nalizableReferenceQueue( 9734): 	at com.google.inject.internal.InjectorShell$Builder.build(InjectorShell.java:133)
W/nalizableReferenceQueue( 9734): 	at com.google.inject.internal.InternalInjectorCreator.build(InternalInjectorCreator.java:103)
W/nalizableReferenceQueue( 9734): 	at com.google.inject.Guice.createInjector(Guice.java:95)
W/nalizableReferenceQueue( 9734): 	at com.google.inject.Guice.createInjector(Guice.java:72)
W/nalizableReferenceQueue( 9734): 	at com.google.inject.Guice.createInjector(Guice.java:62)
W/nalizableReferenceQueue( 9734): 	at com.muzima.api.context.ContextFactory.createContext(ContextFactory.java:110)
W/nalizableReferenceQueue( 9734): 	at com.muzima.MuzimaApplication.onCreate(MuzimaApplication.java:145)
W/nalizableReferenceQueue( 9734): 	at android.app.Instrumentation.callApplicationOnCreate(Instrumentation.java:1012)
W/nalizableReferenceQueue( 9734): 	at android.app.ActivityThread.handleBindApplication(ActivityThread.java:4553)
W/nalizableReferenceQueue( 9734): 	at android.app.ActivityThread.access$1500(ActivityThread.java:151)
W/nalizableReferenceQueue( 9734): 	at android.app.ActivityThread$H.handleMessage(ActivityThread.java:1364)
W/nalizableReferenceQueue( 9734): 	at android.os.Handler.dispatchMessage(Handler.java:102)
W/nalizableReferenceQueue( 9734): 	at android.os.Looper.loop(Looper.java:135)
W/nalizableReferenceQueue( 9734): 	at android.app.ActivityThread.main(ActivityThread.java:5254)
W/nalizableReferenceQueue( 9734): 	at java.lang.reflect.Method.invoke(Native Method)
W/nalizableReferenceQueue( 9734): 	at java.lang.reflect.Method.invoke(Method.java:372)
W/nalizableReferenceQueue( 9734): 	at com.android.internal.os.ZygoteInit$MethodAndArgsCaller.run(ZygoteInit.java:903)
W/nalizableReferenceQueue( 9734): 	at com.android.internal.os.ZygoteInit.main(ZygoteInit.java:698)
I/Icing   ( 1541): Indexing 4309FD168E47D5BEFCA89FB19561B6BABE41CE23 from com.google.android.googlequicksearchbox
I/Icing   ( 1541): Indexing done 4309FD168E47D5BEFCA89FB19561B6BABE41CE23
W/0S1     ( 9698): Verify
W/System.err( 9734): SLF4J: Failed to load class "org.slf4j.impl.StaticLoggerBinder".
W/System.err( 9734): SLF4J: Defaulting to no-operation (NOP) logger implementation
W/System.err( 9734): SLF4J: See http://www.slf4j.org/codes.html#StaticLoggerBinder for further details.
I/Disclaimer( 9734): Disclaimer is accepted: true
I/ActivityManager(  469): START u0 {flg=0x14000000 cmp=com.muzima/.view.login.LoginActivity (has extras)} from uid 10085 on display 0
V/WindowManager(  469): addAppToken: AppWindowToken{36897776 token=Token{39a31a11 ActivityRecord{17078a38 u0 com.muzima/.view.login.LoginActivity t76}}} to stack=1 task=76 at 1
V/WindowManager(  469): Based on layer: Adding window Window{ef77995 u0 Starting com.muzima} at 3 of 14
D/OpenGLRenderer( 9734): Use EGL_SWAP_BEHAVIOR_PRESERVED: false
D/Atlas   ( 9734): Validating map...
I/art     ( 9734): Background sticky concurrent mark sweep GC freed 91585(3MB) AllocSpace objects, 0(0B) LOS objects, 24% free, 9MB/13MB, paused 114.721ms total 386.798ms
W/fb4a(:<default>):0Vd( 9698): The sessioned store is not available. Are you fetching sessioned quick experiment data while the user is logged out?
D/WifiService(  469): New client listening to asynchronous messages
V/WindowManager(  469): Adding window Window{1a3b4eb0 u0 com.muzima/com.muzima.view.login.LoginActivity} at 3 of 16 (before Window{ef77995 u0 Starting com.muzima})
D/libEGL  ( 9734): loaded /system/lib/egl/libEGL_tegra.so
W/art     ( 9698): Suspending all threads took: 52.231ms
D/libEGL  ( 9734): loaded /system/lib/egl/libGLESv1_CM_tegra.so
D/libEGL  ( 9734): loaded /system/lib/egl/libGLESv2_tegra.so
I/OpenGLRenderer( 9734): Initialized EGL, version 1.4
D/OpenGLRenderer( 9734): Enabling debug mode 0
I/Choreographer(16598): Skipped 34 frames!  The application may be doing too much work on its main thread.
I/Choreographer( 9734): Skipped 33 frames!  The application may be doing too much work on its main thread.
V/RenderScript( 9734): 0x6af85a00 Launching thread(s), CPUs 4
I/ActivityManager(  469): Displayed com.muzima/.view.login.LoginActivity: +2s137ms (total +6s445ms)
I/ClearcutLoggerManager(  924): onStartInput()
I/ClearcutLoggerManager(  924): onFinishInput()
I/ClearcutLoggerManager(  924): onStartInput()
I/LatinIme(  924): initialize() : Language = en-US
I/LatinIme(  924): onActivate() : EditorInfo = Package = com.muzima : Type = Text : Learning = Disable : Suggestion = Show : AutoCorrection = Disable : Microphone = Show
W/InputConnectionWrapper(  924): Fixing selection indices to 0, 0
I/LatinMotionHandler(  924): consumeEvent() : GestureTypingEnabled = true
I/ClearcutLoggerManager(  924): onConnected()
E/WifiStateMachine(  469): WifiStateMachine CMD_START_SCAN source -2 txSuccessRate=1.52 rxSuccessRate=1.98 targetRoamBSSID=00:00:00:00:00:00 RSSI=-64
E/WifiStateMachine(  469): WifiStateMachine starting scan for "Marisa A"WPA_PSK with 2437,2462
D/ConnectivityService(  469): updateNetworkScore for NetworkAgentInfo [WIFI () - 101] to 60
D/ConnectivityService(  469): rematching NetworkAgentInfo [WIFI () - 101]
D/ConnectivityService(  469): Network NetworkAgentInfo [WIFI () - 101] was already satisfying request 1. No change.
D/ConnectivityService(  469): notifyType AVAILABLE for NetworkAgentInfo [WIFI () - 101]
D/ConnectivityManager.CallbackHandler( 1541): CM callback handler got msg 524290
D/ConnectivityManager.CallbackHandler(  704): CM callback handler got msg 524290
D/ConnectivityManager.CallbackHandler(16598): CM callback handler got msg 524290
W/fb4a(:<default>):ServiceInfoParser( 9698): X.2Sv: Service com.facebook.analytics2.logger.LollipopUploadService is missing meta key com.facebook.common.jobscheduler.compat.jobIds
W/fb4a(:<default>):ServiceInfoParser( 9698): X.2Sv: Service com.facebook.bugreporter.scheduler.LollipopBugReportService is missing meta key com.facebook.common.jobscheduler.compat.jobIds
W/fb4a(:<default>):ServiceInfoParser( 9698): X.2Sv: Service com.facebook.prefetch.feed.scheduler.NewsFeedPrefetchLollipopService is missing meta key com.facebook.common.jobscheduler.compat.jobIds
W/InstanceID/Rpc( 9698): Found 10008
I/DownloadManagerWrapper(  924): onReceive() : Charging = true
I/LatinIme(  924): abortComposing()
W/IInputConnectionWrapper( 9734): beginBatchEdit on inactive InputConnection
W/IInputConnectionWrapper( 9734): getSelectedText on inactive InputConnection
W/IInputConnectionWrapper( 9734): endBatchEdit on inactive InputConnection
W/IInputConnectionWrapper( 9734): getTextBeforeCursor on inactive InputConnection
W/IInputConnectionWrapper( 9734): getTextAfterCursor on inactive InputConnection
I/LatinIme(  924): onDeactivate()
I/ClearcutLoggerManager(  924): onFinishInput()
I/ClearcutLoggerManager(  924): onStartInput()
W/BroadcastQueue(  469): Permission Denial: broadcasting Intent { act=android.net.conn.CONNECTIVITY_CHANGE flg=0x4000010 (has extras) } from null (pid=-1, uid=-1) requires com.facebook.permission.prod.FB_APP_COMMUNICATION due to registered receiver BroadcastFilter{22611035 u0 ReceiverList{22f0b26c 9698 com.facebook.katana/10080/u0 remote:11432f1f}}
W/BroadcastQueue(  469): Permission Denial: broadcasting Intent { act=android.net.conn.INET_CONDITION_ACTION flg=0x4000010 (has extras) } from null (pid=-1, uid=-1) requires com.facebook.permission.prod.FB_APP_COMMUNICATION due to registered receiver BroadcastFilter{22611035 u0 ReceiverList{22f0b26c 9698 com.facebook.katana/10080/u0 remote:11432f1f}}
W/ContentTaskController( 1466): Invalid newTask was provided to startTracking.
V/tigonliger( 9698): tigonapi/JNI_OnLoad called
E/fb4a(:<default>):1Ac( 9698): E1114 19:43:53.000000 1825064520 xplat/liger/src/proxygen/facebook/httpclient/java/src/cpp/HTTPClient.cpp:590] failed to get socket address from :53
E/fb      ( 9698): failed to get socket address from :53
W/BroadcastQueue(  469): Permission Denial: broadcasting Intent { act=android.net.conn.CONNECTIVITY_CHANGE flg=0x4000010 (has extras) } from null (pid=-1, uid=-1) requires com.facebook.permission.prod.FB_APP_COMMUNICATION due to registered receiver BroadcastFilter{31868c2b u0 ReceiverList{e4b6c7a 9698 com.facebook.katana/10080/u0 remote:2cf770a5}}
I/art     ( 9698): Thread[34,tid=9829,WaitingForJniOnLoad,Thread*=0x6c52da18,peer=0x132d7280,"Bg_Shared2"] recursive attempt to load library "/data/data/com.facebook.katana/lib-xzs/libomnistore.so"
W/art     ( 9698): Attempt to remove local handle scope entry from IRT, ignoring
D/omnistore( 9698): AlarmManager::mainLoop calling alarm callbacks
D/omnistore( 9698): AlarmManager::callAlarmCallbacks
I/art     ( 9734): Background partial concurrent mark sweep GC freed 78799(3MB) AllocSpace objects, 4(338KB) LOS objects, 40% free, 10MB/16MB, paused 7.879ms total 152.086ms
I/ActivityManager(  469): START u0 {cmp=com.muzima/.view.setupconfiguration.SetupMethodPreferenceWizardActivity} from uid 10085 on display 0
V/WindowManager(  469): addAppToken: AppWindowToken{f1f33c4 token=Token{38effed7 ActivityRecord{d758e56 u0 com.muzima/.view.setupconfiguration.SetupMethodPreferenceWizardActivity t76}}} to stack=1 task=76 at 1
I/mobileconfig( 9698): Initialized MobileConfig - directory: /data/data/com.facebook.katana/files, deviceId: c612ff9e-336e-4c75-bac8-4f803f4dc0f4, appVersion: 102.0.0.28.70 session: 100000574659408, paramHash: cc364df7bbeb371986f89543070fb7d6, urlParams: [locale=en_US,client_country_code=US]
V/WindowManager(  469): Adding window Window{16d439e2 u0 Loading Setup Configs} at 4 of 15 (after Window{1a3b4eb0 u0 com.muzima/com.muzima.view.login.LoginActivity})
I/Disclaimer( 9734): Disclaimer is accepted: true
V/WindowManager(  469): Adding window Window{bdc830 u0 com.muzima/com.muzima.view.setupconfiguration.SetupMethodPreferenceWizardActivity} at 5 of 16 (before Window{16d439e2 u0 Loading Setup Configs})
D/omnistore( 9698): DebouncingRateLimiter attempting event SyncProtocol::onConnectionEstablished
D/omnistore( 9698): Event not rate limited: SyncProtocol::onConnectionEstablished
D/omnistore( 9698): SyncProtocol calling onConnectionEstablished callbacks
D/omnistore( 9698): SendQueue::onConnectionEstablished: sending 0 transaction(s)
D/omnistore( 9698): Start integrity check process
D/omnistore( 9698): SubscriptionManager::onConnectionEstablished is called back
I/omnistore( 9698): SubscriptionManager skipping connect message.
I/ActivityManager(  469): Displayed com.muzima/.view.setupconfiguration.SetupMethodPreferenceWizardActivity: +515ms
I/art     (  469): Explicit concurrent mark sweep GC freed 32585(1684KB) AllocSpace objects, 11(2MB) LOS objects, 33% free, 24MB/36MB, paused 4.116ms total 223.683ms
I/MuzimaSyncService( 9734): Setup Configs downloaded: 6
I/SetupConfigurationAdapter( 9734): #SetupConfigurations: 6
W/ViewRootImpl( 9734): Dropping event due to no window focus: KeyEvent { action=ACTION_DOWN, keyCode=KEYCODE_BACK, scanCode=0, metaState=0, flags=0x48, repeatCount=0, eventTime=25752735, downTime=25752735, deviceId=-1, source=0x101 }
W/ViewRootImpl( 9734): Cancelling event due to no window focus: KeyEvent { action=ACTION_UP, keyCode=KEYCODE_BACK, scanCode=0, metaState=0, flags=0x68, repeatCount=0, eventTime=25752861, downTime=25752735, deviceId=-1, source=0x101 }
W/ViewRootImpl( 9734): Cancelling event due to no window focus: KeyEvent { action=ACTION_UP, keyCode=KEYCODE_BACK, scanCode=0, metaState=0, flags=0x68, repeatCount=0, eventTime=25752861, downTime=25752735, deviceId=-1, source=0x101 }
W/ViewRootImpl( 9734): Cancelling event due to no window focus: KeyEvent { action=ACTION_UP, keyCode=KEYCODE_BACK, scanCode=0, metaState=0, flags=0x68, repeatCount=0, eventTime=25752861, downTime=25752735, deviceId=-1, source=0x101 }
W/ViewRootImpl( 9734): Cancelling event due to no window focus: KeyEvent { action=ACTION_UP, keyCode=KEYCODE_BACK, scanCode=0, metaState=0, flags=0x68, repeatCount=0, eventTime=25752861, downTime=25752735, deviceId=-1, source=0x101 }
W/ViewRootImpl( 9734): Cancelling event due to no window focus: KeyEvent { action=ACTION_UP, keyCode=KEYCODE_BACK, scanCode=0, metaState=0, flags=0x68, repeatCount=0, eventTime=25752861, downTime=25752735, deviceId=-1, source=0x101 }
W/ViewRootImpl( 9734): Cancelling event due to no window focus: KeyEvent { action=ACTION_UP, keyCode=KEYCODE_BACK, scanCode=0, metaState=0, flags=0x68, repeatCount=0, eventTime=25752861, downTime=25752735, deviceId=-1, source=0x101 }
W/ViewRootImpl( 9734): Cancelling event due to no window focus: KeyEvent { action=ACTION_UP, keyCode=KEYCODE_BACK, scanCode=0, metaState=0, flags=0x68, repeatCount=0, eventTime=25752861, downTime=25752735, deviceId=-1, source=0x101 }
W/ViewRootImpl( 9734): Cancelling event due to no window focus: KeyEvent { action=ACTION_UP, keyCode=KEYCODE_BACK, scanCode=0, metaState=0, flags=0x68, repeatCount=0, eventTime=25752861, downTime=25752735, deviceId=-1, source=0x101 }
W/ViewRootImpl( 9734): Cancelling event due to no window focus: KeyEvent { action=ACTION_UP, keyCode=KEYCODE_BACK, scanCode=0, metaState=0, flags=0x68, repeatCount=0, eventTime=25752861, downTime=25752735, deviceId=-1, source=0x101 }
I/ClearcutLoggerManager(  924): onFinishInput()
I/ClearcutLoggerManager(  924): onStartInput()
I/LatinIme(  924): initialize() : Language = en-US
I/LatinIme(  924): onActivate() : EditorInfo = Package = com.muzima : Type = Text : Learning = Enable : Suggestion = Show : AutoCorrection = Enable : Microphone = Show
E/native  (  469): do suspend false
E/WifiStateMachine(  469): Unexpected BatchedScanResults :OK
W/InputConnectionWrapper(  924): Fixing selection indices to 0, 0
I/dhcpcd  ( 9920): sending signal 14 to pid 25446
I/dhcpcd  (25446): received SIGALRM, renewing
I/dhcpcd  (25446): wlan0: renewing lease of 192.168.88.20
I/dhcpcd  (25446): wlan0: acknowledged 192.168.88.20 from 192.168.88.1
I/LatinMotionHandler(  924): consumeEvent() : GestureTypingEnabled = true
I/dhcpcd  (25446): wlan0: leased 192.168.88.20 for 600 seconds
I/LatinIme(  924): abortComposing()
I/LatinMotionHandler(  924): consumeEvent() : GestureTypingEnabled = true
D/ConnectivityService(  469): NetworkAgentInfo [WIFI () - 101] EVENT_NETWORK_INFO_CHANGED, going from CONNECTED to CONNECTING
D/ConnectivityService(  469): NetworkAgentInfo [WIFI () - 101] EVENT_NETWORK_INFO_CHANGED, going from CONNECTING to CONNECTED
E/WifiStateMachine(  469): WifiStateMachine: Leaving Connected state
I/LatinIme(  924): abortComposing()
I/LatinIme(  924): onDeactivate()
I/ClearcutLoggerManager(  924): onFinishInput()
W/IInputConnectionWrapper( 9734): showStatusIcon on inactive InputConnection
W/ResourceType(  704): No package identifier when getting value for resource number 0x00000000
W/PackageManager(  704): Failure retrieving resources for com.muzima: Resource ID #0x0
W/OpenGLRenderer( 1054): Incorrectly called buildLayer on View: ShortcutAndWidgetContainer, destroying layer...
I/ActivityManager(  469): START u0 {act=android.intent.action.MAIN cat=[android.intent.category.LAUNCHER] flg=0x10200000 cmp=com.muzima/.view.MainActivity (has extras)} from uid 10014 on display 0
V/WindowManager(  469): addAppToken: AppWindowToken{80a4b51 token=Token{1733b878 ActivityRecord{3ced95db u0 com.muzima/.view.MainActivity t77}}} to stack=1 task=77 at 0
V/WindowManager(  469): Adding window Window{20111e90 u0 Starting com.muzima} at 3 of 14 (after Window{ddc000d u0 com.android.launcher/com.android.launcher2.Launcher})
I/Disclaimer( 9734): Disclaimer is accepted: true
V/WindowManager(  469): Adding window Window{3e643f8e u0 com.muzima/com.muzima.view.MainActivity} at 3 of 15 (before Window{20111e90 u0 Starting com.muzima})
I/ActivityManager(  469): Displayed com.muzima/.view.MainActivity: +241ms
W/art     ( 9734): Before Android 4.1, method int android.support.v7.internal.widget.ListViewCompat.lookForSelectablePosition(int, boolean) would have incorrectly overridden the package-private method in android.widget.ListView
V/WindowManager(  469): Adding window Window{1afcb266 u0 PopupWindow:30ee91d} at 4 of 16 (after Window{3e643f8e u0 com.muzima/com.muzima.view.MainActivity})
I/ActivityManager(  469): START u0 {cmp=com.muzima/.view.HelpActivity} from uid 10085 on display 0
V/WindowManager(  469): addAppToken: AppWindowToken{2233c943 token=Token{118ef2 ActivityRecord{2a7f31fd u0 com.muzima/.view.HelpActivity t77}}} to stack=1 task=77 at 1
V/WindowManager(  469): Adding window Window{2325a83e u0 com.muzima/com.muzima.view.HelpActivity} at 5 of 17 (after Window{1afcb266 u0 PopupWindow:30ee91d EXITING})
I/ActivityManager(  469): Displayed com.muzima/.view.HelpActivity: +161ms
D/TaskPersister(  469): removeObsoleteFile: deleting file=76_task.xml
D/TaskPersister(  469): removeObsoleteFile: deleting file=76_task_thumbnail.png
I/ClearcutLoggerManager(  924): flushAndDisconnect()
I/ClearcutLoggerManager(  924): flushAndDisconnect() : Success = true : Time = 4
E/WifiStateMachine(  469): WifiStateMachine CMD_START_SCAN source -2 txSuccessRate=1.22 rxSuccessRate=3.64 targetRoamBSSID=00:00:00:00:00:00 RSSI=-59
E/WifiStateMachine(  469): WifiStateMachine L2Connected CMD_START_SCAN source -2 434, 435 -> obsolete
I/GrammarCompilationSvcCt( 9471): #startService for null, APP_NAMES.
E/WifiStateMachine(  469): WifiStateMachine CMD_START_SCAN source -2 txSuccessRate=0.15 rxSuccessRate=1.45 targetRoamBSSID=00:00:00:00:00:00 RSSI=-57
I/ContextCompilationHandl( 9471): Compiling grammar for: en-US, type=APP_NAMES
I/Icing   ( 1541): Usage reports 0 indexed 0 rejected 0 imm upload true
I/Icing   ( 1541): Usage reports 0 indexed 0 rejected 0 imm upload true
W/IcingInternalCorpora( 1541): getNumBytesRead when not calculated.
I/Icing   ( 1541): Query from com.google.android.googlequicksearchbox package restrict com.google.android.googlequicksearchbox start 0 num 1000
W/ThreadPoolDumper( 9471): Task d[maybeDisconnect] was queued for 1225ms before starting on executor IcingConnectionExecutor
I/GsaNativeCrashHandler( 9471): Loaded shared library: nativecrashreporter
I/art     ( 9734): Debugger is no longer active
D/MtpService(  670): updating state; isCurrentUser=true, mMtpLocked=false
D/MtpService(  670): addStorageLocked 65537 /storage/emulated/0
D/MtpService(  670): updating state; isCurrentUser=true, mMtpLocked=false
D/MtpService(  670): starting MTP server in MTP mode
D/MtpService(  670): addStorageLocked 65537 /storage/emulated/0
D/UsbDebuggingManager(  469): Received public key: QAAAAAdt+hJJj9ByjGBZmkpGT9YSsQLhl4HyKRN25l+l9cOYh8MyjrHQZir0fY58Gch4yZiaEyjPzQkyBjl3nHIfIVDI26esymUHwGESEO2ONkQOCOTa4j8uNrNMG872wp/qPCukavjlGajVdVOgEzEsEx0FIWx23972+A9PyrCXPgblAvSqWG976+4fjD+90+ELAVwp9vzO8OsXP6MuzOzHVW2wjmbmHYqhfbAZiULLh0tAEqF+YJ+BZa1NBbhf+Ea2NNeMQ5uH+mJxviP+wds9OdDz7G8/Dh3KlH5rSGZGt5q7VWMpYK2XpX488ePRZx9R4h+hG3sE2s5hfV75OnqTocgfqZvSVwKEEAOGUFx1QeurW9zYL1PlZc2soM6cd68qKfBH/f7CZPldBa0q31k0yW5ht/aMOScdMtQA8/OZ5jYmGMXdceg/UUbvLugBGGHvvumShcB9n6iynlDFlS865EgIhMrwZqE9jkn7hN8Jov9ft1USP/jEaH7ot5S1y2Gqx+WyBYYXuM0t2GShPp2VTJmUhpwzbcechENFep/udkGrbtE/maXmGVyIexN592Y9BZZraCClbWY/T9/MpsDU4S1JHKHLEUgtseXlS2KwEMdO6k33xsKksla7prNuANM5r7lThnzawJCfA1jIUve0R2JMVk5euDeBAfn7TCLSwt7rWOA3RgEAAQA= root@Aspire-E1-570
W/ContextImpl(  469): Calling a method in the system process without a qualified user: android.app.ContextImpl.startActivity:1224 com.android.server.usb.UsbDebuggingManager.startConfirmationActivity:282 com.android.server.usb.UsbDebuggingManager.startConfirmation:264 com.android.server.usb.UsbDebuggingManager.access$900:49 com.android.server.usb.UsbDebuggingManager$UsbDebuggingHandler.handleMessage:216 
W/ContextImpl(  469): Calling a method in the system process without a qualified user: android.app.ContextImpl.startActivity:1236 android.app.ContextImpl.startActivity:1225 com.android.server.usb.UsbDebuggingManager.startConfirmationActivity:282 com.android.server.usb.UsbDebuggingManager.startConfirmation:264 com.android.server.usb.UsbDebuggingManager.access$900:49 
I/ActivityManager(  469): START u0 {flg=0x10000000 cmp=com.android.systemui/.usb.UsbDebuggingActivity (has extras)} from uid 1000 on display 0
V/WindowManager(  469): addAppToken: AppWindowToken{a824276 token=Token{30243111 ActivityRecord{37129d38 u0 com.android.systemui/.usb.UsbDebuggingActivity t78}}} to stack=1 task=78 at 0
V/WindowManager(  469): Adding window Window{f9b9d13 u0 com.android.systemui/com.android.systemui.usb.UsbDebuggingActivity} at 5 of 16 (after Window{2325a83e u0 com.muzima/com.muzima.view.HelpActivity})
I/ActivityManager(  469): Displayed com.android.systemui/.usb.UsbDebuggingActivity: +321ms
W/ResourceType(  704): No package identifier when getting value for resource number 0x00000000
W/PackageManager(  704): Failure retrieving resources for com.muzima: Resource ID #0x0
W/InputMethodManagerService(  469): Window already focused, ignoring focus gain of: com.android.internal.view.IInputMethodClient$Stub$Proxy@3df5c7c attribute=null, token = android.os.BinderProxy@2491f0f9
D/OpenGLRenderer(  704): endAllStagingAnimators on 0x6b425008 (RippleDrawable) with handle 0x6c44bdf8
E/WifiStateMachine(  469): WifiStateMachine CMD_START_SCAN source -2 txSuccessRate=0.06 rxSuccessRate=4.79 targetRoamBSSID=00:00:00:00:00:00 RSSI=-66
E/WifiStateMachine(  469): WifiStateMachine starting scan for "Marisa A"WPA_PSK with 2437,2462
I/DownloadManagerWrapper(  924): onReceive() : Charging = true
E/WifiStateMachine(  469): WifiStateMachine CMD_START_SCAN source -2 txSuccessRate=0.00 rxSuccessRate=3.32 targetRoamBSSID=00:00:00:00:00:00 RSSI=-68
E/WifiStateMachine(  469): WifiStateMachine starting scan for "Marisa A"WPA_PSK with 2437,2462
D/ConnectivityService(  469): updateNetworkScore for NetworkAgentInfo [WIFI () - 101] to 57
D/ConnectivityService(  469): rematching NetworkAgentInfo [WIFI () - 101]
D/ConnectivityService(  469): Network NetworkAgentInfo [WIFI () - 101] was already satisfying request 1. No change.
D/ConnectivityService(  469): notifyType AVAILABLE for NetworkAgentInfo [WIFI () - 101]
D/ConnectivityManager.CallbackHandler(  704): CM callback handler got msg 524290
D/ConnectivityManager.CallbackHandler( 1541): CM callback handler got msg 524290
D/ConnectivityManager.CallbackHandler(16598): CM callback handler got msg 524290
E/WifiStateMachine(  469): WifiStateMachine CMD_START_SCAN source -2 txSuccessRate=0.64 rxSuccessRate=2.64 targetRoamBSSID=00:00:00:00:00:00 RSSI=-67
E/WifiStateMachine(  469): WifiStateMachine starting scan for "Marisa A"WPA_PSK with 2437,2462
E/WifiStateMachine(  469): WifiStateMachine CMD_START_SCAN source -2 txSuccessRate=0.02 rxSuccessRate=2.34 targetRoamBSSID=00:00:00:00:00:00 RSSI=-65
E/WifiStateMachine(  469): WifiStateMachine starting scan for "Marisa A"WPA_PSK with 2437,2462
D/ConnectivityService(  469): updateNetworkScore for NetworkAgentInfo [WIFI () - 101] to 60
D/ConnectivityService(  469): rematching NetworkAgentInfo [WIFI () - 101]
D/ConnectivityService(  469): Network NetworkAgentInfo [WIFI () - 101] was already satisfying request 1. No change.
D/ConnectivityService(  469): notifyType AVAILABLE for NetworkAgentInfo [WIFI () - 101]
D/ConnectivityManager.CallbackHandler(  704): CM callback handler got msg 524290
D/ConnectivityManager.CallbackHandler( 1541): CM callback handler got msg 524290
D/ConnectivityManager.CallbackHandler(16598): CM callback handler got msg 524290
I/DownloadManagerWrapper(  924): onReceive() : Charging = true
E/WifiStateMachine(  469): WifiStateMachine CMD_START_SCAN source -2 txSuccessRate=0.00 rxSuccessRate=3.91 targetRoamBSSID=00:00:00:00:00:00 RSSI=-66
E/WifiStateMachine(  469): WifiStateMachine starting scan for "Marisa A"WPA_PSK with 2437,2462
W/ProcessCpuTracker(  469): Skipping unknown process pid 10159
W/ProcessCpuTracker(  469): Skipping unknown process pid 10161
W/ProcessCpuTracker(  469): Skipping unknown process pid 10162
E/WifiStateMachine(  469): WifiStateMachine CMD_START_SCAN source -2 txSuccessRate=0.00 rxSuccessRate=1.05 targetRoamBSSID=00:00:00:00:00:00 RSSI=-65
I/art     (16598): Background sticky concurrent mark sweep GC freed 105292(4MB) AllocSpace objects, 15(240KB) LOS objects, 13% free, 30MB/35MB, paused 5.046ms total 111.527ms
I/PowerManagerService(  469): Going to sleep due to screen timeout (uid 1000)...
I/PowerManagerService(  469): Sleeping (uid 1000)...
E/WifiStateMachine(  469): cancelDelayedScan -> 443
E/native  (  469): do suspend true
I/GoogleInputMethod(  924): onReceive() : Action = android.intent.action.SCREEN_OFF
I/DisplayManagerService(  469): Display device changed: DisplayDeviceInfo{"Built-in Screen": uniqueId="local:0", 800 x 1280, 60.000004 fps, supportedRefreshRates [60.000004], density 213, 213.0 x 213.0 dpi, appVsyncOff 0, presDeadline 17666666, touch INTERNAL, rotation 0, type BUILT_IN, state OFF, FLAG_DEFAULT_DISPLAY, FLAG_ROTATES_WITH_CONTENT, FLAG_SECURE, FLAG_SUPPORTS_PROTECTED_BUFFERS}
V/ActivityManager(  469): Display changed displayId=0
D/SurfaceFlinger(  118): Set power mode=0, type=0 flinger=0x40846008
D/hwcomposer(  118): hwc_blank: display 0: blank
D/hwcomposer(  118): hwc_blank_display: display 0: [0 -> 1]
D/hwcomposer(  118): hwc_blank_display: releasing buffer 0x2a
D/hwcomposer(  118): dc_blank: display 0, [0 -> 1]
D/PhoneStatusBar(  704): disable: < expand ICONS* alerts SYSTEM_INFO* back home recent clock search >
D/BluetoothAdapter(  704): 169074843: getState() :  mService = null. Returning STATE_OFF
D/BluetoothAdapter(  704): 169074843: getState() :  mService = null. Returning STATE_OFF
D/BluetoothAdapter(  704): 169074843: getState() :  mService = null. Returning STATE_OFF
D/BluetoothAdapter(  704): 169074843: getState() :  mService = null. Returning STATE_OFF
D/PhoneStatusBar(  704): disable: < expand ICONS alerts SYSTEM_INFO back HOME* RECENT* clock SEARCH* >
I/PowerManagerService(  469): Waking up from sleep (uid 1000)...
V/KeyguardServiceDelegate(  469): onScreenTurnedOn(showListener = com.android.internal.policy.impl.PhoneWindowManager$2@1c25eec0)
I/DisplayPowerController(  469): Blocking screen on until initial contents have been drawn.
E/WifiStateMachine(  469): cancelDelayedScan -> 444
E/native  (  469): do suspend false
E/WifiStateMachine(  469): WifiStateMachine CMD_START_SCAN source -2 txSuccessRate=0.00 rxSuccessRate=0.00 targetRoamBSSID=00:00:00:00:00:00 RSSI=-67
E/WifiStateMachine(  469): WifiStateMachine L2Connected CMD_START_SCAN source -2 442, 445 -> obsolete
D/PowerManagerService-JNI(  469): Excessive delay in autosuspend_disable() while turning screen on: 260ms
D/SurfaceFlinger(  118): Set power mode=2, type=0 flinger=0x40846008
D/hwcomposer(  118): hwc_blank: display 0: unblank
D/hwcomposer(  118): hwc_blank_display: display 0: [1 -> 0]
D/hwcomposer(  118): Display 0 is 800 x 1280
D/hwcomposer(  118): dc_blank: display 0, [1 -> 0]
I/DisplayManagerService(  469): Display device changed: DisplayDeviceInfo{"Built-in Screen": uniqueId="local:0", 800 x 1280, 60.000004 fps, supportedRefreshRates [60.000004], density 213, 213.0 x 213.0 dpi, appVsyncOff 0, presDeadline 17666666, touch INTERNAL, rotation 0, type BUILT_IN, state ON, FLAG_DEFAULT_DISPLAY, FLAG_ROTATES_WITH_CONTENT, FLAG_SECURE, FLAG_SUPPORTS_PROTECTED_BUFFERS}
V/KeyguardServiceDelegate(  469): **** SHOWN CALLED ****
V/ActivityManager(  469): Display changed displayId=0
I/DisplayPowerController(  469): Unblocked screen on after 280 ms
D/NfcService(  999): Discovery configuration equal, not updating.
E/WifiStateMachine(  469): WifiStateMachine CMD_START_SCAN source -2 txSuccessRate=0.00 rxSuccessRate=0.00 targetRoamBSSID=00:00:00:00:00:00 RSSI=-67
D/PhoneStatusBar(  704): disable: < expand ICONS alerts SYSTEM_INFO back HOME RECENT clock SEARCH >
D/PhoneStatusBar(  704): disable: < expand icons* alerts system_info* back HOME RECENT clock SEARCH >
D/BluetoothAdapter(  704): 169074843: getState() :  mService = null. Returning STATE_OFF
D/BluetoothAdapter(  704): 169074843: getState() :  mService = null. Returning STATE_OFF
W/InputMethodManagerService(  469): Window already focused, ignoring focus gain of: com.android.internal.view.IInputMethodClient$Stub$Proxy@b897657 attribute=android.view.inputmethod.EditorInfo@29e01544, token = android.os.BinderProxy@2491f0f9
D/PhoneStatusBar(  704): disable: < expand icons alerts system_info back home* recent* clock search* >
I/CryptAuthSync( 1541): [DeviceStateSyncManager] The server is in sync with current state. Nothing to do
I/DownloadManagerWrapper(  924): onReceive() : Charging = true
E/WifiStateMachine(  469): WifiStateMachine CMD_START_SCAN source -2 txSuccessRate=0.00 rxSuccessRate=8.14 targetRoamBSSID=00:00:00:00:00:00 RSSI=-63
E/WifiStateMachine(  469): WifiStateMachine starting scan for "Marisa A"WPA_PSK with 2437,2462
I/ProcessStatsService(  469): Prepared write state in 3ms
D/AndroidRuntime(10324): >>>>>> START com.android.internal.os.RuntimeInit uid 2000 <<<<<<
D/AndroidRuntime(10324): CheckJNI is OFF
E/memtrack(10324): Couldn't load memtrack module (No such file or directory)
E/android.os.Debug(10324): failed to load memtrack module: -2
D/AndroidRuntime(10324): Calling main entry com.android.commands.am.Am
D/AndroidRuntime(10324): Shutting down VM
I/art     (10324): Debugger is no longer active
D/AndroidRuntime(10340): >>>>>> START com.android.internal.os.RuntimeInit uid 2000 <<<<<<
D/AndroidRuntime(10340): CheckJNI is OFF
E/memtrack(10340): Couldn't load memtrack module (No such file or directory)
E/android.os.Debug(10340): failed to load memtrack module: -2
D/AndroidRuntime(10340): Calling main entry com.android.commands.pm.Pm
I/art     (10340): System.exit called, status: 0
I/AndroidRuntime(10340): VM exiting with result code 0.
W/sh      (10355): type=1400 audit(0.0:88): avc: denied { ioctl } for path="socket:[131278]" dev=sockfs ino=131278 scontext=u:r:shell:s0 tcontext=u:r:adbd:s0 tclass=unix_stream_socket
W/sh      (10355): type=1400 audit(0.0:89): avc: denied { ioctl } for path="socket:[131278]" dev=sockfs ino=131278 scontext=u:r:shell:s0 tcontext=u:r:adbd:s0 tclass=unix_stream_socket
W/sh      (10355): type=1400 audit(0.0:90): avc: denied { ioctl } for path="socket:[131278]" dev=sockfs ino=131278 scontext=u:r:shell:s0 tcontext=u:r:adbd:s0 tclass=unix_stream_socket
